Archive member included to satisfy reference by file (symbol)

c:/progra~2/gnuarm~1/102021~1.10/bin/../lib/gcc/arm-none-eabi/10.3.1/thumb/v6-m/nofp\libgcc.a(_dvmd_tls.o)
                              CMakeFiles/push.dir/C_/Pico/pico-sdk/src/rp2_common/pico_divider/divider.S.obj (__aeabi_idiv0)
c:/progra~2/gnuarm~1/102021~1.10/bin/../lib/gcc/arm-none-eabi/10.3.1/../../../../arm-none-eabi/lib/thumb/v6-m/nofp\libg.a(lib_a-calloc.o)
                              CMakeFiles/push.dir/C_/Pico/pico-sdk/src/rp2_common/pico_malloc/pico_malloc.c.obj (calloc)
c:/progra~2/gnuarm~1/102021~1.10/bin/../lib/gcc/arm-none-eabi/10.3.1/../../../../arm-none-eabi/lib/thumb/v6-m/nofp\libg.a(lib_a-callocr.o)
                              c:/progra~2/gnuarm~1/102021~1.10/bin/../lib/gcc/arm-none-eabi/10.3.1/../../../../arm-none-eabi/lib/thumb/v6-m/nofp\libg.a(lib_a-calloc.o) (_calloc_r)
c:/progra~2/gnuarm~1/102021~1.10/bin/../lib/gcc/arm-none-eabi/10.3.1/../../../../arm-none-eabi/lib/thumb/v6-m/nofp\libg.a(lib_a-ctype_.o)
                              CMakeFiles/push.dir/C_/Pico/pico-sdk/lib/tinyusb/src/tusb.c.obj (_ctype_)
c:/progra~2/gnuarm~1/102021~1.10/bin/../lib/gcc/arm-none-eabi/10.3.1/../../../../arm-none-eabi/lib/thumb/v6-m/nofp\libg.a(lib_a-errno.o)
                              c:/progra~2/gnuarm~1/102021~1.10/bin/../lib/gcc/arm-none-eabi/10.3.1/../../../../arm-none-eabi/lib/thumb/v6-m/nofp\libg.a(lib_a-callocr.o) (__errno)
c:/progra~2/gnuarm~1/102021~1.10/bin/../lib/gcc/arm-none-eabi/10.3.1/../../../../arm-none-eabi/lib/thumb/v6-m/nofp\libg.a(lib_a-impure.o)
                              c:/progra~2/gnuarm~1/102021~1.10/bin/../lib/gcc/arm-none-eabi/10.3.1/../../../../arm-none-eabi/lib/thumb/v6-m/nofp\libg.a(lib_a-calloc.o) (_impure_ptr)
c:/progra~2/gnuarm~1/102021~1.10/bin/../lib/gcc/arm-none-eabi/10.3.1/../../../../arm-none-eabi/lib/thumb/v6-m/nofp\libg.a(lib_a-init.o)
                              c:/progra~2/gnuarm~1/102021~1.10/bin/../lib/gcc/arm-none-eabi/10.3.1/../../../../arm-none-eabi/lib/thumb/v6-m/nofp/crt0.o (__libc_init_array)
c:/progra~2/gnuarm~1/102021~1.10/bin/../lib/gcc/arm-none-eabi/10.3.1/../../../../arm-none-eabi/lib/thumb/v6-m/nofp\libg.a(lib_a-malloc.o)
                              CMakeFiles/push.dir/C_/Pico/pico-sdk/src/rp2_common/pico_malloc/pico_malloc.c.obj (malloc)
c:/progra~2/gnuarm~1/102021~1.10/bin/../lib/gcc/arm-none-eabi/10.3.1/../../../../arm-none-eabi/lib/thumb/v6-m/nofp\libg.a(lib_a-mallocr.o)
                              c:/progra~2/gnuarm~1/102021~1.10/bin/../lib/gcc/arm-none-eabi/10.3.1/../../../../arm-none-eabi/lib/thumb/v6-m/nofp\libg.a(lib_a-callocr.o) (_malloc_r)
c:/progra~2/gnuarm~1/102021~1.10/bin/../lib/gcc/arm-none-eabi/10.3.1/../../../../arm-none-eabi/lib/thumb/v6-m/nofp\libg.a(lib_a-mlock.o)
                              c:/progra~2/gnuarm~1/102021~1.10/bin/../lib/gcc/arm-none-eabi/10.3.1/../../../../arm-none-eabi/lib/thumb/v6-m/nofp\libg.a(lib_a-mallocr.o) (__malloc_lock)
c:/progra~2/gnuarm~1/102021~1.10/bin/../lib/gcc/arm-none-eabi/10.3.1/../../../../arm-none-eabi/lib/thumb/v6-m/nofp\libg.a(lib_a-sbrkr.o)
                              c:/progra~2/gnuarm~1/102021~1.10/bin/../lib/gcc/arm-none-eabi/10.3.1/../../../../arm-none-eabi/lib/thumb/v6-m/nofp\libg.a(lib_a-mallocr.o) (_sbrk_r)
c:/progra~2/gnuarm~1/102021~1.10/bin/../lib/gcc/arm-none-eabi/10.3.1/../../../../arm-none-eabi/lib/thumb/v6-m/nofp\libg.a(lib_a-strlen-stub.o)
                              CMakeFiles/push.dir/C_/Pico/pico-sdk/src/rp2_common/pico_stdio/stdio.c.obj (strlen)
c:/progra~2/gnuarm~1/102021~1.10/bin/../lib/gcc/arm-none-eabi/10.3.1/../../../../arm-none-eabi/lib/thumb/v6-m/nofp\libg.a(lib_a-freer.o)
                              c:/progra~2/gnuarm~1/102021~1.10/bin/../lib/gcc/arm-none-eabi/10.3.1/../../../../arm-none-eabi/lib/thumb/v6-m/nofp\libg.a(lib_a-malloc.o) (_free_r)
c:/progra~2/gnuarm~1/102021~1.10/bin/../lib/gcc/arm-none-eabi/10.3.1/../../../../arm-none-eabi/lib/thumb/v6-m/nofp\libg.a(lib_a-lock.o)
                              c:/progra~2/gnuarm~1/102021~1.10/bin/../lib/gcc/arm-none-eabi/10.3.1/../../../../arm-none-eabi/lib/thumb/v6-m/nofp\libg.a(lib_a-mlock.o) (__retarget_lock_acquire_recursive)
c:/progra~2/gnuarm~1/102021~1.10/bin/../lib/gcc/arm-none-eabi/10.3.1/../../../../arm-none-eabi/lib/thumb/v6-m/nofp\libg.a(lib_a-reent.o)
                              c:/progra~2/gnuarm~1/102021~1.10/bin/../lib/gcc/arm-none-eabi/10.3.1/../../../../arm-none-eabi/lib/thumb/v6-m/nofp\libg.a(lib_a-sbrkr.o) (errno)

Discarded input sections

 .text          0x00000000        0x0 c:/progra~2/gnuarm~1/102021~1.10/bin/../lib/gcc/arm-none-eabi/10.3.1/thumb/v6-m/nofp/crti.o
 .data          0x00000000        0x0 c:/progra~2/gnuarm~1/102021~1.10/bin/../lib/gcc/arm-none-eabi/10.3.1/thumb/v6-m/nofp/crti.o
 .bss           0x00000000        0x0 c:/progra~2/gnuarm~1/102021~1.10/bin/../lib/gcc/arm-none-eabi/10.3.1/thumb/v6-m/nofp/crti.o
[...]
Memory Configuration

Name             Origin             Length             Attributes
FLASH            0x10000000         0x00200000         xr
RAM              0x20000000         0x00040000         xrw
SCRATCH_X        0x20040000         0x00001000         xrw
SCRATCH_Y        0x20041000         0x00001000         xrw
*default*        0x00000000         0xffffffff

Linker script and memory map

LOAD c:/progra~2/gnuarm~1/102021~1.10/bin/../lib/gcc/arm-none-eabi/10.3.1/thumb/v6-m/nofp/crti.o
LOAD c:/progra~2/gnuarm~1/102021~1.10/bin/../lib/gcc/arm-none-eabi/10.3.1/thumb/v6-m/nofp/crtbegin.o
LOAD c:/progra~2/gnuarm~1/102021~1.10/bin/../lib/gcc/arm-none-eabi/10.3.1/../../../../arm-none-eabi/lib/thumb/v6-m/nofp/crt0.o

.flash_begin    0x10000000        0x0
                0x10000000                __flash_binary_start = .

.boot2          0x10000000      0x100
                0x10000000                __boot2_start__ = .
 *(.boot2)
 .boot2         0x10000000      0x100 C:\Users\sbake\AppData\Local\Temp\ccCc9nnY.o
                0x10000100                __boot2_end__ = .
                0x00000001                ASSERT (((__boot2_end__ - __boot2_start__) == 0x100), ERROR: Pico second stage bootloader must be 256 bytes in size)

.text           0x10000100     0x7328
                0x10000100                __logical_binary_start = .
 *(.vectors)
 .vectors       0x10000100       0xd4 CMakeFiles/push.dir/C_/Pico/pico-sdk/src/rp2_common/pico_standard_link/crt0.S.obj
                0x10000100                __VECTOR_TABLE
                0x10000100                __vectors
                0x100001c0                isr_invalid
                0x100001c0                __default_isrs_start
                0x100001c2                isr_nmi
                0x100001c4                isr_hardfault
                0x100001c6                isr_svcall
                0x100001c8                isr_pendsv
                0x100001ca                isr_systick
                0x100001cc                isr_irq23
                0x100001cc                isr_irq18
                0x100001cc                isr_irq11
                0x100001cc                isr_irq28
                0x100001cc                isr_irq19
                0x100001cc                isr_irq0
                0x100001cc                isr_irq6
                0x100001cc                isr_irq5
                0x100001cc                isr_irq12
                0x100001cc                isr_irq22
                0x100001cc                isr_irq31
                0x100001cc                isr_irq17
                0x100001cc                isr_irq27
                0x100001cc                isr_irq30
                0x100001cc                isr_irq2
                0x100001cc                isr_irq10
                0x100001cc                isr_irq8
                0x100001cc                isr_irq24
                0x100001cc                isr_irq1
                0x100001cc                isr_irq7
                0x100001cc                isr_irq21
                0x100001cc                isr_irq20
                0x100001cc                isr_irq15
                0x100001cc                isr_irq25
                0x100001cc                isr_irq13
                0x100001cc                __unhandled_user_irq
                0x100001cc                isr_irq4
                0x100001cc                isr_irq16
                0x100001cc                isr_irq29
                0x100001cc                isr_irq26
                0x100001cc                __default_isrs_end
                0x100001cc                isr_irq3
                0x100001cc                isr_irq14
                0x100001cc                isr_irq9
                0x100001d2                unhandled_user_irq_num_in_r0
 *(.binary_info_header)
 .binary_info_header
                0x100001d4       0x14 CMakeFiles/push.dir/C_/Pico/pico-sdk/src/rp2_common/pico_standard_link/crt0.S.obj
                0x100001e8                __binary_info_header_end = .
 *(.reset)
 .reset         0x100001e8       0xa8 CMakeFiles/push.dir/C_/Pico/pico-sdk/src/rp2_common/pico_standard_link/crt0.S.obj
                0x100001e8                _entry_point
                0x10000266                __get_current_exception
 .reset         0x10000290       0x30 CMakeFiles/push.dir/C_/Pico/pico-sdk/src/rp2_common/pico_standard_link/binary_info.c.obj
 *(.init)
 .init          0x100002c0        0x4 c:/progra~2/gnuarm~1/102021~1.10/bin/../lib/gcc/arm-none-eabi/10.3.1/thumb/v6-m/nofp/crti.o
                0x100002c0                _init
 *(EXCLUDE_FILE(*libm.a: *libc.a:*lib_a-mem*.o *libgcc.a:) .text*)
 .text          0x100002c4       0x48 c:/progra~2/gnuarm~1/102021~1.10/bin/../lib/gcc/arm-none-eabi/10.3.1/thumb/v6-m/nofp/crtbegin.o
 .text.motorPinInit
                0x1000030c       0x48 CMakeFiles/push.dir/push.c.obj
                0x1000030c                motorPinInit
 .text.ultrasonicSensorPinInit
                0x10000354       0x64 CMakeFiles/push.dir/push.c.obj
                0x10000354                ultrasonicSensorPinInit
 .text.startUp  0x100003b8       0x42 CMakeFiles/push.dir/push.c.obj
                0x100003b8                startUp
 .text.forwards
                0x100003fa       0x1e CMakeFiles/push.dir/push.c.obj
                0x100003fa                forwards
 .text.turn_right
                0x10000418       0x1e CMakeFiles/push.dir/push.c.obj
                0x10000418                turn_right
 .text.turn_left
                0x10000436       0x1e CMakeFiles/push.dir/push.c.obj
                0x10000436                turn_left
 .text.secondCoreCode
                0x10000454       0x54 CMakeFiles/push.dir/push.c.obj
                0x10000454                secondCoreCode
 .text.main     0x100004a8       0x70 CMakeFiles/push.dir/push.c.obj
                0x100004a8                main
 .text.set_sys_clock_pll
                0x10000518       0x78 CMakeFiles/push.dir/C_/Pico/pico-sdk/src/rp2_common/pico_stdlib/stdlib.c.obj
                0x10000518                set_sys_clock_pll
 .text.check_sys_clock_khz
                0x10000590       0xb0 CMakeFiles/push.dir/C_/Pico/pico-sdk/src/rp2_common/pico_stdlib/stdlib.c.obj
                0x10000590                check_sys_clock_khz
 .text.gpio_set_function
                0x10000640       0x30 CMakeFiles/push.dir/C_/Pico/pico-sdk/src/rp2_common/hardware_gpio/gpio.c.obj
                0x10000640                gpio_set_function
 .text.gpio_init
                0x10000670       0x16 CMakeFiles/push.dir/C_/Pico/pico-sdk/src/rp2_common/hardware_gpio/gpio.c.obj
                0x10000670                gpio_init
 *fill*         0x10000686        0x2 
 .text.hw_claim_lock
                0x10000688       0x18 CMakeFiles/push.dir/C_/Pico/pico-sdk/src/rp2_common/hardware_claim/claim.c.obj
                0x10000688                hw_claim_lock
 .text.hw_claim_unlock
                0x100006a0       0x14 CMakeFiles/push.dir/C_/Pico/pico-sdk/src/rp2_common/hardware_claim/claim.c.obj
                0x100006a0                hw_claim_unlock
 .text.hw_claim_or_assert
                0x100006b4       0x32 CMakeFiles/push.dir/C_/Pico/pico-sdk/src/rp2_common/hardware_claim/claim.c.obj
                0x100006b4                hw_claim_or_assert
 .text.hw_claim_unused_from_range
                0x100006e6       0x50 CMakeFiles/push.dir/C_/Pico/pico-sdk/src/rp2_common/hardware_claim/claim.c.obj
                0x100006e6                hw_claim_unused_from_range
 *fill*         0x10000736        0x2 
 .text.running_on_fpga
                0x10000738       0x14 CMakeFiles/push.dir/C_/Pico/pico-sdk/src/rp2_common/pico_platform/platform.c.obj
                0x10000738                running_on_fpga
 .text.spin_locks_reset
                0x1000074c       0x20 CMakeFiles/push.dir/C_/Pico/pico-sdk/src/rp2_common/hardware_sync/sync.c.obj
                0x1000074c                spin_locks_reset
 .text.next_striped_spin_lock_num
                0x1000076c       0x1c CMakeFiles/push.dir/C_/Pico/pico-sdk/src/rp2_common/hardware_sync/sync.c.obj
                0x1000076c                next_striped_spin_lock_num
 .text.spin_lock_claim_unused
                0x10000788       0x20 CMakeFiles/push.dir/C_/Pico/pico-sdk/src/rp2_common/hardware_sync/sync.c.obj
                0x10000788                spin_lock_claim_unused
 .text.alarm_pool_post_alloc_init
                0x100007a8       0x40 CMakeFiles/push.dir/C_/Pico/pico-sdk/src/common/pico_time/time.c.obj
 .text.sleep_until_callback
                0x100007e8       0x30 CMakeFiles/push.dir/C_/Pico/pico-sdk/src/common/pico_time/time.c.obj
 .text.timer_pool_entry_comparator
                0x10000818       0x7c CMakeFiles/push.dir/C_/Pico/pico-sdk/src/common/pico_time/time.c.obj
                0x10000818                timer_pool_entry_comparator
 .text.ph_add_child_node
                0x10000894       0xa4 CMakeFiles/push.dir/C_/Pico/pico-sdk/src/common/pico_time/time.c.obj
 .text.ph_merge_nodes
                0x10000938       0x3e CMakeFiles/push.dir/C_/Pico/pico-sdk/src/common/pico_time/time.c.obj
 *fill*         0x10000976        0x2 
 .text.add_alarm_under_lock
                0x10000978      0x174 CMakeFiles/push.dir/C_/Pico/pico-sdk/src/common/pico_time/time.c.obj
 .text.alarm_pool_alarm_callback
                0x10000aec      0x328 CMakeFiles/push.dir/C_/Pico/pico-sdk/src/common/pico_time/time.c.obj
 .text.alarm_pool_init_default
                0x10000e14       0x38 CMakeFiles/push.dir/C_/Pico/pico-sdk/src/common/pico_time/time.c.obj
                0x10000e14                alarm_pool_init_default
 .text.alarm_pool_get_default
                0x10000e4c       0x2c CMakeFiles/push.dir/C_/Pico/pico-sdk/src/common/pico_time/time.c.obj
                0x10000e4c                alarm_pool_get_default
 .text.alarm_pool_add_alarm_at
                0x10000e78      0x170 CMakeFiles/push.dir/C_/Pico/pico-sdk/src/common/pico_time/time.c.obj
                0x10000e78                alarm_pool_add_alarm_at
 .text.alarm_pool_cancel_alarm
                0x10000fe8       0xec CMakeFiles/push.dir/C_/Pico/pico-sdk/src/common/pico_time/time.c.obj
                0x10000fe8                alarm_pool_cancel_alarm
 .text.sleep_until
                0x100010d4       0xfc CMakeFiles/push.dir/C_/Pico/pico-sdk/src/common/pico_time/time.c.obj
                0x100010d4                sleep_until
 .text.sleep_us
                0x100011d0       0x58 CMakeFiles/push.dir/C_/Pico/pico-sdk/src/common/pico_time/time.c.obj
                0x100011d0                sleep_us
 .text.sleep_ms
                0x10001228       0x14 CMakeFiles/push.dir/C_/Pico/pico-sdk/src/common/pico_time/time.c.obj
                0x10001228                sleep_ms
 .text.best_effort_wfe_or_timeout
                0x1000123c       0x80 CMakeFiles/push.dir/C_/Pico/pico-sdk/src/common/pico_time/time.c.obj
                0x1000123c                best_effort_wfe_or_timeout
 .text.hardware_alarm_irq_handler
                0x100012bc       0x8c CMakeFiles/push.dir/C_/Pico/pico-sdk/src/rp2_common/hardware_timer/timer.c.obj
 .text.hardware_alarm_claim
                0x10001348       0x18 CMakeFiles/push.dir/C_/Pico/pico-sdk/src/rp2_common/hardware_timer/timer.c.obj
                0x10001348                hardware_alarm_claim
 .text.time_us_64
                0x10001360       0x18 CMakeFiles/push.dir/C_/Pico/pico-sdk/src/rp2_common/hardware_timer/timer.c.obj
                0x10001360                time_us_64
 .text.busy_wait_until
                0x10001378       0x28 CMakeFiles/push.dir/C_/Pico/pico-sdk/src/rp2_common/hardware_timer/timer.c.obj
                0x10001378                busy_wait_until
 .text.hardware_alarm_set_callback
                0x100013a0       0x90 CMakeFiles/push.dir/C_/Pico/pico-sdk/src/rp2_common/hardware_timer/timer.c.obj
                0x100013a0                hardware_alarm_set_callback
 .text.hardware_alarm_set_target
                0x10001430       0xe8 CMakeFiles/push.dir/C_/Pico/pico-sdk/src/rp2_common/hardware_timer/timer.c.obj
                0x10001430                hardware_alarm_set_target
 .text.hardware_alarm_cancel
                0x10001518       0x40 CMakeFiles/push.dir/C_/Pico/pico-sdk/src/rp2_common/hardware_timer/timer.c.obj
                0x10001518                hardware_alarm_cancel
 .text.lock_init
                0x10001558       0x10 CMakeFiles/push.dir/C_/Pico/pico-sdk/src/common/pico_sync/lock_core.c.obj
                0x10001558                lock_init
 .text.mutex_init_internal
                0x10001568       0x1e CMakeFiles/push.dir/C_/Pico/pico-sdk/src/common/pico_sync/mutex.c.obj
 .text.mutex_init
                0x10001586        0xa CMakeFiles/push.dir/C_/Pico/pico-sdk/src/common/pico_sync/mutex.c.obj
                0x10001586                mutex_init
 .text.recursive_mutex_init
                0x10001590        0xa CMakeFiles/push.dir/C_/Pico/pico-sdk/src/common/pico_sync/mutex.c.obj
                0x10001590                recursive_mutex_init
 *fill*         0x1000159a        0x2 
 .text.critical_section_init_with_lock_num
                0x1000159c       0x14 CMakeFiles/push.dir/C_/Pico/pico-sdk/src/common/pico_sync/critical_section.c.obj
                0x1000159c                critical_section_init_with_lock_num
 .text.critical_section_init
                0x100015b0       0x14 CMakeFiles/push.dir/C_/Pico/pico-sdk/src/common/pico_sync/critical_section.c.obj
                0x100015b0                critical_section_init
 .text.ph_add_child_node
                0x100015c4       0xa4 CMakeFiles/push.dir/C_/Pico/pico-sdk/src/common/pico_util/pheap.c.obj
 .text.ph_merge_nodes
                0x10001668       0x3e CMakeFiles/push.dir/C_/Pico/pico-sdk/src/common/pico_util/pheap.c.obj
 *fill*         0x100016a6        0x2 
 .text.ph_clear
                0x100016a8       0x70 CMakeFiles/push.dir/C_/Pico/pico-sdk/src/common/pico_util/pheap.c.obj
                0x100016a8                ph_clear
 .text.ph_post_alloc_init
                0x10001718        0xe CMakeFiles/push.dir/C_/Pico/pico-sdk/src/common/pico_util/pheap.c.obj
                0x10001718                ph_post_alloc_init
 *fill*         0x10001726        0x2 
 .text.ph_merge_two_pass
                0x10001728       0xa8 CMakeFiles/push.dir/C_/Pico/pico-sdk/src/common/pico_util/pheap.c.obj
                0x10001728                ph_merge_two_pass
 .text.ph_remove_any_head
                0x100017d0      0x108 CMakeFiles/push.dir/C_/Pico/pico-sdk/src/common/pico_util/pheap.c.obj
 .text.ph_remove_head
                0x100018d8       0x14 CMakeFiles/push.dir/C_/Pico/pico-sdk/src/common/pico_util/pheap.c.obj
                0x100018d8                ph_remove_head
 .text.ph_remove_and_free_node
                0x100018ec       0xf8 CMakeFiles/push.dir/C_/Pico/pico-sdk/src/common/pico_util/pheap.c.obj
                0x100018ec                ph_remove_and_free_node
 .text.runtime_init
                0x100019e4       0xd8 CMakeFiles/push.dir/C_/Pico/pico-sdk/src/rp2_common/pico_runtime/runtime.c.obj
                0x100019e4                runtime_init
 .text._exit    0x10001abc        0x4 CMakeFiles/push.dir/C_/Pico/pico-sdk/src/rp2_common/pico_runtime/runtime.c.obj
                0x10001abc                _exit
 .text.exit     0x10001ac0        0x6 CMakeFiles/push.dir/C_/Pico/pico-sdk/src/rp2_common/pico_runtime/runtime.c.obj
                0x10001ac0                exit
 *fill*         0x10001ac6        0x2 
 .text.__assert_func
                0x10001ac8       0x3c CMakeFiles/push.dir/C_/Pico/pico-sdk/src/rp2_common/pico_runtime/runtime.c.obj
                0x10001ac8                __assert_func
 .text.panic    0x10001b04       0x30 CMakeFiles/push.dir/C_/Pico/pico-sdk/src/rp2_common/pico_runtime/runtime.c.obj
                0x10001b04                panic
 .text.clock_configure
                0x10001b34      0x104 CMakeFiles/push.dir/C_/Pico/pico-sdk/src/rp2_common/hardware_clocks/clocks.c.obj
                0x10001b34                clock_configure
 .text.clocks_init
                0x10001c38      0x100 CMakeFiles/push.dir/C_/Pico/pico-sdk/src/rp2_common/hardware_clocks/clocks.c.obj
                0x10001c38                clocks_init
 .text.clock_get_hz
                0x10001d38        0xc CMakeFiles/push.dir/C_/Pico/pico-sdk/src/rp2_common/hardware_clocks/clocks.c.obj
                0x10001d38                clock_get_hz
 .text.set_raw_irq_handler_and_unlock
                0x10001d44       0x28 CMakeFiles/push.dir/C_/Pico/pico-sdk/src/rp2_common/hardware_irq/irq.c.obj
 .text.make_branch
                0x10001d6c       0x34 CMakeFiles/push.dir/C_/Pico/pico-sdk/src/rp2_common/hardware_irq/irq.c.obj
 .text.insert_branch_and_link
                0x10001da0       0x40 CMakeFiles/push.dir/C_/Pico/pico-sdk/src/rp2_common/hardware_irq/irq.c.obj
 .text.irq_is_enabled
                0x10001de0       0x18 CMakeFiles/push.dir/C_/Pico/pico-sdk/src/rp2_common/hardware_irq/irq.c.obj
                0x10001de0                irq_is_enabled
 .text.irq_set_mask_enabled
                0x10001df8       0x20 CMakeFiles/push.dir/C_/Pico/pico-sdk/src/rp2_common/hardware_irq/irq.c.obj
                0x10001df8                irq_set_mask_enabled
 .text.irq_set_enabled
                0x10001e18        0xe CMakeFiles/push.dir/C_/Pico/pico-sdk/src/rp2_common/hardware_irq/irq.c.obj
                0x10001e18                irq_set_enabled
 *fill*         0x10001e26        0x2 
 .text.irq_set_pending
                0x10001e28       0x10 CMakeFiles/push.dir/C_/Pico/pico-sdk/src/rp2_common/hardware_irq/irq.c.obj
                0x10001e28                irq_set_pending
 .text.irq_get_vtable_handler
                0x10001e38       0x10 CMakeFiles/push.dir/C_/Pico/pico-sdk/src/rp2_common/hardware_irq/irq.c.obj
                0x10001e38                irq_get_vtable_handler
 .text.irq_set_exclusive_handler
                0x10001e48       0x54 CMakeFiles/push.dir/C_/Pico/pico-sdk/src/rp2_common/hardware_irq/irq.c.obj
                0x10001e48                irq_set_exclusive_handler
 .text.irq_remove_handler
                0x10001e9c      0x1ac CMakeFiles/push.dir/C_/Pico/pico-sdk/src/rp2_common/hardware_irq/irq.c.obj
                0x10001e9c                irq_remove_handler
 .text.irq_set_priority
                0x10002048       0x28 CMakeFiles/push.dir/C_/Pico/pico-sdk/src/rp2_common/hardware_irq/irq.c.obj
                0x10002048                irq_set_priority
 .text.irq_add_tail_to_free_list
                0x10002070       0xf0 CMakeFiles/push.dir/C_/Pico/pico-sdk/src/rp2_common/hardware_irq/irq.c.obj
                0x10002070                irq_add_tail_to_free_list
 .text.irq_init_priorities
                0x10002160       0x16 CMakeFiles/push.dir/C_/Pico/pico-sdk/src/rp2_common/hardware_irq/irq.c.obj
                0x10002160                irq_init_priorities
 *fill*         0x10002176        0x2 
 .text.pll_init
                0x10002178      0x118 CMakeFiles/push.dir/C_/Pico/pico-sdk/src/rp2_common/hardware_pll/pll.c.obj
                0x10002178                pll_init
 .text.watchdog_start_tick
                0x10002290       0x10 CMakeFiles/push.dir/C_/Pico/pico-sdk/src/rp2_common/hardware_watchdog/watchdog.c.obj
                0x10002290                watchdog_start_tick
 .text.watchdog_update
                0x100022a0       0x14 CMakeFiles/push.dir/C_/Pico/pico-sdk/src/rp2_common/hardware_watchdog/watchdog.c.obj
                0x100022a0                watchdog_update
 .text._watchdog_enable
                0x100022b4       0x70 CMakeFiles/push.dir/C_/Pico/pico-sdk/src/rp2_common/hardware_watchdog/watchdog.c.obj
                0x100022b4                _watchdog_enable
 .text.watchdog_reboot
                0x10002324       0x48 CMakeFiles/push.dir/C_/Pico/pico-sdk/src/rp2_common/hardware_watchdog/watchdog.c.obj
                0x10002324                watchdog_reboot
 .text.xosc_init
                0x1000236c       0x28 CMakeFiles/push.dir/C_/Pico/pico-sdk/src/rp2_common/hardware_xosc/xosc.c.obj
                0x1000236c                xosc_init
 .text._out_null
                0x10002394        0x2 CMakeFiles/push.dir/C_/Pico/pico-sdk/src/rp2_common/pico_printf/printf.c.obj
 .text._out_fct
                0x10002396        0xe CMakeFiles/push.dir/C_/Pico/pico-sdk/src/rp2_common/pico_printf/printf.c.obj
 .text._atoi    0x100023a4       0x24 CMakeFiles/push.dir/C_/Pico/pico-sdk/src/rp2_common/pico_printf/printf.c.obj
 .text._out_rev
                0x100023c8       0xae CMakeFiles/push.dir/C_/Pico/pico-sdk/src/rp2_common/pico_printf/printf.c.obj
 .text._ntoa_format
                0x10002476      0x112 CMakeFiles/push.dir/C_/Pico/pico-sdk/src/rp2_common/pico_printf/printf.c.obj
 .text._ntoa_long
                0x10002588       0xbc CMakeFiles/push.dir/C_/Pico/pico-sdk/src/rp2_common/pico_printf/printf.c.obj
 .text._ntoa_long_long
                0x10002644       0xe2 CMakeFiles/push.dir/C_/Pico/pico-sdk/src/rp2_common/pico_printf/printf.c.obj
 *fill*         0x10002726        0x2 
 .text._etoa    0x10002728      0x414 CMakeFiles/push.dir/C_/Pico/pico-sdk/src/rp2_common/pico_printf/printf.c.obj
 .text._ftoa    0x10002b3c      0x354 CMakeFiles/push.dir/C_/Pico/pico-sdk/src/rp2_common/pico_printf/printf.c.obj
 .text._vsnprintf
                0x10002e90      0x624 CMakeFiles/push.dir/C_/Pico/pico-sdk/src/rp2_common/pico_printf/printf.c.obj
 .text.vfctprintf
                0x100034b4       0x20 CMakeFiles/push.dir/C_/Pico/pico-sdk/src/rp2_common/pico_printf/printf.c.obj
                0x100034b4                vfctprintf
 .text          0x100034d4       0x10 CMakeFiles/push.dir/C_/Pico/pico-sdk/src/rp2_common/pico_bit_ops/bit_ops_aeabi.S.obj
 .text.rom_func_lookup
                0x100034e4       0x10 CMakeFiles/push.dir/C_/Pico/pico-sdk/src/rp2_common/pico_bootrom/bootrom.c.obj
                0x100034e4                rom_func_lookup
 .text.rom_data_lookup
                0x100034f4       0x10 CMakeFiles/push.dir/C_/Pico/pico-sdk/src/rp2_common/pico_bootrom/bootrom.c.obj
                0x100034f4                rom_data_lookup
 .text.rom_funcs_lookup
                0x10003504       0x36 CMakeFiles/push.dir/C_/Pico/pico-sdk/src/rp2_common/pico_bootrom/bootrom.c.obj
                0x10003504                rom_funcs_lookup
 *fill*         0x1000353a        0x2 
 .text.__wrap___aeabi_idiv
                0x1000353c       0x50 CMakeFiles/push.dir/C_/Pico/pico-sdk/src/rp2_common/pico_divider/divider.S.obj
                0x1000353c                __wrap___aeabi_idivmod
                0x1000353c                divmod_s32s32
                0x1000353c                div_s32s32
                0x1000353c                __wrap___aeabi_idiv
                0x10003544                divmod_s32s32_unsafe
                0x10003570                divmod_s32s32_savestate
 .text.__wrap___aeabi_uidiv
                0x1000358c       0x4c CMakeFiles/push.dir/C_/Pico/pico-sdk/src/rp2_common/pico_divider/divider.S.obj
                0x1000358c                __wrap___aeabi_uidiv
                0x1000358c                __wrap___aeabi_uidivmod
                0x1000358c                div_u32u32
                0x1000358c                divmod_u32u32
                0x10003594                divmod_u32u32_unsafe
                0x100035bc                divmod_u32u32_savestate
 .text.__wrap___aeabi_ldiv
                0x100035d8      0x430 CMakeFiles/push.dir/C_/Pico/pico-sdk/src/rp2_common/pico_divider/divider.S.obj
                0x100035d8                div_s64s64
                0x100035d8                divmod_s64s64
                0x100035d8                __wrap___aeabi_ldivmod
                0x10003610                divmod_u64u64
                0x10003610                div_u64u64
                0x10003610                __wrap___aeabi_uldivmod
                0x10003620                divmod_u64u64_savestate
                0x10003648                divmod_s64s64_unsafe
                0x100036d0                divmod_u64u64_unsafe
 .text.__wrap___aeabi_darithmetic
                0x10003a08       0x80 CMakeFiles/push.dir/C_/Pico/pico-sdk/src/rp2_common/pico_double/double_aeabi.S.obj
                0x10003a08                __wrap___aeabi_drsub
                0x10003a0e                __wrap___aeabi_dsub
                0x10003a20                __wrap___aeabi_dadd
                0x10003a32                __wrap___aeabi_ddiv
                0x10003a6e                __wrap___aeabi_dmul
 .text.__wrap___aeabi_cdcmple
                0x10003a88       0x6c CMakeFiles/push.dir/C_/Pico/pico-sdk/src/rp2_common/pico_double/double_aeabi.S.obj
                0x10003a88                __wrap___aeabi_cdrcmple
                0x10003a98                __wrap___aeabi_cdcmpeq
                0x10003a98                __wrap___aeabi_cdcmple
 .text.__wrap___aeabi_dcmplt
                0x10003af4        0xc CMakeFiles/push.dir/C_/Pico/pico-sdk/src/rp2_common/pico_double/double_aeabi.S.obj
                0x10003af4                __wrap___aeabi_dcmplt
 .text.__wrap___aeabi_dcmple
                0x10003b00       0x10 CMakeFiles/push.dir/C_/Pico/pico-sdk/src/rp2_common/pico_double/double_aeabi.S.obj
                0x10003b00                __wrap___aeabi_dcmple
 .text.__wrap___aeabi_dcmpge
                0x10003b10       0x10 CMakeFiles/push.dir/C_/Pico/pico-sdk/src/rp2_common/pico_double/double_aeabi.S.obj
                0x10003b10                __wrap___aeabi_dcmpge
 .text.__wrap___aeabi_dcmpgt
                0x10003b20        0xa CMakeFiles/push.dir/C_/Pico/pico-sdk/src/rp2_common/pico_double/double_aeabi.S.obj
                0x10003b20                __wrap___aeabi_dcmpgt
 .text.__wrap___aeabi_dcmpun
                0x10003b2a       0x1c CMakeFiles/push.dir/C_/Pico/pico-sdk/src/rp2_common/pico_double/double_aeabi.S.obj
                0x10003b2a                __wrap___aeabi_dcmpun
 *fill*         0x10003b46        0x2 
 .text.__wrap___aeabi_i2d
                0x10003b48       0x38 CMakeFiles/push.dir/C_/Pico/pico-sdk/src/rp2_common/pico_double/double_aeabi.S.obj
                0x10003b48                __wrap___aeabi_ui2d
                0x10003b50                __wrap___aeabi_i2d
 .text.__wrap___aeabi_d2iz
                0x10003b80       0x48 CMakeFiles/push.dir/C_/Pico/pico-sdk/src/rp2_common/pico_double/double_aeabi.S.obj
                0x10003b80                double2int_z
                0x10003b80                __wrap___aeabi_d2iz
 .text.__wrap___aeabi_d2uiz
                0x10003bc8       0x18 CMakeFiles/push.dir/C_/Pico/pico-sdk/src/rp2_common/pico_double/double_aeabi.S.obj
                0x10003bc8                __wrap___aeabi_d2uiz
                0x10003bc8                double2uint
 .text.__aeabi_double_init
                0x10003be0       0xb8 CMakeFiles/push.dir/C_/Pico/pico-sdk/src/rp2_common/pico_double/double_init_rom.c.obj
                0x10003be0                __aeabi_double_init
 .text.double_table_shim_on_use_helper
                0x10003c98       0x34 CMakeFiles/push.dir/C_/Pico/pico-sdk/src/rp2_common/pico_double/double_v1_rom_shim.S.obj
                0x10003c98                double_table_shim_on_use_helper
 .text.__wrap___aeabi_dsub
                0x10003ccc       0x10 CMakeFiles/push.dir/C_/Pico/pico-sdk/src/rp2_common/pico_double/double_v1_rom_shim.S.obj
                0x10003ccc                drsub_shim
                0x10003cd2                dsub_shim
 .text.dadd_shim
                0x10003cdc      0x15c CMakeFiles/push.dir/C_/Pico/pico-sdk/src/rp2_common/pico_double/double_v1_rom_shim.S.obj
                0x10003cdc                dadd_shim
 .text.dmul_shim
                0x10003e38      0x15c CMakeFiles/push.dir/C_/Pico/pico-sdk/src/rp2_common/pico_double/double_v1_rom_shim.S.obj
                0x10003e38                dmul_shim
 .text.ddiv_shim
                0x10003f94      0x1b0 CMakeFiles/push.dir/C_/Pico/pico-sdk/src/rp2_common/pico_double/double_v1_rom_shim.S.obj
                0x10003f94                ddiv_shim
 .text.dcordic_rot_step
                0x10004144       0x7c CMakeFiles/push.dir/C_/Pico/pico-sdk/src/rp2_common/pico_double/double_v1_rom_shim.S.obj
                0x10004144                dcordic_rot_step
 .text.double2uint_shim
                0x100041c0        0xe CMakeFiles/push.dir/C_/Pico/pico-sdk/src/rp2_common/pico_double/double_v1_rom_shim.S.obj
                0x100041c0                double2uint_shim
                0x100041c2                double2ufix_shim
 *fill*         0x100041ce        0x2 
 .text.double2uint64_shim
                0x100041d0       0x6c CMakeFiles/push.dir/C_/Pico/pico-sdk/src/rp2_common/pico_double/double_v1_rom_shim.S.obj
                0x100041d0                double2uint64_shim
                0x100041d2                double2ufix64_shim
                0x100041ec                d2fix_a
 .text.dunpacks
                0x1000423c       0x3c CMakeFiles/push.dir/C_/Pico/pico-sdk/src/rp2_common/pico_double/double_v1_rom_shim.S.obj
                0x1000423c                dunpacks
 .text.__aeabi_lmul
                0x10004278       0x32 CMakeFiles/push.dir/C_/Pico/pico-sdk/src/rp2_common/pico_int64_ops/pico_int64_ops_aeabi.S.obj
                0x10004278                __wrap___aeabi_lmul
 *fill*         0x100042aa        0x2 
 .text.__aeabi_float_init
                0x100042ac       0xfc CMakeFiles/push.dir/C_/Pico/pico-sdk/src/rp2_common/pico_float/float_init_rom.c.obj
                0x100042ac                __aeabi_float_init
 .text.float_table_shim_on_use_helper
                0x100043a8       0x34 CMakeFiles/push.dir/C_/Pico/pico-sdk/src/rp2_common/pico_float/float_v1_rom_shim.S.obj
                0x100043a8                float_table_shim_on_use_helper
 .text          0x100043dc       0x10 CMakeFiles/push.dir/C_/Pico/pico-sdk/src/rp2_common/pico_mem_ops/mem_ops_aeabi.S.obj
                0x100043dc                __aeabi_mem_init
 .text.memset   0x100043ec        0xc CMakeFiles/push.dir/C_/Pico/pico-sdk/src/rp2_common/pico_mem_ops/mem_ops_aeabi.S.obj
                0x100043ec                __wrap_memset
 .text.memcpy   0x100043f8        0xc CMakeFiles/push.dir/C_/Pico/pico-sdk/src/rp2_common/pico_mem_ops/mem_ops_aeabi.S.obj
                0x100043f8                __wrap_memcpy
                0x100043f8                __wrap___aeabi_memcpy
 .text.stdio_out_chars_crlf
                0x10004404       0x80 CMakeFiles/push.dir/C_/Pico/pico-sdk/src/rp2_common/pico_stdio/stdio.c.obj
 .text.stdio_stack_buffer_flush
                0x10004484       0x44 CMakeFiles/push.dir/C_/Pico/pico-sdk/src/rp2_common/pico_stdio/stdio.c.obj
 .text.stdio_buffered_printer
                0x100044c8       0x20 CMakeFiles/push.dir/C_/Pico/pico-sdk/src/rp2_common/pico_stdio/stdio.c.obj
 .text.stdout_serialize_begin
                0x100044e8       0x30 CMakeFiles/push.dir/C_/Pico/pico-sdk/src/rp2_common/pico_stdio/stdio.c.obj
                0x100044e8                stdout_serialize_begin
 .text.stdout_serialize_end
                0x10004518       0x10 CMakeFiles/push.dir/C_/Pico/pico-sdk/src/rp2_common/pico_stdio/stdio.c.obj
                0x10004518                stdout_serialize_end
 .text.stdio_put_string
                0x10004528       0x84 CMakeFiles/push.dir/C_/Pico/pico-sdk/src/rp2_common/pico_stdio/stdio.c.obj
 .text.stdio_set_driver_enabled
                0x100045ac       0x38 CMakeFiles/push.dir/C_/Pico/pico-sdk/src/rp2_common/pico_stdio/stdio.c.obj
                0x100045ac                stdio_set_driver_enabled
 .text.stdio_flush
                0x100045e4       0x20 CMakeFiles/push.dir/C_/Pico/pico-sdk/src/rp2_common/pico_stdio/stdio.c.obj
                0x100045e4                stdio_flush
 .text.__wrap_puts
                0x10004604       0x1c CMakeFiles/push.dir/C_/Pico/pico-sdk/src/rp2_common/pico_stdio/stdio.c.obj
                0x10004604                __wrap_puts
 .text.__wrap_vprintf
                0x10004620       0x44 CMakeFiles/push.dir/C_/Pico/pico-sdk/src/rp2_common/pico_stdio/stdio.c.obj
                0x10004620                __wrap_vprintf
 .text.__wrap_printf
                0x10004664       0x18 CMakeFiles/push.dir/C_/Pico/pico-sdk/src/rp2_common/pico_stdio/stdio.c.obj
                0x10004664                __wrap_printf
 .text.stdio_init_all
                0x1000467c        0x8 CMakeFiles/push.dir/C_/Pico/pico-sdk/src/rp2_common/pico_stdio/stdio.c.obj
                0x1000467c                stdio_init_all
 .text.resetd_init
                0x10004684        0x2 CMakeFiles/push.dir/C_/Pico/pico-sdk/src/rp2_common/pico_stdio_usb/reset_interface.c.obj
 *fill*         0x10004686        0x2 
 .text.resetd_reset
                0x10004688        0xc CMakeFiles/push.dir/C_/Pico/pico-sdk/src/rp2_common/pico_stdio_usb/reset_interface.c.obj
 .text.resetd_open
                0x10004694       0x34 CMakeFiles/push.dir/C_/Pico/pico-sdk/src/rp2_common/pico_stdio_usb/reset_interface.c.obj
 .text.resetd_xfer_cb
                0x100046c8        0x4 CMakeFiles/push.dir/C_/Pico/pico-sdk/src/rp2_common/pico_stdio_usb/reset_interface.c.obj
 .text.reset_usb_boot
                0x100046cc       0x18 CMakeFiles/push.dir/C_/Pico/pico-sdk/src/rp2_common/pico_stdio_usb/reset_interface.c.obj
 .text.resetd_control_xfer_cb
                0x100046e4       0x5c CMakeFiles/push.dir/C_/Pico/pico-sdk/src/rp2_common/pico_stdio_usb/reset_interface.c.obj
 .text.usbd_app_driver_get_cb
                0x10004740        0xc CMakeFiles/push.dir/C_/Pico/pico-sdk/src/rp2_common/pico_stdio_usb/reset_interface.c.obj
                0x10004740                usbd_app_driver_get_cb
 .text.tud_cdc_line_coding_cb
                0x1000474c       0x28 CMakeFiles/push.dir/C_/Pico/pico-sdk/src/rp2_common/pico_stdio_usb/reset_interface.c.obj
                0x1000474c                tud_cdc_line_coding_cb
 .text.stdio_usb_in_chars
                0x10004774       0x70 CMakeFiles/push.dir/C_/Pico/pico-sdk/src/rp2_common/pico_stdio_usb/stdio_usb.c.obj
                0x10004774                stdio_usb_in_chars
 .text.low_priority_worker_irq
                0x100047e4       0x20 CMakeFiles/push.dir/C_/Pico/pico-sdk/src/rp2_common/pico_stdio_usb/stdio_usb.c.obj
 .text.stdio_usb_out_chars
                0x10004804       0xd4 CMakeFiles/push.dir/C_/Pico/pico-sdk/src/rp2_common/pico_stdio_usb/stdio_usb.c.obj
 .text.timer_task
                0x100048d8       0x10 CMakeFiles/push.dir/C_/Pico/pico-sdk/src/rp2_common/pico_stdio_usb/stdio_usb.c.obj
 .text.stdio_usb_init
                0x100048e8       0xb8 CMakeFiles/push.dir/C_/Pico/pico-sdk/src/rp2_common/pico_stdio_usb/stdio_usb.c.obj
                0x100048e8                stdio_usb_init
 .text.tud_descriptor_device_cb
                0x100049a0        0x8 CMakeFiles/push.dir/C_/Pico/pico-sdk/src/rp2_common/pico_stdio_usb/stdio_usb_descriptors.c.obj
                0x100049a0                tud_descriptor_device_cb
 .text.tud_descriptor_configuration_cb
                0x100049a8        0x8 CMakeFiles/push.dir/C_/Pico/pico-sdk/src/rp2_common/pico_stdio_usb/stdio_usb_descriptors.c.obj
                0x100049a8                tud_descriptor_configuration_cb
 .text.tud_descriptor_string_cb
                0x100049b0       0x68 CMakeFiles/push.dir/C_/Pico/pico-sdk/src/rp2_common/pico_stdio_usb/stdio_usb_descriptors.c.obj
                0x100049b0                tud_descriptor_string_cb
 .text.hw_endpoint_get_by_addr
                0x10004a18       0x18 CMakeFiles/push.dir/C_/Pico/pico-sdk/lib/tinyusb/src/portable/raspberrypi/rp2040/dcd_rp2040.c.obj
 .text.reset_ep0
                0x10004a30       0x2c CMakeFiles/push.dir/C_/Pico/pico-sdk/lib/tinyusb/src/portable/raspberrypi/rp2040/dcd_rp2040.c.obj
 .text._hw_endpoint_alloc
                0x10004a5c       0x80 CMakeFiles/push.dir/C_/Pico/pico-sdk/lib/tinyusb/src/portable/raspberrypi/rp2040/dcd_rp2040.c.obj
 .text._hw_endpoint_init
                0x10004adc       0xbc CMakeFiles/push.dir/C_/Pico/pico-sdk/lib/tinyusb/src/portable/raspberrypi/rp2040/dcd_rp2040.c.obj
 .text.hw_endpoint_init
                0x10004b98       0x18 CMakeFiles/push.dir/C_/Pico/pico-sdk/lib/tinyusb/src/portable/raspberrypi/rp2040/dcd_rp2040.c.obj
 .text.hw_handle_buff_status
                0x10004bb0       0xb4 CMakeFiles/push.dir/C_/Pico/pico-sdk/lib/tinyusb/src/portable/raspberrypi/rp2040/dcd_rp2040.c.obj
 .text.dcd_rp2040_irq
                0x10004c64       0xa8 CMakeFiles/push.dir/C_/Pico/pico-sdk/lib/tinyusb/src/portable/raspberrypi/rp2040/dcd_rp2040.c.obj
 .text.hw_endpoint_xfer
                0x10004d0c       0x18 CMakeFiles/push.dir/C_/Pico/pico-sdk/lib/tinyusb/src/portable/raspberrypi/rp2040/dcd_rp2040.c.obj
 .text.ep0_0len_status
                0x10004d24       0x14 CMakeFiles/push.dir/C_/Pico/pico-sdk/lib/tinyusb/src/portable/raspberrypi/rp2040/dcd_rp2040.c.obj
 .text._hw_endpoint_stall
                0x10004d38       0x54 CMakeFiles/push.dir/C_/Pico/pico-sdk/lib/tinyusb/src/portable/raspberrypi/rp2040/dcd_rp2040.c.obj
 .text.hw_endpoint_stall
                0x10004d8c        0xc CMakeFiles/push.dir/C_/Pico/pico-sdk/lib/tinyusb/src/portable/raspberrypi/rp2040/dcd_rp2040.c.obj
 .text._hw_endpoint_clear_stall
                0x10004d98       0x34 CMakeFiles/push.dir/C_/Pico/pico-sdk/lib/tinyusb/src/portable/raspberrypi/rp2040/dcd_rp2040.c.obj
 .text.hw_endpoint_clear_stall
                0x10004dcc        0xc CMakeFiles/push.dir/C_/Pico/pico-sdk/lib/tinyusb/src/portable/raspberrypi/rp2040/dcd_rp2040.c.obj
 .text.dcd_int_enable
                0x10004dd8       0x2c CMakeFiles/push.dir/C_/Pico/pico-sdk/lib/tinyusb/src/portable/raspberrypi/rp2040/dcd_rp2040.c.obj
                0x10004dd8                dcd_int_enable
 .text.dcd_set_address
                0x10004e04       0x28 CMakeFiles/push.dir/C_/Pico/pico-sdk/lib/tinyusb/src/portable/raspberrypi/rp2040/dcd_rp2040.c.obj
                0x10004e04                dcd_set_address
 .text.dcd_connect
                0x10004e2c       0x30 CMakeFiles/push.dir/C_/Pico/pico-sdk/lib/tinyusb/src/portable/raspberrypi/rp2040/dcd_rp2040.c.obj
                0x10004e2c                dcd_connect
 .text.dcd_init
                0x10004e5c       0x84 CMakeFiles/push.dir/C_/Pico/pico-sdk/lib/tinyusb/src/portable/raspberrypi/rp2040/dcd_rp2040.c.obj
                0x10004e5c                dcd_init
 .text.dcd_edpt0_status_complete
                0x10004ee0       0x40 CMakeFiles/push.dir/C_/Pico/pico-sdk/lib/tinyusb/src/portable/raspberrypi/rp2040/dcd_rp2040.c.obj
                0x10004ee0                dcd_edpt0_status_complete
 .text.dcd_edpt_open
                0x10004f20       0x40 CMakeFiles/push.dir/C_/Pico/pico-sdk/lib/tinyusb/src/portable/raspberrypi/rp2040/dcd_rp2040.c.obj
                0x10004f20                dcd_edpt_open
 .text.dcd_edpt_xfer
                0x10004f60       0x34 CMakeFiles/push.dir/C_/Pico/pico-sdk/lib/tinyusb/src/portable/raspberrypi/rp2040/dcd_rp2040.c.obj
                0x10004f60                dcd_edpt_xfer
 .text.dcd_edpt_stall
                0x10004f94       0x28 CMakeFiles/push.dir/C_/Pico/pico-sdk/lib/tinyusb/src/portable/raspberrypi/rp2040/dcd_rp2040.c.obj
                0x10004f94                dcd_edpt_stall
 .text.dcd_edpt_clear_stall
                0x10004fbc       0x2c CMakeFiles/push.dir/C_/Pico/pico-sdk/lib/tinyusb/src/portable/raspberrypi/rp2040/dcd_rp2040.c.obj
                0x10004fbc                dcd_edpt_clear_stall
 .text.rp2040_usb_init
                0x10004fe8       0x50 CMakeFiles/push.dir/C_/Pico/pico-sdk/lib/tinyusb/src/portable/raspberrypi/rp2040/rp2040_usb.c.obj
                0x10004fe8                rp2040_usb_init
 .text.hw_endpoint_reset_transfer
                0x10005038       0x10 CMakeFiles/push.dir/C_/Pico/pico-sdk/lib/tinyusb/src/portable/raspberrypi/rp2040/rp2040_usb.c.obj
                0x10005038                hw_endpoint_reset_transfer
 .text._hw_endpoint_buffer_control_update32
                0x10005048       0x58 CMakeFiles/push.dir/C_/Pico/pico-sdk/lib/tinyusb/src/portable/raspberrypi/rp2040/rp2040_usb.c.obj
                0x10005048                _hw_endpoint_buffer_control_update32
 .text._hw_endpoint_start_next_buffer
                0x100050a0       0x50 CMakeFiles/push.dir/C_/Pico/pico-sdk/lib/tinyusb/src/portable/raspberrypi/rp2040/rp2040_usb.c.obj
                0x100050a0                _hw_endpoint_start_next_buffer
 .text._hw_endpoint_xfer_start
                0x100050f0       0x3e CMakeFiles/push.dir/C_/Pico/pico-sdk/lib/tinyusb/src/portable/raspberrypi/rp2040/rp2040_usb.c.obj
                0x100050f0                _hw_endpoint_xfer_start
 *fill*         0x1000512e        0x2 
 .text._hw_endpoint_xfer_sync
                0x10005130       0x74 CMakeFiles/push.dir/C_/Pico/pico-sdk/lib/tinyusb/src/portable/raspberrypi/rp2040/rp2040_usb.c.obj
                0x10005130                _hw_endpoint_xfer_sync
 .text._hw_endpoint_xfer_continue
                0x100051a4       0x60 CMakeFiles/push.dir/C_/Pico/pico-sdk/lib/tinyusb/src/portable/raspberrypi/rp2040/rp2040_usb.c.obj
                0x100051a4                _hw_endpoint_xfer_continue
 .text._hw_endpoint_xfer
                0x10005204       0x34 CMakeFiles/push.dir/C_/Pico/pico-sdk/lib/tinyusb/src/portable/raspberrypi/rp2040/rp2040_usb.c.obj
                0x10005204                _hw_endpoint_xfer
 .text.mark_interface_endpoint
                0x10005238       0x2a CMakeFiles/push.dir/C_/Pico/pico-sdk/lib/tinyusb/src/device/usbd.c.obj
 *fill*         0x10005262        0x2 
 .text.usbd_reset
                0x10005264       0x88 CMakeFiles/push.dir/C_/Pico/pico-sdk/lib/tinyusb/src/device/usbd.c.obj
 .text.invoke_class_control
                0x100052ec       0x1a CMakeFiles/push.dir/C_/Pico/pico-sdk/lib/tinyusb/src/device/usbd.c.obj
 *fill*         0x10005306        0x2 
 .text.process_set_config
                0x10005308      0x1d4 CMakeFiles/push.dir/C_/Pico/pico-sdk/lib/tinyusb/src/device/usbd.c.obj
 .text.process_get_descriptor
                0x100054dc       0xf8 CMakeFiles/push.dir/C_/Pico/pico-sdk/lib/tinyusb/src/device/usbd.c.obj
 .text.tud_mounted
                0x100055d4       0x10 CMakeFiles/push.dir/C_/Pico/pico-sdk/lib/tinyusb/src/device/usbd.c.obj
                0x100055d4                tud_mounted
 .text.tud_suspended
                0x100055e4       0x10 CMakeFiles/push.dir/C_/Pico/pico-sdk/lib/tinyusb/src/device/usbd.c.obj
                0x100055e4                tud_suspended
 .text.tud_inited
                0x100055f4        0xc CMakeFiles/push.dir/C_/Pico/pico-sdk/lib/tinyusb/src/device/usbd.c.obj
                0x100055f4                tud_inited
 .text.tud_init
                0x10005600       0xcc CMakeFiles/push.dir/C_/Pico/pico-sdk/lib/tinyusb/src/device/usbd.c.obj
                0x10005600                tud_init
 .text.dcd_event_handler
                0x100056cc      0x174 CMakeFiles/push.dir/C_/Pico/pico-sdk/lib/tinyusb/src/device/usbd.c.obj
                0x100056cc                dcd_event_handler
 .text.dcd_event_bus_signal
                0x10005840       0x26 CMakeFiles/push.dir/C_/Pico/pico-sdk/lib/tinyusb/src/device/usbd.c.obj
                0x10005840                dcd_event_bus_signal
 .text.dcd_event_bus_reset
                0x10005866       0x2a CMakeFiles/push.dir/C_/Pico/pico-sdk/lib/tinyusb/src/device/usbd.c.obj
                0x10005866                dcd_event_bus_reset
 .text.dcd_event_setup_received
                0x10005890       0x34 CMakeFiles/push.dir/C_/Pico/pico-sdk/lib/tinyusb/src/device/usbd.c.obj
                0x10005890                dcd_event_setup_received
 .text.dcd_event_xfer_complete
                0x100058c4       0x44 CMakeFiles/push.dir/C_/Pico/pico-sdk/lib/tinyusb/src/device/usbd.c.obj
                0x100058c4                dcd_event_xfer_complete
 .text.usbd_edpt_open
                0x10005908       0xe0 CMakeFiles/push.dir/C_/Pico/pico-sdk/lib/tinyusb/src/device/usbd.c.obj
                0x10005908                usbd_edpt_open
 .text.usbd_open_edpt_pair
                0x100059e8       0x8c CMakeFiles/push.dir/C_/Pico/pico-sdk/lib/tinyusb/src/device/usbd.c.obj
                0x100059e8                usbd_open_edpt_pair
 .text.usbd_edpt_claim
                0x10005a74       0x8c CMakeFiles/push.dir/C_/Pico/pico-sdk/lib/tinyusb/src/device/usbd.c.obj
                0x10005a74                usbd_edpt_claim
 .text.usbd_edpt_release
                0x10005b00       0x68 CMakeFiles/push.dir/C_/Pico/pico-sdk/lib/tinyusb/src/device/usbd.c.obj
                0x10005b00                usbd_edpt_release
 .text.usbd_edpt_xfer
                0x10005b68       0x80 CMakeFiles/push.dir/C_/Pico/pico-sdk/lib/tinyusb/src/device/usbd.c.obj
                0x10005b68                usbd_edpt_xfer
 .text.usbd_edpt_stall
                0x10005be8       0x2c CMakeFiles/push.dir/C_/Pico/pico-sdk/lib/tinyusb/src/device/usbd.c.obj
                0x10005be8                usbd_edpt_stall
 .text.usbd_edpt_clear_stall
                0x10005c14       0x2c CMakeFiles/push.dir/C_/Pico/pico-sdk/lib/tinyusb/src/device/usbd.c.obj
                0x10005c14                usbd_edpt_clear_stall
 .text.usbd_edpt_stalled
                0x10005c40       0x1c CMakeFiles/push.dir/C_/Pico/pico-sdk/lib/tinyusb/src/device/usbd.c.obj
                0x10005c40                usbd_edpt_stalled
 .text.process_control_request
                0x10005c5c      0x380 CMakeFiles/push.dir/C_/Pico/pico-sdk/lib/tinyusb/src/device/usbd.c.obj
 .text.tud_task
                0x10005fdc      0x204 CMakeFiles/push.dir/C_/Pico/pico-sdk/lib/tinyusb/src/device/usbd.c.obj
                0x10005fdc                tud_task
 .text._data_stage_xact
                0x100061e0       0x58 CMakeFiles/push.dir/C_/Pico/pico-sdk/lib/tinyusb/src/device/usbd_control.c.obj
 .text.tud_control_status
                0x10006238       0x38 CMakeFiles/push.dir/C_/Pico/pico-sdk/lib/tinyusb/src/device/usbd_control.c.obj
                0x10006238                tud_control_status
 .text.tud_control_xfer
                0x10006270       0xa8 CMakeFiles/push.dir/C_/Pico/pico-sdk/lib/tinyusb/src/device/usbd_control.c.obj
                0x10006270                tud_control_xfer
 .text.usbd_control_reset
                0x10006318       0x14 CMakeFiles/push.dir/C_/Pico/pico-sdk/lib/tinyusb/src/device/usbd_control.c.obj
                0x10006318                usbd_control_reset
 .text.usbd_control_set_complete_callback
                0x1000632c        0xc CMakeFiles/push.dir/C_/Pico/pico-sdk/lib/tinyusb/src/device/usbd_control.c.obj
                0x1000632c                usbd_control_set_complete_callback
 .text.usbd_control_set_request
                0x10006338       0x1c CMakeFiles/push.dir/C_/Pico/pico-sdk/lib/tinyusb/src/device/usbd_control.c.obj
                0x10006338                usbd_control_set_request
 .text.usbd_control_xfer_cb
                0x10006354       0xfc CMakeFiles/push.dir/C_/Pico/pico-sdk/lib/tinyusb/src/device/usbd_control.c.obj
                0x10006354                usbd_control_xfer_cb
 .text._prep_out_transaction
                0x10006450       0x46 CMakeFiles/push.dir/C_/Pico/pico-sdk/lib/tinyusb/src/class/cdc/cdc_device.c.obj
 *fill*         0x10006496        0x2 
 .text.tud_cdc_n_connected
                0x10006498       0x44 CMakeFiles/push.dir/C_/Pico/pico-sdk/lib/tinyusb/src/class/cdc/cdc_device.c.obj
                0x10006498                tud_cdc_n_connected
 .text.tud_cdc_n_available
                0x100064dc       0x18 CMakeFiles/push.dir/C_/Pico/pico-sdk/lib/tinyusb/src/class/cdc/cdc_device.c.obj
                0x100064dc                tud_cdc_n_available
 .text.tud_cdc_n_read
                0x100064f4       0x28 CMakeFiles/push.dir/C_/Pico/pico-sdk/lib/tinyusb/src/class/cdc/cdc_device.c.obj
                0x100064f4                tud_cdc_n_read
 .text.tud_cdc_n_write_flush
                0x1000651c       0xcc CMakeFiles/push.dir/C_/Pico/pico-sdk/lib/tinyusb/src/class/cdc/cdc_device.c.obj
                0x1000651c                tud_cdc_n_write_flush
 .text.tud_cdc_n_write
                0x100065e8       0x38 CMakeFiles/push.dir/C_/Pico/pico-sdk/lib/tinyusb/src/class/cdc/cdc_device.c.obj
                0x100065e8                tud_cdc_n_write
 .text.tud_cdc_n_write_available
                0x10006620       0x1c CMakeFiles/push.dir/C_/Pico/pico-sdk/lib/tinyusb/src/class/cdc/cdc_device.c.obj
                0x10006620                tud_cdc_n_write_available
 .text.cdcd_init
                0x1000663c       0xbc CMakeFiles/push.dir/C_/Pico/pico-sdk/lib/tinyusb/src/class/cdc/cdc_device.c.obj
                0x1000663c                cdcd_init
 .text.cdcd_reset
                0x100066f8       0x44 CMakeFiles/push.dir/C_/Pico/pico-sdk/lib/tinyusb/src/class/cdc/cdc_device.c.obj
                0x100066f8                cdcd_reset
 .text.cdcd_open
                0x1000673c      0x10c CMakeFiles/push.dir/C_/Pico/pico-sdk/lib/tinyusb/src/class/cdc/cdc_device.c.obj
                0x1000673c                cdcd_open
 .text.cdcd_control_xfer_cb
                0x10006848      0x134 CMakeFiles/push.dir/C_/Pico/pico-sdk/lib/tinyusb/src/class/cdc/cdc_device.c.obj
                0x10006848                cdcd_control_xfer_cb
 .text.cdcd_xfer_cb
                0x1000697c      0x144 CMakeFiles/push.dir/C_/Pico/pico-sdk/lib/tinyusb/src/class/cdc/cdc_device.c.obj
                0x1000697c                cdcd_xfer_cb
 .text.tusb_init
                0x10006ac0       0x24 CMakeFiles/push.dir/C_/Pico/pico-sdk/lib/tinyusb/src/tusb.c.obj
                0x10006ac0                tusb_init
 .text.tusb_inited
                0x10006ae4        0xe CMakeFiles/push.dir/C_/Pico/pico-sdk/lib/tinyusb/src/tusb.c.obj
                0x10006ae4                tusb_inited
 .text.advance_pointer
                0x10006af2       0x1e CMakeFiles/push.dir/C_/Pico/pico-sdk/lib/tinyusb/src/common/tusb_fifo.c.obj
 .text.backward_pointer
                0x10006b10       0x1a CMakeFiles/push.dir/C_/Pico/pico-sdk/lib/tinyusb/src/common/tusb_fifo.c.obj
 .text.get_relative_pointer
                0x10006b2a       0x10 CMakeFiles/push.dir/C_/Pico/pico-sdk/lib/tinyusb/src/common/tusb_fifo.c.obj
 .text._tu_fifo_peek
                0x10006b3a       0x50 CMakeFiles/push.dir/C_/Pico/pico-sdk/lib/tinyusb/src/common/tusb_fifo.c.obj
 .text._ff_pull_const_addr
                0x10006b8a       0x4c CMakeFiles/push.dir/C_/Pico/pico-sdk/lib/tinyusb/src/common/tusb_fifo.c.obj
 .text._ff_pull_n
                0x10006bd6      0x10c CMakeFiles/push.dir/C_/Pico/pico-sdk/lib/tinyusb/src/common/tusb_fifo.c.obj
 .text._tu_fifo_peek_n
                0x10006ce2       0x5e CMakeFiles/push.dir/C_/Pico/pico-sdk/lib/tinyusb/src/common/tusb_fifo.c.obj
 .text._tu_fifo_read_n
                0x10006d40       0x4e CMakeFiles/push.dir/C_/Pico/pico-sdk/lib/tinyusb/src/common/tusb_fifo.c.obj
 .text._ff_push_const_addr
                0x10006d8e       0x40 CMakeFiles/push.dir/C_/Pico/pico-sdk/lib/tinyusb/src/common/tusb_fifo.c.obj
 .text._ff_push_n
                0x10006dce      0x108 CMakeFiles/push.dir/C_/Pico/pico-sdk/lib/tinyusb/src/common/tusb_fifo.c.obj
 .text._tu_fifo_write_n
                0x10006ed6       0x9e CMakeFiles/push.dir/C_/Pico/pico-sdk/lib/tinyusb/src/common/tusb_fifo.c.obj
 .text.tu_fifo_config
                0x10006f74       0x72 CMakeFiles/push.dir/C_/Pico/pico-sdk/lib/tinyusb/src/common/tusb_fifo.c.obj
                0x10006f74                tu_fifo_config
 .text.tu_fifo_count
                0x10006fe6       0x26 CMakeFiles/push.dir/C_/Pico/pico-sdk/lib/tinyusb/src/common/tusb_fifo.c.obj
                0x10006fe6                tu_fifo_count
 .text.tu_fifo_empty
                0x1000700c       0x10 CMakeFiles/push.dir/C_/Pico/pico-sdk/lib/tinyusb/src/common/tusb_fifo.c.obj
                0x1000700c                tu_fifo_empty
 .text.tu_fifo_remaining
                0x1000701c       0x20 CMakeFiles/push.dir/C_/Pico/pico-sdk/lib/tinyusb/src/common/tusb_fifo.c.obj
                0x1000701c                tu_fifo_remaining
 .text.tu_fifo_read
                0x1000703c       0x42 CMakeFiles/push.dir/C_/Pico/pico-sdk/lib/tinyusb/src/common/tusb_fifo.c.obj
                0x1000703c                tu_fifo_read
 .text.tu_fifo_read_n
                0x1000707e        0xa CMakeFiles/push.dir/C_/Pico/pico-sdk/lib/tinyusb/src/common/tusb_fifo.c.obj
                0x1000707e                tu_fifo_read_n
 .text.tu_fifo_write
                0x10007088       0x6c CMakeFiles/push.dir/C_/Pico/pico-sdk/lib/tinyusb/src/common/tusb_fifo.c.obj
                0x10007088                tu_fifo_write
 .text.tu_fifo_write_n
                0x100070f4        0xa CMakeFiles/push.dir/C_/Pico/pico-sdk/lib/tinyusb/src/common/tusb_fifo.c.obj
                0x100070f4                tu_fifo_write_n
 .text.tu_fifo_clear
                0x100070fe       0x4c CMakeFiles/push.dir/C_/Pico/pico-sdk/lib/tinyusb/src/common/tusb_fifo.c.obj
                0x100070fe                tu_fifo_clear
 .text.tu_fifo_set_overwritable
                0x1000714a       0x3c CMakeFiles/push.dir/C_/Pico/pico-sdk/lib/tinyusb/src/common/tusb_fifo.c.obj
                0x1000714a                tu_fifo_set_overwritable
 *fill*         0x10007186        0x2 
 .text._retrieve_unique_id_on_boot
                0x10007188       0x10 CMakeFiles/push.dir/C_/Pico/pico-sdk/src/rp2_common/pico_unique_id/unique_id.c.obj
 .text.pico_get_unique_board_id_string
                0x10007198       0x60 CMakeFiles/push.dir/C_/Pico/pico-sdk/src/rp2_common/pico_unique_id/unique_id.c.obj
                0x10007198                pico_get_unique_board_id_string
 .text.flash_get_unique_id
                0x100071f8       0x46 CMakeFiles/push.dir/C_/Pico/pico-sdk/src/rp2_common/hardware_flash/flash.c.obj
                0x100071f8                flash_get_unique_id
 .text.core1_trampoline
                0x1000723e        0x2 CMakeFiles/push.dir/C_/Pico/pico-sdk/src/rp2_common/pico_multicore/multicore.c.obj
 .text.core1_wrapper
                0x10007240        0xc CMakeFiles/push.dir/C_/Pico/pico-sdk/src/rp2_common/pico_multicore/multicore.c.obj
                0x10007240                core1_wrapper
 .text.multicore_fifo_push_blocking
                0x1000724c       0x14 CMakeFiles/push.dir/C_/Pico/pico-sdk/src/rp2_common/pico_multicore/multicore.c.obj
                0x1000724c                multicore_fifo_push_blocking
 .text.multicore_fifo_pop_blocking
                0x10007260       0x16 CMakeFiles/push.dir/C_/Pico/pico-sdk/src/rp2_common/pico_multicore/multicore.c.obj
                0x10007260                multicore_fifo_pop_blocking
 .text.multicore_launch_core1_raw
                0x10007276       0x68 CMakeFiles/push.dir/C_/Pico/pico-sdk/src/rp2_common/pico_multicore/multicore.c.obj
                0x10007276                multicore_launch_core1_raw
 *fill*         0x100072de        0x2 
 .text.multicore_launch_core1_with_stack
                0x100072e0       0x50 CMakeFiles/push.dir/C_/Pico/pico-sdk/src/rp2_common/pico_multicore/multicore.c.obj
                0x100072e0                multicore_launch_core1_with_stack
 .text.multicore_launch_core1
                0x10007330       0x24 CMakeFiles/push.dir/C_/Pico/pico-sdk/src/rp2_common/pico_multicore/multicore.c.obj
                0x10007330                multicore_launch_core1
 .text.strlen   0x10007354       0x5c c:/progra~2/gnuarm~1/102021~1.10/bin/../lib/gcc/arm-none-eabi/10.3.1/../../../../arm-none-eabi/lib/thumb/v6-m/nofp\libg.a(lib_a-strlen-stub.o)
                0x10007354                strlen
 *(.fini)
 .fini          0x100073b0        0x4 c:/progra~2/gnuarm~1/102021~1.10/bin/../lib/gcc/arm-none-eabi/10.3.1/thumb/v6-m/nofp/crti.o
                0x100073b0                _fini
 *fill*         0x100073b4        0x4 
 .fini.__stub   0x100073b8       0x70 linker stubs
 *crtbegin.o(.ctors)
 *crtbegin?.o(.ctors)
 *(EXCLUDE_FILE(*crtend.o *crtend?.o) .ctors)
 *(SORT_BY_NAME(.ctors.*))
 *(.ctors)
 *crtbegin.o(.dtors)
 *crtbegin?.o(.dtors)
 *(EXCLUDE_FILE(*crtend.o *crtend?.o) .dtors)
 *(SORT_BY_NAME(.dtors.*))
 *(.dtors)
 *(.eh_frame*)
 .eh_frame      0x10007428        0x0 c:/progra~2/gnuarm~1/102021~1.10/bin/../lib/gcc/arm-none-eabi/10.3.1/thumb/v6-m/nofp/crtbegin.o
                0x10007428                . = ALIGN (0x4)

.glue_7         0x10007428        0x0
 .glue_7        0x10007428        0x0 linker stubs

.glue_7t        0x10007428        0x0
 .glue_7t       0x10007428        0x0 linker stubs

.vfp11_veneer   0x10007428        0x0
 .vfp11_veneer  0x10007428        0x0 linker stubs

.v4_bx          0x10007428        0x0
 .v4_bx         0x10007428        0x0 linker stubs

.iplt           0x10007428        0x0
 .iplt          0x10007428        0x0 c:/progra~2/gnuarm~1/102021~1.10/bin/../lib/gcc/arm-none-eabi/10.3.1/thumb/v6-m/nofp/crtbegin.o

.rodata         0x10007428     0x1654
 *(EXCLUDE_FILE(*libm.a: *libc.a:*lib_a-mem*.o *libgcc.a:) .rodata*)
 .rodata.main.str1.4
                0x10007428       0x32 CMakeFiles/push.dir/push.c.obj
 *fill*         0x1000745a        0x2 
 .rodata.spin_lock_claim_unused.str1.4
                0x1000745c       0x1b CMakeFiles/push.dir/C_/Pico/pico-sdk/src/rp2_common/hardware_sync/sync.c.obj
 *fill*         0x10007477        0x1 
 .rodata.repeating_timer_callback.str1.4
                0x10007478       0x41 CMakeFiles/push.dir/C_/Pico/pico-sdk/src/common/pico_time/time.c.obj
 *fill*         0x100074b9        0x3 
 .rodata.alarm_pool_dump_key.str1.4
                0x100074bc       0x33 CMakeFiles/push.dir/C_/Pico/pico-sdk/src/common/pico_time/time.c.obj
 *fill*         0x100074ef        0x1 
 .rodata.ph_add_child_node.str1.4
                0x100074f0       0x8a CMakeFiles/push.dir/C_/Pico/pico-sdk/src/common/pico_time/time.c.obj
 *fill*         0x1000757a        0x2 
 .rodata.add_alarm_under_lock.str1.4
                0x1000757c       0x28 CMakeFiles/push.dir/C_/Pico/pico-sdk/src/common/pico_time/time.c.obj
                                 0x2b (size before relaxing)
 .rodata.alarm_pool_alarm_callback.str1.4
                0x100075a4       0xda CMakeFiles/push.dir/C_/Pico/pico-sdk/src/common/pico_time/time.c.obj
 *fill*         0x1000767e        0x2 
 .rodata.alarm_pool_get_default.str1.4
                0x10007680       0x21 CMakeFiles/push.dir/C_/Pico/pico-sdk/src/common/pico_time/time.c.obj
 *fill*         0x100076a1        0x3 
 .rodata.alarm_pool_cancel_alarm.str1.4
                0x100076a4       0x27 CMakeFiles/push.dir/C_/Pico/pico-sdk/src/common/pico_time/time.c.obj
 *fill*         0x100076cb        0x1 
 .rodata.sleep_until.str1.4
                0x100076cc       0x4d CMakeFiles/push.dir/C_/Pico/pico-sdk/src/common/pico_time/time.c.obj
 *fill*         0x10007719        0x3 
 .rodata.__func__.1
                0x1000771c       0x18 CMakeFiles/push.dir/C_/Pico/pico-sdk/src/common/pico_time/time.c.obj
 .rodata.__func__.10
                0x10007734       0x15 CMakeFiles/push.dir/C_/Pico/pico-sdk/src/common/pico_time/time.c.obj
 *fill*         0x10007749        0x3 
 .rodata.__func__.11
                0x1000774c       0x1a CMakeFiles/push.dir/C_/Pico/pico-sdk/src/common/pico_time/time.c.obj
 *fill*         0x10007766        0x2 
 .rodata.__func__.12
                0x10007768        0xa CMakeFiles/push.dir/C_/Pico/pico-sdk/src/common/pico_time/time.c.obj
 *fill*         0x10007772        0x2 
 .rodata.__func__.3
                0x10007774       0x17 CMakeFiles/push.dir/C_/Pico/pico-sdk/src/common/pico_time/time.c.obj
 *fill*         0x1000778b        0x1 
 .rodata.__func__.4
                0x1000778c       0x12 CMakeFiles/push.dir/C_/Pico/pico-sdk/src/common/pico_time/time.c.obj
 *fill*         0x1000779e        0x2 
 .rodata.__func__.5
                0x100077a0        0xd CMakeFiles/push.dir/C_/Pico/pico-sdk/src/common/pico_time/time.c.obj
 *fill*         0x100077ad        0x3 
 .rodata.__func__.6
                0x100077b0       0x12 CMakeFiles/push.dir/C_/Pico/pico-sdk/src/common/pico_time/time.c.obj
 *fill*         0x100077c2        0x2 
 .rodata.__func__.7
                0x100077c4        0xf CMakeFiles/push.dir/C_/Pico/pico-sdk/src/common/pico_time/time.c.obj
 *fill*         0x100077d3        0x1 
 .rodata.__func__.8
                0x100077d4        0xc CMakeFiles/push.dir/C_/Pico/pico-sdk/src/common/pico_time/time.c.obj
 .rodata.__func__.9
                0x100077e0       0x15 CMakeFiles/push.dir/C_/Pico/pico-sdk/src/common/pico_time/time.c.obj
 *fill*         0x100077f5        0x3 
 .rodata.hardware_alarm_claim.str1.4
                0x100077f8       0x22 CMakeFiles/push.dir/C_/Pico/pico-sdk/src/rp2_common/hardware_timer/timer.c.obj
 *fill*         0x1000781a        0x2 
 .rodata.hardware_alarm_set_target.str1.4
                0x1000781c       0x5b CMakeFiles/push.dir/C_/Pico/pico-sdk/src/rp2_common/hardware_timer/timer.c.obj
 *fill*         0x10007877        0x1 
 .rodata.__func__.0
                0x10007878       0x1a CMakeFiles/push.dir/C_/Pico/pico-sdk/src/rp2_common/hardware_timer/timer.c.obj
 *fill*         0x10007892        0x2 
 .rodata.str1.4
                0x10007894       0xa9 CMakeFiles/push.dir/C_/Pico/pico-sdk/src/common/pico_sync/mutex.c.obj
                                0x101 (size before relaxing)
 *fill*         0x1000793d        0x3 
 .rodata.__func__.0
                0x10007940        0xb CMakeFiles/push.dir/C_/Pico/pico-sdk/src/common/pico_sync/mutex.c.obj
 *fill*         0x1000794b        0x1 
 .rodata.__func__.1
                0x1000794c       0x18 CMakeFiles/push.dir/C_/Pico/pico-sdk/src/common/pico_sync/mutex.c.obj
 .rodata.__func__.2
                0x10007964       0x15 CMakeFiles/push.dir/C_/Pico/pico-sdk/src/common/pico_sync/mutex.c.obj
 *fill*         0x10007979        0x3 
 .rodata.__func__.3
                0x1000797c       0x15 CMakeFiles/push.dir/C_/Pico/pico-sdk/src/common/pico_sync/mutex.c.obj
 .rodata.ph_add_child_node.str1.4
                0x10007991       0x8a CMakeFiles/push.dir/C_/Pico/pico-sdk/src/common/pico_util/pheap.c.obj
 *fill*         0x10007991        0x3 
 .rodata.ph_remove_any_head.str1.4
                0x10007994       0x84 CMakeFiles/push.dir/C_/Pico/pico-sdk/src/common/pico_util/pheap.c.obj
 .rodata.ph_remove_and_free_node.str1.4
                0x10007a18       0x26 CMakeFiles/push.dir/C_/Pico/pico-sdk/src/common/pico_util/pheap.c.obj
 *fill*         0x10007a3e        0x2 
 .rodata.__func__.0
                0x10007a40       0x18 CMakeFiles/push.dir/C_/Pico/pico-sdk/src/common/pico_util/pheap.c.obj
 .rodata.__func__.1
                0x10007a58       0x13 CMakeFiles/push.dir/C_/Pico/pico-sdk/src/common/pico_util/pheap.c.obj
 *fill*         0x10007a6b        0x1 
 .rodata.__func__.2
                0x10007a6c       0x12 CMakeFiles/push.dir/C_/Pico/pico-sdk/src/common/pico_util/pheap.c.obj
 *fill*         0x10007a7e        0x2 
 .rodata.__func__.3
                0x10007a80        0xc CMakeFiles/push.dir/C_/Pico/pico-sdk/src/common/pico_util/pheap.c.obj
 .rodata.__assert_func.str1.4
                0x10007a8c       0x3f CMakeFiles/push.dir/C_/Pico/pico-sdk/src/rp2_common/pico_runtime/runtime.c.obj
                                 0x43 (size before relaxing)
 *fill*         0x10007acb        0x1 
 .rodata.panic.str1.4
                0x10007acc       0x12 CMakeFiles/push.dir/C_/Pico/pico-sdk/src/rp2_common/pico_runtime/runtime.c.obj
 *fill*         0x10007ade        0x2 
 .rodata.clock_configure.str1.4
                0x10007ae0       0x4d CMakeFiles/push.dir/C_/Pico/pico-sdk/src/rp2_common/hardware_clocks/clocks.c.obj
 *fill*         0x10007b2d        0x3 
 .rodata.__func__.1
                0x10007b30       0x10 CMakeFiles/push.dir/C_/Pico/pico-sdk/src/rp2_common/hardware_clocks/clocks.c.obj
 .rodata.make_branch.str1.4
                0x10007b40       0x43 CMakeFiles/push.dir/C_/Pico/pico-sdk/src/rp2_common/hardware_irq/irq.c.obj
 *fill*         0x10007b83        0x1 
 .rodata.irq_set_exclusive_handler.str1.4
                0x10007b84       0x36 CMakeFiles/push.dir/C_/Pico/pico-sdk/src/rp2_common/hardware_irq/irq.c.obj
 *fill*         0x10007bba        0x2 
 .rodata.irq_add_shared_handler.str1.4
                0x10007bbc       0xd9 CMakeFiles/push.dir/C_/Pico/pico-sdk/src/rp2_common/hardware_irq/irq.c.obj
 *fill*         0x10007c95        0x3 
 .rodata.irq_remove_handler.str1.4
                0x10007c98       0x2a CMakeFiles/push.dir/C_/Pico/pico-sdk/src/rp2_common/hardware_irq/irq.c.obj
 *fill*         0x10007cc2        0x2 
 .rodata.irq_add_tail_to_free_list.str1.4
                0x10007cc4       0x32 CMakeFiles/push.dir/C_/Pico/pico-sdk/src/rp2_common/hardware_irq/irq.c.obj
                                 0x3a (size before relaxing)
 *fill*         0x10007cf6        0x2 
 .rodata.__func__.0
                0x10007cf8       0x1a CMakeFiles/push.dir/C_/Pico/pico-sdk/src/rp2_common/hardware_irq/irq.c.obj
 *fill*         0x10007d12        0x2 
 .rodata.__func__.1
                0x10007d14       0x17 CMakeFiles/push.dir/C_/Pico/pico-sdk/src/rp2_common/hardware_irq/irq.c.obj
 *fill*         0x10007d2b        0x1 
 .rodata.__func__.2
                0x10007d2c       0x13 CMakeFiles/push.dir/C_/Pico/pico-sdk/src/rp2_common/hardware_irq/irq.c.obj
 *fill*         0x10007d3f        0x1 
 .rodata.__func__.3
                0x10007d40        0xc CMakeFiles/push.dir/C_/Pico/pico-sdk/src/rp2_common/hardware_irq/irq.c.obj
 .rodata.__func__.4
                0x10007d4c        0xf CMakeFiles/push.dir/C_/Pico/pico-sdk/src/rp2_common/hardware_irq/irq.c.obj
 *fill*         0x10007d5b        0x1 
 .rodata.__func__.6
                0x10007d5c       0x1a CMakeFiles/push.dir/C_/Pico/pico-sdk/src/rp2_common/hardware_irq/irq.c.obj
 *fill*         0x10007d76        0x2 
 .rodata.pll_init.str1.4
                0x10007d78       0xcf CMakeFiles/push.dir/C_/Pico/pico-sdk/src/rp2_common/hardware_pll/pll.c.obj
 *fill*         0x10007e47        0x1 
 .rodata.__func__.0
                0x10007e48        0x9 CMakeFiles/push.dir/C_/Pico/pico-sdk/src/rp2_common/hardware_pll/pll.c.obj
 *fill*         0x10007e51        0x3 
 .rodata._ftoa.str1.4
                0x10007e54       0x15 CMakeFiles/push.dir/C_/Pico/pico-sdk/src/rp2_common/pico_printf/printf.c.obj
 *fill*         0x10007e69        0x3 
 .rodata._vsnprintf
                0x10007e6c      0x1e0 CMakeFiles/push.dir/C_/Pico/pico-sdk/src/rp2_common/pico_printf/printf.c.obj
 *fill*         0x1000804c        0x4 
 .rodata.pow10.0
                0x10008050       0x50 CMakeFiles/push.dir/C_/Pico/pico-sdk/src/rp2_common/pico_printf/printf.c.obj
 .rodata.__aeabi_double_init.str1.4
                0x100080a0       0x9e CMakeFiles/push.dir/C_/Pico/pico-sdk/src/rp2_common/pico_double/double_init_rom.c.obj
 *fill*         0x1000813e        0x2 
 .rodata.__func__.0
                0x10008140       0x14 CMakeFiles/push.dir/C_/Pico/pico-sdk/src/rp2_common/pico_double/double_init_rom.c.obj
 .rodata.__aeabi_float_init.str1.4
                0x10008154       0x70 CMakeFiles/push.dir/C_/Pico/pico-sdk/src/rp2_common/pico_float/float_init_rom.c.obj
                                 0x74 (size before relaxing)
 .rodata.__func__.0
                0x100081c4       0x13 CMakeFiles/push.dir/C_/Pico/pico-sdk/src/rp2_common/pico_float/float_init_rom.c.obj
 *fill*         0x100081d7        0x1 
 .rodata.str1.4
                0x100081d8       0x3c CMakeFiles/push.dir/C_/Pico/pico-sdk/src/rp2_common/pico_standard_link/binary_info.c.obj
 .rodata.__bi_44
                0x10008214        0xc CMakeFiles/push.dir/C_/Pico/pico-sdk/src/rp2_common/pico_standard_link/binary_info.c.obj
 .rodata.__bi_75
                0x10008220        0xc CMakeFiles/push.dir/C_/Pico/pico-sdk/src/rp2_common/pico_standard_link/binary_info.c.obj
 .rodata.__bi_81
                0x1000822c        0xc CMakeFiles/push.dir/C_/Pico/pico-sdk/src/rp2_common/pico_standard_link/binary_info.c.obj
 .rodata.crlf_str.3
                0x10008238        0x2 CMakeFiles/push.dir/C_/Pico/pico-sdk/src/rp2_common/pico_stdio/stdio.c.obj
 *fill*         0x1000823a        0x2 
 .rodata._resetd_driver
                0x1000823c       0x18 CMakeFiles/push.dir/C_/Pico/pico-sdk/src/rp2_common/pico_stdio_usb/reset_interface.c.obj
 .rodata.stdio_usb_init.str1.4
                0x10008254       0x57 CMakeFiles/push.dir/C_/Pico/pico-sdk/src/rp2_common/pico_stdio_usb/stdio_usb.c.obj
 .rodata.str1.4
                0x10008254       0x13 CMakeFiles/push.dir/C_/Pico/pico-sdk/src/rp2_common/pico_stdio_usb/stdio_usb.c.obj
 *fill*         0x10008267        0x1 
 .rodata.__bi_93.1
                0x10008268        0xc CMakeFiles/push.dir/C_/Pico/pico-sdk/src/rp2_common/pico_stdio_usb/stdio_usb.c.obj
 .rodata.__func__.0
                0x10008274       0x15 CMakeFiles/push.dir/C_/Pico/pico-sdk/src/rp2_common/pico_stdio_usb/stdio_usb.c.obj
 *fill*         0x10008289        0x3 
 .rodata.str1.4
                0x1000828c       0x2a CMakeFiles/push.dir/C_/Pico/pico-sdk/src/rp2_common/pico_stdio_usb/stdio_usb_descriptors.c.obj
 *fill*         0x100082b6        0x2 
 .rodata.usbd_desc_cfg
                0x100082b8       0x54 CMakeFiles/push.dir/C_/Pico/pico-sdk/src/rp2_common/pico_stdio_usb/stdio_usb_descriptors.c.obj
 .rodata.usbd_desc_device
                0x1000830c       0x12 CMakeFiles/push.dir/C_/Pico/pico-sdk/src/rp2_common/pico_stdio_usb/stdio_usb_descriptors.c.obj
 *fill*         0x1000831e        0x2 
 .rodata.usbd_desc_str
                0x10008320       0x18 CMakeFiles/push.dir/C_/Pico/pico-sdk/src/rp2_common/pico_stdio_usb/stdio_usb_descriptors.c.obj
 .rodata._hw_endpoint_alloc.str1.4
                0x10008338       0xad CMakeFiles/push.dir/C_/Pico/pico-sdk/lib/tinyusb/src/portable/raspberrypi/rp2040/dcd_rp2040.c.obj
 *fill*         0x100083e5        0x3 
 .rodata._hw_endpoint_init.str1.4
                0x100083e8       0x28 CMakeFiles/push.dir/C_/Pico/pico-sdk/lib/tinyusb/src/portable/raspberrypi/rp2040/dcd_rp2040.c.obj
 .rodata.hw_handle_buff_status.str1.4
                0x10008410        0xb CMakeFiles/push.dir/C_/Pico/pico-sdk/lib/tinyusb/src/portable/raspberrypi/rp2040/dcd_rp2040.c.obj
 *fill*         0x1000841b        0x1 
 .rodata.dcd_rp2040_irq.str1.4
                0x1000841c       0x14 CMakeFiles/push.dir/C_/Pico/pico-sdk/lib/tinyusb/src/portable/raspberrypi/rp2040/dcd_rp2040.c.obj
 .rodata._hw_endpoint_stall.str1.4
                0x10008430        0xd CMakeFiles/push.dir/C_/Pico/pico-sdk/lib/tinyusb/src/portable/raspberrypi/rp2040/dcd_rp2040.c.obj
 *fill*         0x1000843d        0x3 
 .rodata.dcd_int_enable.str1.4
                0x10008440        0xc CMakeFiles/push.dir/C_/Pico/pico-sdk/lib/tinyusb/src/portable/raspberrypi/rp2040/dcd_rp2040.c.obj
 .rodata.__func__.0
                0x1000844c       0x15 CMakeFiles/push.dir/C_/Pico/pico-sdk/lib/tinyusb/src/portable/raspberrypi/rp2040/dcd_rp2040.c.obj
 *fill*         0x10008461        0x3 
 .rodata.__func__.1
                0x10008464       0x13 CMakeFiles/push.dir/C_/Pico/pico-sdk/lib/tinyusb/src/portable/raspberrypi/rp2040/dcd_rp2040.c.obj
 *fill*         0x10008477        0x1 
 .rodata.__func__.11
                0x10008478        0xf CMakeFiles/push.dir/C_/Pico/pico-sdk/lib/tinyusb/src/portable/raspberrypi/rp2040/dcd_rp2040.c.obj
 *fill*         0x10008487        0x1 
 .rodata.__func__.12
                0x10008488       0x13 CMakeFiles/push.dir/C_/Pico/pico-sdk/lib/tinyusb/src/portable/raspberrypi/rp2040/dcd_rp2040.c.obj
 *fill*         0x1000849b        0x1 
 .rodata.__func__.13
                0x1000849c       0x16 CMakeFiles/push.dir/C_/Pico/pico-sdk/lib/tinyusb/src/portable/raspberrypi/rp2040/dcd_rp2040.c.obj
 *fill*         0x100084b2        0x2 
 .rodata.__func__.14
                0x100084b4        0x9 CMakeFiles/push.dir/C_/Pico/pico-sdk/lib/tinyusb/src/portable/raspberrypi/rp2040/dcd_rp2040.c.obj
 *fill*         0x100084bd        0x3 
 .rodata.__func__.2
                0x100084c0        0xf CMakeFiles/push.dir/C_/Pico/pico-sdk/lib/tinyusb/src/portable/raspberrypi/rp2040/dcd_rp2040.c.obj
 *fill*         0x100084cf        0x1 
 .rodata.__func__.3
                0x100084d0        0xe CMakeFiles/push.dir/C_/Pico/pico-sdk/lib/tinyusb/src/portable/raspberrypi/rp2040/dcd_rp2040.c.obj
 *fill*         0x100084de        0x2 
 .rodata.__func__.4
                0x100084e0        0xe CMakeFiles/push.dir/C_/Pico/pico-sdk/lib/tinyusb/src/portable/raspberrypi/rp2040/dcd_rp2040.c.obj
 *fill*         0x100084ee        0x2 
 .rodata.__func__.5
                0x100084f0       0x1a CMakeFiles/push.dir/C_/Pico/pico-sdk/lib/tinyusb/src/portable/raspberrypi/rp2040/dcd_rp2040.c.obj
 *fill*         0x1000850a        0x2 
 .rodata.__func__.6
                0x1000850c        0xc CMakeFiles/push.dir/C_/Pico/pico-sdk/lib/tinyusb/src/portable/raspberrypi/rp2040/dcd_rp2040.c.obj
 .rodata.__func__.9
                0x10008518       0x10 CMakeFiles/push.dir/C_/Pico/pico-sdk/lib/tinyusb/src/portable/raspberrypi/rp2040/dcd_rp2040.c.obj
 .rodata._hw_endpoint_buffer_control_update32.str1.4
                0x10008528       0x1f CMakeFiles/push.dir/C_/Pico/pico-sdk/lib/tinyusb/src/portable/raspberrypi/rp2040/rp2040_usb.c.obj
 *fill*         0x10008547        0x1 
 .rodata._hw_endpoint_xfer_sync.str1.4
                0x10008548       0x89 CMakeFiles/push.dir/C_/Pico/pico-sdk/lib/tinyusb/src/portable/raspberrypi/rp2040/rp2040_usb.c.obj
 *fill*         0x100085d1        0x3 
 .rodata._hw_endpoint_xfer_continue.str1.4
                0x100085d4       0x50 CMakeFiles/push.dir/C_/Pico/pico-sdk/lib/tinyusb/src/portable/raspberrypi/rp2040/rp2040_usb.c.obj
 .rodata._hw_endpoint_xfer.str1.4
                0x10008624        0xf CMakeFiles/push.dir/C_/Pico/pico-sdk/lib/tinyusb/src/portable/raspberrypi/rp2040/rp2040_usb.c.obj
 *fill*         0x10008633        0x1 
 .rodata.str1.4
                0x10008634        0x7 CMakeFiles/push.dir/C_/Pico/pico-sdk/lib/tinyusb/src/portable/raspberrypi/rp2040/rp2040_usb.c.obj
 *fill*         0x1000863b        0x1 
 .rodata.__func__.0
                0x1000863c       0x12 CMakeFiles/push.dir/C_/Pico/pico-sdk/lib/tinyusb/src/portable/raspberrypi/rp2040/rp2040_usb.c.obj
 *fill*         0x1000864e        0x2 
 .rodata.__func__.1
                0x10008650       0x17 CMakeFiles/push.dir/C_/Pico/pico-sdk/lib/tinyusb/src/portable/raspberrypi/rp2040/rp2040_usb.c.obj
 *fill*         0x10008667        0x1 
 .rodata.process_set_config.str1.4
                0x10008668       0x17 CMakeFiles/push.dir/C_/Pico/pico-sdk/lib/tinyusb/src/device/usbd.c.obj
 *fill*         0x1000867f        0x1 
 .rodata.process_get_descriptor
                0x10008680       0x40 CMakeFiles/push.dir/C_/Pico/pico-sdk/lib/tinyusb/src/device/usbd.c.obj
 .rodata.process_control_request
                0x100086c0       0x28 CMakeFiles/push.dir/C_/Pico/pico-sdk/lib/tinyusb/src/device/usbd.c.obj
 .rodata.tud_task
                0x100086e8       0x24 CMakeFiles/push.dir/C_/Pico/pico-sdk/lib/tinyusb/src/device/usbd.c.obj
 .rodata.__func__.2
                0x1000870c        0xf CMakeFiles/push.dir/C_/Pico/pico-sdk/lib/tinyusb/src/device/usbd.c.obj
 *fill*         0x1000871b        0x1 
 .rodata.__func__.3
                0x1000871c        0xf CMakeFiles/push.dir/C_/Pico/pico-sdk/lib/tinyusb/src/device/usbd.c.obj
 *fill*         0x1000872b        0x1 
 .rodata.__func__.4
                0x1000872c       0x14 CMakeFiles/push.dir/C_/Pico/pico-sdk/lib/tinyusb/src/device/usbd.c.obj
 .rodata.__func__.5
                0x10008740       0x10 CMakeFiles/push.dir/C_/Pico/pico-sdk/lib/tinyusb/src/device/usbd.c.obj
 .rodata.__func__.6
                0x10008750       0x17 CMakeFiles/push.dir/C_/Pico/pico-sdk/lib/tinyusb/src/device/usbd.c.obj
 *fill*         0x10008767        0x1 
 .rodata.__func__.7
                0x10008768       0x13 CMakeFiles/push.dir/C_/Pico/pico-sdk/lib/tinyusb/src/device/usbd.c.obj
 *fill*         0x1000877b        0x1 
 .rodata.__func__.8
                0x1000877c       0x18 CMakeFiles/push.dir/C_/Pico/pico-sdk/lib/tinyusb/src/device/usbd.c.obj
 .rodata.__func__.9
                0x10008794        0x9 CMakeFiles/push.dir/C_/Pico/pico-sdk/lib/tinyusb/src/device/usbd.c.obj
 *fill*         0x1000879d        0x3 
 .rodata._usbd_driver
                0x100087a0       0x18 CMakeFiles/push.dir/C_/Pico/pico-sdk/lib/tinyusb/src/device/usbd.c.obj
 .rodata.tud_control_xfer.str1.4
                0x100087b8       0x17 CMakeFiles/push.dir/C_/Pico/pico-sdk/lib/tinyusb/src/device/usbd_control.c.obj
 .rodata.__func__.0
                0x100087b8       0x15 CMakeFiles/push.dir/C_/Pico/pico-sdk/lib/tinyusb/src/device/usbd_control.c.obj
 *fill*         0x100087cd        0x3 
 .rodata.__func__.1
                0x100087d0       0x11 CMakeFiles/push.dir/C_/Pico/pico-sdk/lib/tinyusb/src/device/usbd_control.c.obj
 .rodata.tud_cdc_n_write_flush.str1.4
                0x100087e1       0x17 CMakeFiles/push.dir/C_/Pico/pico-sdk/lib/tinyusb/src/class/cdc/cdc_device.c.obj
 *fill*         0x100087e1        0x3 
 .rodata.__func__.0
                0x100087e4        0xd CMakeFiles/push.dir/C_/Pico/pico-sdk/lib/tinyusb/src/class/cdc/cdc_device.c.obj
 *fill*         0x100087f1        0x3 
 .rodata.__func__.1
                0x100087f4        0xa CMakeFiles/push.dir/C_/Pico/pico-sdk/lib/tinyusb/src/class/cdc/cdc_device.c.obj
 *fill*         0x100087fe        0x2 
 .rodata.__func__.2
                0x10008800       0x16 CMakeFiles/push.dir/C_/Pico/pico-sdk/lib/tinyusb/src/class/cdc/cdc_device.c.obj
 .rodata.tusb_init.str1.4
                0x10008816       0x17 CMakeFiles/push.dir/C_/Pico/pico-sdk/lib/tinyusb/src/tusb.c.obj
 *fill*         0x10008816        0x2 
 .rodata.__func__.0
                0x10008818        0xa CMakeFiles/push.dir/C_/Pico/pico-sdk/lib/tinyusb/src/tusb.c.obj
 *fill*         0x10008822        0x2 
 .rodata.pico_get_unique_board_id_string.str1.4
                0x10008824       0x43 CMakeFiles/push.dir/C_/Pico/pico-sdk/src/rp2_common/pico_unique_id/unique_id.c.obj
 *fill*         0x10008867        0x1 
 .rodata.__func__.0
                0x10008868       0x20 CMakeFiles/push.dir/C_/Pico/pico-sdk/src/rp2_common/pico_unique_id/unique_id.c.obj
 .rodata.str1.4
                0x10008888      0x14e CMakeFiles/push.dir/C_/Pico/pico-sdk/src/rp2_common/hardware_flash/flash.c.obj
 *fill*         0x100089d6        0x2 
 .rodata.__func__.0
                0x100089d8        0xd CMakeFiles/push.dir/C_/Pico/pico-sdk/src/rp2_common/hardware_flash/flash.c.obj
 *fill*         0x100089e5        0x3 
 .rodata.multicore_lockout_start_block_until.str1.4
                0x100089e8       0x53 CMakeFiles/push.dir/C_/Pico/pico-sdk/src/rp2_common/pico_multicore/multicore.c.obj
 *fill*         0x10008a3b        0x1 
 .rodata.multicore_launch_core1_with_stack.str1.4
                0x10008a3c       0x19 CMakeFiles/push.dir/C_/Pico/pico-sdk/src/rp2_common/pico_multicore/multicore.c.obj
 *fill*         0x10008a55        0x3 
 .rodata.__func__.2
                0x10008a58       0x22 CMakeFiles/push.dir/C_/Pico/pico-sdk/src/rp2_common/pico_multicore/multicore.c.obj
                0x10008a7c                . = ALIGN (0x4)
 *fill*         0x10008a7a        0x2 
 *(SORT_BY_ALIGNMENT(SORT_BY_NAME(.flashdata*)))
                0x10008a7c                . = ALIGN (0x4)

.rel.dyn        0x10008a7c        0x0
 .rel.iplt      0x10008a7c        0x0 c:/progra~2/gnuarm~1/102021~1.10/bin/../lib/gcc/arm-none-eabi/10.3.1/thumb/v6-m/nofp/crtbegin.o

.ARM.extab
 *(.ARM.extab* .gnu.linkonce.armextab.*)
                0x10008a7c                __exidx_start = .

.ARM.exidx
 *(.ARM.exidx* .gnu.linkonce.armexidx.*)
                0x10008a7c                __exidx_end = .
                0x10008a7c                . = ALIGN (0x4)
                0x10008a7c                __binary_info_start = .

.binary_info    0x10008a7c       0x20
 *(.binary_info.keep.*)
 .binary_info.keep.__bi_ptr22
                0x10008a7c        0x4 CMakeFiles/push.dir/C_/Pico/pico-sdk/src/rp2_common/pico_standard_link/binary_info.c.obj
 .binary_info.keep.__bi_ptr30
                0x10008a80        0x4 CMakeFiles/push.dir/C_/Pico/pico-sdk/src/rp2_common/pico_standard_link/binary_info.c.obj
 .binary_info.keep.__bi_ptr38
                0x10008a84        0x4 CMakeFiles/push.dir/C_/Pico/pico-sdk/src/rp2_common/pico_standard_link/binary_info.c.obj
 .binary_info.keep.__bi_ptr44
                0x10008a88        0x4 CMakeFiles/push.dir/C_/Pico/pico-sdk/src/rp2_common/pico_standard_link/binary_info.c.obj
 .binary_info.keep.__bi_ptr50
                0x10008a8c        0x4 CMakeFiles/push.dir/C_/Pico/pico-sdk/src/rp2_common/pico_standard_link/binary_info.c.obj
 .binary_info.keep.__bi_ptr75
                0x10008a90        0x4 CMakeFiles/push.dir/C_/Pico/pico-sdk/src/rp2_common/pico_standard_link/binary_info.c.obj
 .binary_info.keep.__bi_ptr81
                0x10008a94        0x4 CMakeFiles/push.dir/C_/Pico/pico-sdk/src/rp2_common/pico_standard_link/binary_info.c.obj
 *(.binary_info.*)
 .binary_info.__bi_ptr93
                0x10008a98        0x4 CMakeFiles/push.dir/C_/Pico/pico-sdk/src/rp2_common/pico_stdio_usb/stdio_usb.c.obj
                0x10008a9c                __binary_info_end = .
                0x10008a9c                . = ALIGN (0x4)
                0x10008a9c                __etext = .

.ram_vector_table
                0x20000000       0xc0
 *(.ram_vector_table)
 .ram_vector_table
                0x20000000       0xc0 CMakeFiles/push.dir/C_/Pico/pico-sdk/src/rp2_common/pico_runtime/runtime.c.obj
                0x20000000                ram_vector_table

.data           0x200000c0      0x508 load address 0x10008a9c
                0x200000c0                __data_start__ = .
 *(vtable)
 *(.time_critical*)
 .time_critical.mutex_enter_blocking
                0x200000c0       0x94 CMakeFiles/push.dir/C_/Pico/pico-sdk/src/common/pico_sync/mutex.c.obj
                0x200000c0                mutex_enter_blocking
 .time_critical.mutex_try_enter
                0x20000154       0x5a CMakeFiles/push.dir/C_/Pico/pico-sdk/src/common/pico_sync/mutex.c.obj
                0x20000154                mutex_try_enter
 *fill*         0x200001ae        0x2 
 .time_critical.mutex_enter_block_until
                0x200001b0       0x8c CMakeFiles/push.dir/C_/Pico/pico-sdk/src/common/pico_sync/mutex.c.obj
                0x200001b0                mutex_enter_block_until
 .time_critical.mutex_enter_timeout_ms
                0x2000023c       0x74 CMakeFiles/push.dir/C_/Pico/pico-sdk/src/common/pico_sync/mutex.c.obj
                0x2000023c                mutex_enter_timeout_ms
 .time_critical.mutex_exit
                0x200002b0       0x94 CMakeFiles/push.dir/C_/Pico/pico-sdk/src/common/pico_sync/mutex.c.obj
                0x200002b0                mutex_exit
 .time_critical.flash_init_boot2_copyout
                0x20000344       0x30 CMakeFiles/push.dir/C_/Pico/pico-sdk/src/rp2_common/hardware_flash/flash.c.obj
 .time_critical.flash_enable_xip_via_boot2
                0x20000374       0x10 CMakeFiles/push.dir/C_/Pico/pico-sdk/src/rp2_common/hardware_flash/flash.c.obj
 .time_critical.flash_cs_force
                0x20000384       0x28 CMakeFiles/push.dir/C_/Pico/pico-sdk/src/rp2_common/hardware_flash/flash.c.obj
 .time_critical.flash_do_cmd
                0x200003ac       0xc0 CMakeFiles/push.dir/C_/Pico/pico-sdk/src/rp2_common/hardware_flash/flash.c.obj
                0x200003ac                flash_do_cmd
 *(.text*)
 .text          0x2000046c        0x4 c:/progra~2/gnuarm~1/102021~1.10/bin/../lib/gcc/arm-none-eabi/10.3.1/thumb/v6-m/nofp\libgcc.a(_dvmd_tls.o)
                0x2000046c                __aeabi_idiv0
                0x2000046c                __aeabi_ldiv0
 .text.__stub   0x20000470       0x50 linker stubs
                0x200004c0                . = ALIGN (0x4)
 *(.rodata*)
                0x200004c0                . = ALIGN (0x4)
 *(.data*)
 .data.START_CYCLE
                0x200004c0        0x1 CMakeFiles/push.dir/push.c.obj
                0x200004c0                START_CYCLE
 .data.striped_spin_lock_num
                0x200004c1        0x1 CMakeFiles/push.dir/C_/Pico/pico-sdk/src/rp2_common/hardware_sync/sync.c.obj
 *fill*         0x200004c2        0x2 
 .data.default_alarm_pool
                0x200004c4       0x18 CMakeFiles/push.dir/C_/Pico/pico-sdk/src/common/pico_time/time.c.obj
 .data.default_alarm_pool_heap
                0x200004dc       0x10 CMakeFiles/push.dir/C_/Pico/pico-sdk/src/common/pico_time/time.c.obj
 .data          0x200004ec       0x48 CMakeFiles/push.dir/C_/Pico/pico-sdk/src/rp2_common/hardware_irq/irq_handler_chain.S.obj
                0x200004ec                irq_handler_chain_slots
                0x2000051c                irq_handler_chain_first_slot
                0x20000526                irq_handler_chain_remove_tail
 *fill*         0x20000534        0xc 
 .data.aeabi_bits_funcs
                0x20000540       0x10 CMakeFiles/push.dir/C_/Pico/pico-sdk/src/rp2_common/pico_bit_ops/bit_ops_aeabi.S.obj
                0x20000540                aeabi_bits_funcs
                0x20000550                aeabi_bits_funcs_end
 .data.aeabi_mem_funcs
                0x20000550       0x10 CMakeFiles/push.dir/C_/Pico/pico-sdk/src/rp2_common/pico_mem_ops/mem_ops_aeabi.S.obj
                0x20000550                aeabi_mem_funcs
                0x20000560                aeabi_mem_funcs_end
 .data.stdio_usb
                0x20000560       0x14 CMakeFiles/push.dir/C_/Pico/pico-sdk/src/rp2_common/pico_stdio_usb/stdio_usb.c.obj
                0x20000560                stdio_usb
 .data.ep_dir_string
                0x20000574        0x8 CMakeFiles/push.dir/C_/Pico/pico-sdk/lib/tinyusb/src/portable/raspberrypi/rp2040/rp2040_usb.c.obj
                0x20000574                ep_dir_string
 .data._usbd_qdef
                0x2000057c       0x24 CMakeFiles/push.dir/C_/Pico/pico-sdk/lib/tinyusb/src/device/usbd.c.obj
                0x2000057c                _usbd_qdef
                0x200005a0                . = ALIGN (0x4)
 *(.after_data.*)
                0x200005a0                . = ALIGN (0x4)
                0x200005a0                PROVIDE (__mutex_array_start = .)
 *(SORT_BY_NAME(.mutex_array.*))
 *(.mutex_array)
 .mutex_array   0x200005a0        0x8 CMakeFiles/push.dir/C_/Pico/pico-sdk/src/rp2_common/pico_malloc/pico_malloc.c.obj
 .mutex_array   0x200005a8        0x8 CMakeFiles/push.dir/C_/Pico/pico-sdk/src/rp2_common/pico_stdio/stdio.c.obj
                0x200005b0                PROVIDE (__mutex_array_end = .)
                0x200005b0                . = ALIGN (0x4)
                0x200005b0                PROVIDE (__preinit_array_start = .)
 *(SORT_BY_NAME(.preinit_array.*))
 .preinit_array.00001
                0x200005b0        0x4 CMakeFiles/push.dir/C_/Pico/pico-sdk/src/rp2_common/pico_mem_ops/mem_ops_aeabi.S.obj
 .preinit_array.00010
                0x200005b4        0x4 CMakeFiles/push.dir/C_/Pico/pico-sdk/src/rp2_common/pico_bit_ops/bit_ops_aeabi.S.obj
 .preinit_array.00020
                0x200005b8        0x4 CMakeFiles/push.dir/C_/Pico/pico-sdk/src/rp2_common/pico_double/double_aeabi.S.obj
 .preinit_array.00020
                0x200005bc        0x4 CMakeFiles/push.dir/C_/Pico/pico-sdk/src/rp2_common/pico_float/float_aeabi.S.obj
 *(.preinit_array)
                0x200005c0                PROVIDE (__preinit_array_end = .)
                0x200005c0                . = ALIGN (0x4)
                0x200005c0                PROVIDE (__init_array_start = .)
 *(SORT_BY_NAME(.init_array.*))
 *(.init_array)
 .init_array    0x200005c0        0x4 c:/progra~2/gnuarm~1/102021~1.10/bin/../lib/gcc/arm-none-eabi/10.3.1/thumb/v6-m/nofp/crtbegin.o
 .init_array    0x200005c4        0x4 CMakeFiles/push.dir/C_/Pico/pico-sdk/src/rp2_common/pico_unique_id/unique_id.c.obj
                0x200005c8                PROVIDE (__init_array_end = .)
                0x200005c8                . = ALIGN (0x4)
                [!provide]                PROVIDE (__fini_array_start = .)
 *(SORT_BY_NAME(.fini_array.*))
 *(.fini_array)
                [!provide]                PROVIDE (__fini_array_end = .)
 *(.jcr)
                0x200005c8                . = ALIGN (0x4)
                0x200005c8                __data_end__ = .

.igot.plt       0x200005c8        0x0 load address 0x10008fa4
 .igot.plt      0x200005c8        0x0 c:/progra~2/gnuarm~1/102021~1.10/bin/../lib/gcc/arm-none-eabi/10.3.1/thumb/v6-m/nofp/crtbegin.o

.uninitialized_data
                0x200005c8        0x0 load address 0x10008fa4
                0x200005c8                . = ALIGN (0x4)
 *(.uninitialized_data*)

.scratch_x      0x20040000        0x0 load address 0x10008fa4
                0x20040000                __scratch_x_start__ = .
 *(.scratch_x.*)
                0x20040000                . = ALIGN (0x4)
                0x20040000                __scratch_x_end__ = .
                0x10008fa4                __scratch_x_source__ = LOADADDR (.scratch_x)

.scratch_y      0x20041000        0x0 load address 0x10008fa4
                0x20041000                __scratch_y_start__ = .
 *(.scratch_y.*)
                0x20041000                . = ALIGN (0x4)
                0x20041000                __scratch_y_end__ = .
                0x10008fa4                __scratch_y_source__ = LOADADDR (.scratch_y)

.bss            0x200005c8      0xd64
                0x200005c8                . = ALIGN (0x4)
                0x200005c8                __bss_start__ = .
 *(SORT_BY_ALIGNMENT(SORT_BY_NAME(.bss*)))
 .bss.default_alarm_pool_entries
                0x200005c8      0x100 CMakeFiles/push.dir/C_/Pico/pico-sdk/src/common/pico_time/time.c.obj
 .bss.last_avail_time.2
                0x200006c8        0x8 CMakeFiles/push.dir/C_/Pico/pico-sdk/src/rp2_common/pico_stdio_usb/stdio_usb.c.obj
 .bss           0x200006d0       0x1c c:/progra~2/gnuarm~1/102021~1.10/bin/../lib/gcc/arm-none-eabi/10.3.1/thumb/v6-m/nofp/crtbegin.o
 .bss._app_driver
                0x200006ec        0x4 CMakeFiles/push.dir/C_/Pico/pico-sdk/lib/tinyusb/src/device/usbd.c.obj
 .bss._cdcd_itf
                0x200006f0      0x2d8 CMakeFiles/push.dir/C_/Pico/pico-sdk/lib/tinyusb/src/class/cdc/cdc_device.c.obj
 .bss._ctrl_xfer
                0x200009c8       0x14 CMakeFiles/push.dir/C_/Pico/pico-sdk/lib/tinyusb/src/device/usbd_control.c.obj
 .bss._ubsd_mutexdef
                0x200009dc        0x8 CMakeFiles/push.dir/C_/Pico/pico-sdk/lib/tinyusb/src/device/usbd.c.obj
 .bss._usbd_ctrl_buf
                0x200009e4       0x40 CMakeFiles/push.dir/C_/Pico/pico-sdk/lib/tinyusb/src/device/usbd_control.c.obj
 .bss._usbd_dev
                0x20000a24       0x37 CMakeFiles/push.dir/C_/Pico/pico-sdk/lib/tinyusb/src/device/usbd.c.obj
 *fill*         0x20000a5b        0x1 
 .bss._usbd_mutex
                0x20000a5c        0x4 CMakeFiles/push.dir/C_/Pico/pico-sdk/lib/tinyusb/src/device/usbd.c.obj
 .bss._usbd_q   0x20000a60        0x4 CMakeFiles/push.dir/C_/Pico/pico-sdk/lib/tinyusb/src/device/usbd.c.obj
 .bss._usbd_qdef_buf
                0x20000a64       0xc0 CMakeFiles/push.dir/C_/Pico/pico-sdk/lib/tinyusb/src/device/usbd.c.obj
                0x20000a64                _usbd_qdef_buf
 .bss.alarm_callbacks
                0x20000b24       0x10 CMakeFiles/push.dir/C_/Pico/pico-sdk/src/rp2_common/hardware_timer/timer.c.obj
 .bss.boot2_copyout
                0x20000b34      0x100 CMakeFiles/push.dir/C_/Pico/pico-sdk/src/rp2_common/hardware_flash/flash.c.obj
 .bss.claimed   0x20000c34        0x4 CMakeFiles/push.dir/C_/Pico/pico-sdk/src/rp2_common/hardware_sync/sync.c.obj
 .bss.configured_freq
                0x20000c38       0x28 CMakeFiles/push.dir/C_/Pico/pico-sdk/src/rp2_common/hardware_clocks/clocks.c.obj
 .bss.default_alarm_pool_entry_ids_high
                0x20000c60       0x10 CMakeFiles/push.dir/C_/Pico/pico-sdk/src/common/pico_time/time.c.obj
 .bss.default_alarm_pool_heap_nodes
                0x20000c70       0x30 CMakeFiles/push.dir/C_/Pico/pico-sdk/src/common/pico_time/time.c.obj
 .bss.desc_str.0
                0x20000ca0       0x28 CMakeFiles/push.dir/C_/Pico/pico-sdk/src/rp2_common/pico_stdio_usb/stdio_usb_descriptors.c.obj
 .bss.drivers   0x20000cc8        0x4 CMakeFiles/push.dir/C_/Pico/pico-sdk/src/rp2_common/pico_stdio/stdio.c.obj
 .bss.filter    0x20000ccc        0x4 CMakeFiles/push.dir/C_/Pico/pico-sdk/src/rp2_common/pico_stdio/stdio.c.obj
 .bss.hw_endpoints
                0x20000cd0      0x400 CMakeFiles/push.dir/C_/Pico/pico-sdk/lib/tinyusb/src/portable/raspberrypi/rp2040/dcd_rp2040.c.obj
 .bss.load_value
                0x200010d0        0x4 CMakeFiles/push.dir/C_/Pico/pico-sdk/src/rp2_common/hardware_watchdog/watchdog.c.obj
 .bss.next_buffer_ptr
                0x200010d4        0x4 CMakeFiles/push.dir/C_/Pico/pico-sdk/lib/tinyusb/src/portable/raspberrypi/rp2040/dcd_rp2040.c.obj
 .bss.pools     0x200010d8       0x10 CMakeFiles/push.dir/C_/Pico/pico-sdk/src/common/pico_time/time.c.obj
 .bss.retrieved_id