Archive member included to satisfy reference by file (symbol)

c:/progra~2/gnuarm~1/102021~1.10/bin/../lib/gcc/arm-none-eabi/10.3.1/thumb/v6-m/nofp\libgcc.a(_dvmd_tls.o)
                              CMakeFiles/push.dir/C_/Pico/pico-sdk/src/rp2_common/pico_divider/divider.S.obj (__aeabi_idiv0)
c:/progra~2/gnuarm~1/102021~1.10/bin/../lib/gcc/arm-none-eabi/10.3.1/../../../../arm-none-eabi/lib/thumb/v6-m/nofp\libg.a(lib_a-calloc.o)
                              CMakeFiles/push.dir/C_/Pico/pico-sdk/src/rp2_common/pico_malloc/pico_malloc.c.obj (calloc)
c:/progra~2/gnuarm~1/102021~1.10/bin/../lib/gcc/arm-none-eabi/10.3.1/../../../../arm-none-eabi/lib/thumb/v6-m/nofp\libg.a(lib_a-callocr.o)
                              c:/progra~2/gnuarm~1/102021~1.10/bin/../lib/gcc/arm-none-eabi/10.3.1/../../../../arm-none-eabi/lib/thumb/v6-m/nofp\libg.a(lib_a-calloc.o) (_calloc_r)
c:/progra~2/gnuarm~1/102021~1.10/bin/../lib/gcc/arm-none-eabi/10.3.1/../../../../arm-none-eabi/lib/thumb/v6-m/nofp\libg.a(lib_a-ctype_.o)
                              CMakeFiles/push.dir/C_/Pico/pico-sdk/lib/tinyusb/src/tusb.c.obj (_ctype_)
c:/progra~2/gnuarm~1/102021~1.10/bin/../lib/gcc/arm-none-eabi/10.3.1/../../../../arm-none-eabi/lib/thumb/v6-m/nofp\libg.a(lib_a-errno.o)
                              c:/progra~2/gnuarm~1/102021~1.10/bin/../lib/gcc/arm-none-eabi/10.3.1/../../../../arm-none-eabi/lib/thumb/v6-m/nofp\libg.a(lib_a-callocr.o) (__errno)
c:/progra~2/gnuarm~1/102021~1.10/bin/../lib/gcc/arm-none-eabi/10.3.1/../../../../arm-none-eabi/lib/thumb/v6-m/nofp\libg.a(lib_a-impure.o)
                              c:/progra~2/gnuarm~1/102021~1.10/bin/../lib/gcc/arm-none-eabi/10.3.1/../../../../arm-none-eabi/lib/thumb/v6-m/nofp\libg.a(lib_a-calloc.o) (_impure_ptr)
c:/progra~2/gnuarm~1/102021~1.10/bin/../lib/gcc/arm-none-eabi/10.3.1/../../../../arm-none-eabi/lib/thumb/v6-m/nofp\libg.a(lib_a-init.o)
                              c:/progra~2/gnuarm~1/102021~1.10/bin/../lib/gcc/arm-none-eabi/10.3.1/../../../../arm-none-eabi/lib/thumb/v6-m/nofp/crt0.o (__libc_init_array)
c:/progra~2/gnuarm~1/102021~1.10/bin/../lib/gcc/arm-none-eabi/10.3.1/../../../../arm-none-eabi/lib/thumb/v6-m/nofp\libg.a(lib_a-malloc.o)
                              CMakeFiles/push.dir/C_/Pico/pico-sdk/src/rp2_common/pico_malloc/pico_malloc.c.obj (malloc)
c:/progra~2/gnuarm~1/102021~1.10/bin/../lib/gcc/arm-none-eabi/10.3.1/../../../../arm-none-eabi/lib/thumb/v6-m/nofp\libg.a(lib_a-mallocr.o)
                              c:/progra~2/gnuarm~1/102021~1.10/bin/../lib/gcc/arm-none-eabi/10.3.1/../../../../arm-none-eabi/lib/thumb/v6-m/nofp\libg.a(lib_a-callocr.o) (_malloc_r)
c:/progra~2/gnuarm~1/102021~1.10/bin/../lib/gcc/arm-none-eabi/10.3.1/../../../../arm-none-eabi/lib/thumb/v6-m/nofp\libg.a(lib_a-mlock.o)
                              c:/progra~2/gnuarm~1/102021~1.10/bin/../lib/gcc/arm-none-eabi/10.3.1/../../../../arm-none-eabi/lib/thumb/v6-m/nofp\libg.a(lib_a-mallocr.o) (__malloc_lock)
c:/progra~2/gnuarm~1/102021~1.10/bin/../lib/gcc/arm-none-eabi/10.3.1/../../../../arm-none-eabi/lib/thumb/v6-m/nofp\libg.a(lib_a-sbrkr.o)
                              c:/progra~2/gnuarm~1/102021~1.10/bin/../lib/gcc/arm-none-eabi/10.3.1/../../../../arm-none-eabi/lib/thumb/v6-m/nofp\libg.a(lib_a-mallocr.o) (_sbrk_r)
c:/progra~2/gnuarm~1/102021~1.10/bin/../lib/gcc/arm-none-eabi/10.3.1/../../../../arm-none-eabi/lib/thumb/v6-m/nofp\libg.a(lib_a-strlen-stub.o)
                              CMakeFiles/push.dir/C_/Pico/pico-sdk/src/rp2_common/pico_stdio/stdio.c.obj (strlen)
c:/progra~2/gnuarm~1/102021~1.10/bin/../lib/gcc/arm-none-eabi/10.3.1/../../../../arm-none-eabi/lib/thumb/v6-m/nofp\libg.a(lib_a-freer.o)
                              c:/progra~2/gnuarm~1/102021~1.10/bin/../lib/gcc/arm-none-eabi/10.3.1/../../../../arm-none-eabi/lib/thumb/v6-m/nofp\libg.a(lib_a-malloc.o) (_free_r)
c:/progra~2/gnuarm~1/102021~1.10/bin/../lib/gcc/arm-none-eabi/10.3.1/../../../../arm-none-eabi/lib/thumb/v6-m/nofp\libg.a(lib_a-lock.o)
                              c:/progra~2/gnuarm~1/102021~1.10/bin/../lib/gcc/arm-none-eabi/10.3.1/../../../../arm-none-eabi/lib/thumb/v6-m/nofp\libg.a(lib_a-mlock.o) (__retarget_lock_acquire_recursive)
c:/progra~2/gnuarm~1/102021~1.10/bin/../lib/gcc/arm-none-eabi/10.3.1/../../../../arm-none-eabi/lib/thumb/v6-m/nofp\libg.a(lib_a-reent.o)
                              c:/progra~2/gnuarm~1/102021~1.10/bin/../lib/gcc/arm-none-eabi/10.3.1/../../../../arm-none-eabi/lib/thumb/v6-m/nofp\libg.a(lib_a-sbrkr.o) (errno)

Discarded input sections

 .text          0x00000000        0x0 c:/progra~2/gnuarm~1/102021~1.10/bin/../lib/gcc/arm-none-eabi/10.3.1/thumb/v6-m/nofp/crti.o
 .data          0x00000000        0x0 c:/progra~2/gnuarm~1/102021~1.10/bin/../lib/gcc/arm-none-eabi/10.3.1/thumb/v6-m/nofp/crti.o
 .bss           0x00000000        0x0 c:/progra~2/gnuarm~1/102021~1.10/bin/../lib/gcc/arm-none-eabi/10.3.1/thumb/v6-m/nofp/crti.o
[...]
Memory Configuration

Name             Origin             Length             Attributes
FLASH            0x10000000         0x00200000         xr
RAM              0x20000000         0x00040000         xrw
SCRATCH_X        0x20040000         0x00001000         xrw
SCRATCH_Y        0x20041000         0x00001000         xrw
*default*        0x00000000         0xffffffff

Linker script and memory map

LOAD c:/progra~2/gnuarm~1/102021~1.10/bin/../lib/gcc/arm-none-eabi/10.3.1/thumb/v6-m/nofp/crti.o
LOAD c:/progra~2/gnuarm~1/102021~1.10/bin/../lib/gcc/arm-none-eabi/10.3.1/thumb/v6-m/nofp/crtbegin.o
LOAD c:/progra~2/gnuarm~1/102021~1.10/bin/../lib/gcc/arm-none-eabi/10.3.1/../../../../arm-none-eabi/lib/thumb/v6-m/nofp/crt0.o

.flash_begin    0x10000000        0x0
                0x10000000                __flash_binary_start = .

.boot2          0x10000000      0x100
                0x10000000                __boot2_start__ = .
 *(.boot2)
 .boot2         0x10000000      0x100 C:\Users\sbake\AppData\Local\Temp\ccScV03I.o
                0x10000100                __boot2_end__ = .
                0x00000001                ASSERT (((__boot2_end__ - __boot2_start__) == 0x100), ERROR: Pico second stage bootloader must be 256 bytes in size)

.text           0x10000100     0x7398
                0x10000100                __logical_binary_start = .
 *(.vectors)
 .vectors       0x10000100       0xd4 CMakeFiles/push.dir/C_/Pico/pico-sdk/src/rp2_common/pico_standard_link/crt0.S.obj
                0x10000100                __VECTOR_TABLE
                0x10000100                __vectors
                0x100001c0                isr_invalid
                0x100001c0                __default_isrs_start
                0x100001c2                isr_nmi
                0x100001c4                isr_hardfault
                0x100001c6                isr_svcall
                0x100001c8                isr_pendsv
                0x100001ca                isr_systick
                0x100001cc                isr_irq23
                0x100001cc                isr_irq18
                0x100001cc                isr_irq11
                0x100001cc                isr_irq28
                0x100001cc                isr_irq19
                0x100001cc                isr_irq0
                0x100001cc                isr_irq6
                0x100001cc                isr_irq5
                0x100001cc                isr_irq12
                0x100001cc                isr_irq22
                0x100001cc                isr_irq31
                0x100001cc                isr_irq17
                0x100001cc                isr_irq27
                0x100001cc                isr_irq30
                0x100001cc                isr_irq2
                0x100001cc                isr_irq10
                0x100001cc                isr_irq8
                0x100001cc                isr_irq24
                0x100001cc                isr_irq1
                0x100001cc                isr_irq7
                0x100001cc                isr_irq21
                0x100001cc                isr_irq20
                0x100001cc                isr_irq15
                0x100001cc                isr_irq25
                0x100001cc                isr_irq13
                0x100001cc                __unhandled_user_irq
                0x100001cc                isr_irq4
                0x100001cc                isr_irq16
                0x100001cc                isr_irq29
                0x100001cc                isr_irq26
                0x100001cc                __default_isrs_end
                0x100001cc                isr_irq3
                0x100001cc                isr_irq14
                0x100001cc                isr_irq9
                0x100001d2                unhandled_user_irq_num_in_r0
 *(.binary_info_header)
 .binary_info_header
                0x100001d4       0x14 CMakeFiles/push.dir/C_/Pico/pico-sdk/src/rp2_common/pico_standard_link/crt0.S.obj
                0x100001e8                __binary_info_header_end = .
 *(.reset)
 .reset         0x100001e8       0xa8 CMakeFiles/push.dir/C_/Pico/pico-sdk/src/rp2_common/pico_standard_link/crt0.S.obj
                0x100001e8                _entry_point
                0x10000266                __get_current_exception
 .reset         0x10000290       0x30 CMakeFiles/push.dir/C_/Pico/pico-sdk/src/rp2_common/pico_standard_link/binary_info.c.obj
 *(.init)
 .init          0x100002c0        0x4 c:/progra~2/gnuarm~1/102021~1.10/bin/../lib/gcc/arm-none-eabi/10.3.1/thumb/v6-m/nofp/crti.o
                0x100002c0                _init
 *(EXCLUDE_FILE(*libm.a: *libc.a:*lib_a-mem*.o *libgcc.a:) .text*)
 .text          0x100002c4       0x48 c:/progra~2/gnuarm~1/102021~1.10/bin/../lib/gcc/arm-none-eabi/10.3.1/thumb/v6-m/nofp/crtbegin.o
 .text.secondCoreCode
                0x1000030c        0x2 CMakeFiles/push.dir/push.c.obj
                0x1000030c                secondCoreCode
 .text.motorPinInit
                0x1000030e       0x48 CMakeFiles/push.dir/push.c.obj
                0x1000030e                motorPinInit
 .text.ultrasonicSensorPinInit
                0x10000356       0x64 CMakeFiles/push.dir/push.c.obj
                0x10000356                ultrasonicSensorPinInit
 *fill*         0x100003ba        0x2 
 .text.ultrasonicSensorTrig
                0x100003bc       0x84 CMakeFiles/push.dir/push.c.obj
                0x100003bc                ultrasonicSensorTrig
 .text.startUp  0x10000440       0x42 CMakeFiles/push.dir/push.c.obj
                0x10000440                startUp
 .text.forwards
                0x10000482       0x1e CMakeFiles/push.dir/push.c.obj
                0x10000482                forwards
 .text.turn_right
                0x100004a0       0x1e CMakeFiles/push.dir/push.c.obj
                0x100004a0                turn_right
 .text.turn_left
                0x100004be       0x1e CMakeFiles/push.dir/push.c.obj
                0x100004be                turn_left
 .text.main     0x100004dc       0xac CMakeFiles/push.dir/push.c.obj
                0x100004dc                main
 .text.set_sys_clock_pll
                0x10000588       0x78 CMakeFiles/push.dir/C_/Pico/pico-sdk/src/rp2_common/pico_stdlib/stdlib.c.obj
                0x10000588                set_sys_clock_pll
 .text.check_sys_clock_khz
                0x10000600       0xb0 CMakeFiles/push.dir/C_/Pico/pico-sdk/src/rp2_common/pico_stdlib/stdlib.c.obj
                0x10000600                check_sys_clock_khz
 .text.gpio_set_function
                0x100006b0       0x30 CMakeFiles/push.dir/C_/Pico/pico-sdk/src/rp2_common/hardware_gpio/gpio.c.obj
                0x100006b0                gpio_set_function
 .text.gpio_init
                0x100006e0       0x16 CMakeFiles/push.dir/C_/Pico/pico-sdk/src/rp2_common/hardware_gpio/gpio.c.obj
                0x100006e0                gpio_init
 *fill*         0x100006f6        0x2 
 .text.hw_claim_lock
                0x100006f8       0x18 CMakeFiles/push.dir/C_/Pico/pico-sdk/src/rp2_common/hardware_claim/claim.c.obj
                0x100006f8                hw_claim_lock
 .text.hw_claim_unlock
                0x10000710       0x14 CMakeFiles/push.dir/C_/Pico/pico-sdk/src/rp2_common/hardware_claim/claim.c.obj
                0x10000710                hw_claim_unlock
 .text.hw_claim_or_assert
                0x10000724       0x32 CMakeFiles/push.dir/C_/Pico/pico-sdk/src/rp2_common/hardware_claim/claim.c.obj
                0x10000724                hw_claim_or_assert
 .text.hw_claim_unused_from_range
                0x10000756       0x50 CMakeFiles/push.dir/C_/Pico/pico-sdk/src/rp2_common/hardware_claim/claim.c.obj
                0x10000756                hw_claim_unused_from_range
 *fill*         0x100007a6        0x2 
 .text.running_on_fpga
                0x100007a8       0x14 CMakeFiles/push.dir/C_/Pico/pico-sdk/src/rp2_common/pico_platform/platform.c.obj
                0x100007a8                running_on_fpga
 .text.spin_locks_reset
                0x100007bc       0x20 CMakeFiles/push.dir/C_/Pico/pico-sdk/src/rp2_common/hardware_sync/sync.c.obj
                0x100007bc                spin_locks_reset
 .text.next_striped_spin_lock_num
                0x100007dc       0x1c CMakeFiles/push.dir/C_/Pico/pico-sdk/src/rp2_common/hardware_sync/sync.c.obj
                0x100007dc                next_striped_spin_lock_num
 .text.spin_lock_claim_unused
                0x100007f8       0x20 CMakeFiles/push.dir/C_/Pico/pico-sdk/src/rp2_common/hardware_sync/sync.c.obj
                0x100007f8                spin_lock_claim_unused
 .text.alarm_pool_post_alloc_init
                0x10000818       0x40 CMakeFiles/push.dir/C_/Pico/pico-sdk/src/common/pico_time/time.c.obj
 .text.sleep_until_callback
                0x10000858       0x30 CMakeFiles/push.dir/C_/Pico/pico-sdk/src/common/pico_time/time.c.obj
 .text.timer_pool_entry_comparator
                0x10000888       0x7c CMakeFiles/push.dir/C_/Pico/pico-sdk/src/common/pico_time/time.c.obj
                0x10000888                timer_pool_entry_comparator
 .text.ph_add_child_node
                0x10000904       0xa4 CMakeFiles/push.dir/C_/Pico/pico-sdk/src/common/pico_time/time.c.obj
 .text.ph_merge_nodes
                0x100009a8       0x3e CMakeFiles/push.dir/C_/Pico/pico-sdk/src/common/pico_time/time.c.obj
 *fill*         0x100009e6        0x2 
 .text.add_alarm_under_lock
                0x100009e8      0x174 CMakeFiles/push.dir/C_/Pico/pico-sdk/src/common/pico_time/time.c.obj
 .text.alarm_pool_alarm_callback
                0x10000b5c      0x328 CMakeFiles/push.dir/C_/Pico/pico-sdk/src/common/pico_time/time.c.obj
 .text.alarm_pool_init_default
                0x10000e84       0x38 CMakeFiles/push.dir/C_/Pico/pico-sdk/src/common/pico_time/time.c.obj
                0x10000e84                alarm_pool_init_default
 .text.alarm_pool_get_default
                0x10000ebc       0x2c CMakeFiles/push.dir/C_/Pico/pico-sdk/src/common/pico_time/time.c.obj
                0x10000ebc                alarm_pool_get_default
 .text.alarm_pool_add_alarm_at
                0x10000ee8      0x170 CMakeFiles/push.dir/C_/Pico/pico-sdk/src/common/pico_time/time.c.obj
                0x10000ee8                alarm_pool_add_alarm_at
 .text.alarm_pool_cancel_alarm
                0x10001058       0xec CMakeFiles/push.dir/C_/Pico/pico-sdk/src/common/pico_time/time.c.obj
                0x10001058                alarm_pool_cancel_alarm
 .text.sleep_until
                0x10001144       0xfc CMakeFiles/push.dir/C_/Pico/pico-sdk/src/common/pico_time/time.c.obj
                0x10001144                sleep_until
 .text.sleep_us
                0x10001240       0x58 CMakeFiles/push.dir/C_/Pico/pico-sdk/src/common/pico_time/time.c.obj
                0x10001240                sleep_us
 .text.sleep_ms
                0x10001298       0x14 CMakeFiles/push.dir/C_/Pico/pico-sdk/src/common/pico_time/time.c.obj
                0x10001298                sleep_ms
 .text.best_effort_wfe_or_timeout
                0x100012ac       0x80 CMakeFiles/push.dir/C_/Pico/pico-sdk/src/common/pico_time/time.c.obj
                0x100012ac                best_effort_wfe_or_timeout
 .text.hardware_alarm_irq_handler
                0x1000132c       0x8c CMakeFiles/push.dir/C_/Pico/pico-sdk/src/rp2_common/hardware_timer/timer.c.obj
 .text.hardware_alarm_claim
                0x100013b8       0x18 CMakeFiles/push.dir/C_/Pico/pico-sdk/src/rp2_common/hardware_timer/timer.c.obj
                0x100013b8                hardware_alarm_claim
 .text.time_us_64
                0x100013d0       0x18 CMakeFiles/push.dir/C_/Pico/pico-sdk/src/rp2_common/hardware_timer/timer.c.obj
                0x100013d0                time_us_64
 .text.busy_wait_until
                0x100013e8       0x28 CMakeFiles/push.dir/C_/Pico/pico-sdk/src/rp2_common/hardware_timer/timer.c.obj
                0x100013e8                busy_wait_until
 .text.hardware_alarm_set_callback
                0x10001410       0x90 CMakeFiles/push.dir/C_/Pico/pico-sdk/src/rp2_common/hardware_timer/timer.c.obj
                0x10001410                hardware_alarm_set_callback
 .text.hardware_alarm_set_target
                0x100014a0       0xe8 CMakeFiles/push.dir/C_/Pico/pico-sdk/src/rp2_common/hardware_timer/timer.c.obj
                0x100014a0                hardware_alarm_set_target
 .text.hardware_alarm_cancel
                0x10001588       0x40 CMakeFiles/push.dir/C_/Pico/pico-sdk/src/rp2_common/hardware_timer/timer.c.obj
                0x10001588                hardware_alarm_cancel
 .text.lock_init
                0x100015c8       0x10 CMakeFiles/push.dir/C_/Pico/pico-sdk/src/common/pico_sync/lock_core.c.obj
                0x100015c8                lock_init
 .text.mutex_init_internal
                0x100015d8       0x1e CMakeFiles/push.dir/C_/Pico/pico-sdk/src/common/pico_sync/mutex.c.obj
 .text.mutex_init
                0x100015f6        0xa CMakeFiles/push.dir/C_/Pico/pico-sdk/src/common/pico_sync/mutex.c.obj
                0x100015f6                mutex_init
 .text.recursive_mutex_init
                0x10001600        0xa CMakeFiles/push.dir/C_/Pico/pico-sdk/src/common/pico_sync/mutex.c.obj
                0x10001600                recursive_mutex_init
 *fill*         0x1000160a        0x2 
 .text.critical_section_init_with_lock_num
                0x1000160c       0x14 CMakeFiles/push.dir/C_/Pico/pico-sdk/src/common/pico_sync/critical_section.c.obj
                0x1000160c                critical_section_init_with_lock_num
 .text.critical_section_init
                0x10001620       0x14 CMakeFiles/push.dir/C_/Pico/pico-sdk/src/common/pico_sync/critical_section.c.obj
                0x10001620                critical_section_init
 .text.ph_add_child_node
                0x10001634       0xa4 CMakeFiles/push.dir/C_/Pico/pico-sdk/src/common/pico_util/pheap.c.obj
 .text.ph_merge_nodes
                0x100016d8       0x3e CMakeFiles/push.dir/C_/Pico/pico-sdk/src/common/pico_util/pheap.c.obj
 *fill*         0x10001716        0x2 
 .text.ph_clear
                0x10001718       0x70 CMakeFiles/push.dir/C_/Pico/pico-sdk/src/common/pico_util/pheap.c.obj
                0x10001718                ph_clear
 .text.ph_post_alloc_init
                0x10001788        0xe CMakeFiles/push.dir/C_/Pico/pico-sdk/src/common/pico_util/pheap.c.obj
                0x10001788                ph_post_alloc_init
 *fill*         0x10001796        0x2 
 .text.ph_merge_two_pass
                0x10001798       0xa8 CMakeFiles/push.dir/C_/Pico/pico-sdk/src/common/pico_util/pheap.c.obj
                0x10001798                ph_merge_two_pass
 .text.ph_remove_any_head
                0x10001840      0x108 CMakeFiles/push.dir/C_/Pico/pico-sdk/src/common/pico_util/pheap.c.obj
 .text.ph_remove_head
                0x10001948       0x14 CMakeFiles/push.dir/C_/Pico/pico-sdk/src/common/pico_util/pheap.c.obj
                0x10001948                ph_remove_head
 .text.ph_remove_and_free_node
                0x1000195c       0xf8 CMakeFiles/push.dir/C_/Pico/pico-sdk/src/common/pico_util/pheap.c.obj
                0x1000195c                ph_remove_and_free_node
 .text.runtime_init
                0x10001a54       0xd8 CMakeFiles/push.dir/C_/Pico/pico-sdk/src/rp2_common/pico_runtime/runtime.c.obj
                0x10001a54                runtime_init
 .text._exit    0x10001b2c        0x4 CMakeFiles/push.dir/C_/Pico/pico-sdk/src/rp2_common/pico_runtime/runtime.c.obj
                0x10001b2c                _exit
 .text.exit     0x10001b30        0x6 CMakeFiles/push.dir/C_/Pico/pico-sdk/src/rp2_common/pico_runtime/runtime.c.obj
                0x10001b30                exit
 *fill*         0x10001b36        0x2 
 .text.__assert_func
                0x10001b38       0x3c CMakeFiles/push.dir/C_/Pico/pico-sdk/src/rp2_common/pico_runtime/runtime.c.obj
                0x10001b38                __assert_func
 .text.panic    0x10001b74       0x30 CMakeFiles/push.dir/C_/Pico/pico-sdk/src/rp2_common/pico_runtime/runtime.c.obj
                0x10001b74                panic
 .text.clock_configure
                0x10001ba4      0x104 CMakeFiles/push.dir/C_/Pico/pico-sdk/src/rp2_common/hardware_clocks/clocks.c.obj
                0x10001ba4                clock_configure
 .text.clocks_init
                0x10001ca8      0x100 CMakeFiles/push.dir/C_/Pico/pico-sdk/src/rp2_common/hardware_clocks/clocks.c.obj
                0x10001ca8                clocks_init
 .text.clock_get_hz
                0x10001da8        0xc CMakeFiles/push.dir/C_/Pico/pico-sdk/src/rp2_common/hardware_clocks/clocks.c.obj
                0x10001da8                clock_get_hz
 .text.set_raw_irq_handler_and_unlock
                0x10001db4       0x28 CMakeFiles/push.dir/C_/Pico/pico-sdk/src/rp2_common/hardware_irq/irq.c.obj
 .text.make_branch
                0x10001ddc       0x34 CMakeFiles/push.dir/C_/Pico/pico-sdk/src/rp2_common/hardware_irq/irq.c.obj
 .text.insert_branch_and_link
                0x10001e10       0x40 CMakeFiles/push.dir/C_/Pico/pico-sdk/src/rp2_common/hardware_irq/irq.c.obj
 .text.irq_is_enabled
                0x10001e50       0x18 CMakeFiles/push.dir/C_/Pico/pico-sdk/src/rp2_common/hardware_irq/irq.c.obj
                0x10001e50                irq_is_enabled
 .text.irq_set_mask_enabled
                0x10001e68       0x20 CMakeFiles/push.dir/C_/Pico/pico-sdk/src/rp2_common/hardware_irq/irq.c.obj
                0x10001e68                irq_set_mask_enabled
 .text.irq_set_enabled
                0x10001e88        0xe CMakeFiles/push.dir/C_/Pico/pico-sdk/src/rp2_common/hardware_irq/irq.c.obj
                0x10001e88                irq_set_enabled
 *fill*         0x10001e96        0x2 
 .text.irq_set_pending
                0x10001e98       0x10 CMakeFiles/push.dir/C_/Pico/pico-sdk/src/rp2_common/hardware_irq/irq.c.obj
                0x10001e98                irq_set_pending
 .text.irq_get_vtable_handler
                0x10001ea8       0x10 CMakeFiles/push.dir/C_/Pico/pico-sdk/src/rp2_common/hardware_irq/irq.c.obj
                0x10001ea8                irq_get_vtable_handler
 .text.irq_set_exclusive_handler
                0x10001eb8       0x54 CMakeFiles/push.dir/C_/Pico/pico-sdk/src/rp2_common/hardware_irq/irq.c.obj
                0x10001eb8                irq_set_exclusive_handler
 .text.irq_remove_handler
                0x10001f0c      0x1ac CMakeFiles/push.dir/C_/Pico/pico-sdk/src/rp2_common/hardware_irq/irq.c.obj
                0x10001f0c                irq_remove_handler
 .text.irq_set_priority
                0x100020b8       0x28 CMakeFiles/push.dir/C_/Pico/pico-sdk/src/rp2_common/hardware_irq/irq.c.obj
                0x100020b8                irq_set_priority
 .text.irq_add_tail_to_free_list
                0x100020e0       0xf0 CMakeFiles/push.dir/C_/Pico/pico-sdk/src/rp2_common/hardware_irq/irq.c.obj
                0x100020e0                irq_add_tail_to_free_list
 .text.irq_init_priorities
                0x100021d0       0x16 CMakeFiles/push.dir/C_/Pico/pico-sdk/src/rp2_common/hardware_irq/irq.c.obj
                0x100021d0                irq_init_priorities
 *fill*         0x100021e6        0x2 
 .text.pll_init
                0x100021e8      0x118 CMakeFiles/push.dir/C_/Pico/pico-sdk/src/rp2_common/hardware_pll/pll.c.obj
                0x100021e8                pll_init
 .text.watchdog_start_tick
                0x10002300       0x10 CMakeFiles/push.dir/C_/Pico/pico-sdk/src/rp2_common/hardware_watchdog/watchdog.c.obj
                0x10002300                watchdog_start_tick
 .text.watchdog_update
                0x10002310       0x14 CMakeFiles/push.dir/C_/Pico/pico-sdk/src/rp2_common/hardware_watchdog/watchdog.c.obj
                0x10002310                watchdog_update
 .text._watchdog_enable
                0x10002324       0x70 CMakeFiles/push.dir/C_/Pico/pico-sdk/src/rp2_common/hardware_watchdog/watchdog.c.obj
                0x10002324                _watchdog_enable
 .text.watchdog_reboot
                0x10002394       0x48 CMakeFiles/push.dir/C_/Pico/pico-sdk/src/rp2_common/hardware_watchdog/watchdog.c.obj
                0x10002394                watchdog_reboot
 .text.xosc_init
                0x100023dc       0x28 CMakeFiles/push.dir/C_/Pico/pico-sdk/src/rp2_common/hardware_xosc/xosc.c.obj
                0x100023dc                xosc_init
 .text._out_null
                0x10002404        0x2 CMakeFiles/push.dir/C_/Pico/pico-sdk/src/rp2_common/pico_printf/printf.c.obj
 .text._out_fct
                0x10002406        0xe CMakeFiles/push.dir/C_/Pico/pico-sdk/src/rp2_common/pico_printf/printf.c.obj
 .text._atoi    0x10002414       0x24 CMakeFiles/push.dir/C_/Pico/pico-sdk/src/rp2_common/pico_printf/printf.c.obj
 .text._out_rev
                0x10002438       0xae CMakeFiles/push.dir/C_/Pico/pico-sdk/src/rp2_common/pico_printf/printf.c.obj
 .text._ntoa_format
                0x100024e6      0x112 CMakeFiles/push.dir/C_/Pico/pico-sdk/src/rp2_common/pico_printf/printf.c.obj
 .text._ntoa_long
                0x100025f8       0xbc CMakeFiles/push.dir/C_/Pico/pico-sdk/src/rp2_common/pico_printf/printf.c.obj
 .text._ntoa_long_long
                0x100026b4       0xe2 CMakeFiles/push.dir/C_/Pico/pico-sdk/src/rp2_common/pico_printf/printf.c.obj
 *fill*         0x10002796        0x2 
 .text._etoa    0x10002798      0x414 CMakeFiles/push.dir/C_/Pico/pico-sdk/src/rp2_common/pico_printf/printf.c.obj
 .text._ftoa    0x10002bac      0x354 CMakeFiles/push.dir/C_/Pico/pico-sdk/src/rp2_common/pico_printf/printf.c.obj
 .text._vsnprintf
                0x10002f00      0x624 CMakeFiles/push.dir/C_/Pico/pico-sdk/src/rp2_common/pico_printf/printf.c.obj
 .text.vfctprintf
                0x10003524       0x20 CMakeFiles/push.dir/C_/Pico/pico-sdk/src/rp2_common/pico_printf/printf.c.obj
                0x10003524                vfctprintf
 .text          0x10003544       0x10 CMakeFiles/push.dir/C_/Pico/pico-sdk/src/rp2_common/pico_bit_ops/bit_ops_aeabi.S.obj
 .text.rom_func_lookup
                0x10003554       0x10 CMakeFiles/push.dir/C_/Pico/pico-sdk/src/rp2_common/pico_bootrom/bootrom.c.obj
                0x10003554                rom_func_lookup
 .text.rom_data_lookup
                0x10003564       0x10 CMakeFiles/push.dir/C_/Pico/pico-sdk/src/rp2_common/pico_bootrom/bootrom.c.obj
                0x10003564                rom_data_lookup
 .text.rom_funcs_lookup
                0x10003574       0x36 CMakeFiles/push.dir/C_/Pico/pico-sdk/src/rp2_common/pico_bootrom/bootrom.c.obj
                0x10003574                rom_funcs_lookup
 *fill*         0x100035aa        0x2 
 .text.__wrap___aeabi_idiv
                0x100035ac       0x50 CMakeFiles/push.dir/C_/Pico/pico-sdk/src/rp2_common/pico_divider/divider.S.obj
                0x100035ac                __wrap___aeabi_idivmod
                0x100035ac                divmod_s32s32
                0x100035ac                div_s32s32
                0x100035ac                __wrap___aeabi_idiv
                0x100035b4                divmod_s32s32_unsafe
                0x100035e0                divmod_s32s32_savestate
 .text.__wrap___aeabi_uidiv
                0x100035fc       0x4c CMakeFiles/push.dir/C_/Pico/pico-sdk/src/rp2_common/pico_divider/divider.S.obj
                0x100035fc                __wrap___aeabi_uidiv
                0x100035fc                __wrap___aeabi_uidivmod
                0x100035fc                div_u32u32
                0x100035fc                divmod_u32u32
                0x10003604                divmod_u32u32_unsafe
                0x1000362c                divmod_u32u32_savestate
 .text.__wrap___aeabi_ldiv
                0x10003648      0x430 CMakeFiles/push.dir/C_/Pico/pico-sdk/src/rp2_common/pico_divider/divider.S.obj
                0x10003648                div_s64s64
                0x10003648                divmod_s64s64
                0x10003648                __wrap___aeabi_ldivmod
                0x10003680                divmod_u64u64
                0x10003680                div_u64u64
                0x10003680                __wrap___aeabi_uldivmod
                0x10003690                divmod_u64u64_savestate
                0x100036b8                divmod_s64s64_unsafe
                0x10003740                divmod_u64u64_unsafe
 .text.__wrap___aeabi_darithmetic
                0x10003a78       0x80 CMakeFiles/push.dir/C_/Pico/pico-sdk/src/rp2_common/pico_double/double_aeabi.S.obj
                0x10003a78                __wrap___aeabi_drsub
                0x10003a7e                __wrap___aeabi_dsub
                0x10003a90                __wrap___aeabi_dadd
                0x10003aa2                __wrap___aeabi_ddiv
                0x10003ade                __wrap___aeabi_dmul
 .text.__wrap___aeabi_cdcmple
                0x10003af8       0x6c CMakeFiles/push.dir/C_/Pico/pico-sdk/src/rp2_common/pico_double/double_aeabi.S.obj
                0x10003af8                __wrap___aeabi_cdrcmple
                0x10003b08                __wrap___aeabi_cdcmpeq
                0x10003b08                __wrap___aeabi_cdcmple
 .text.__wrap___aeabi_dcmplt
                0x10003b64        0xc CMakeFiles/push.dir/C_/Pico/pico-sdk/src/rp2_common/pico_double/double_aeabi.S.obj
                0x10003b64                __wrap___aeabi_dcmplt
 .text.__wrap___aeabi_dcmple
                0x10003b70       0x10 CMakeFiles/push.dir/C_/Pico/pico-sdk/src/rp2_common/pico_double/double_aeabi.S.obj
                0x10003b70                __wrap___aeabi_dcmple
 .text.__wrap___aeabi_dcmpge
                0x10003b80       0x10 CMakeFiles/push.dir/C_/Pico/pico-sdk/src/rp2_common/pico_double/double_aeabi.S.obj
                0x10003b80                __wrap___aeabi_dcmpge
 .text.__wrap___aeabi_dcmpgt
                0x10003b90        0xa CMakeFiles/push.dir/C_/Pico/pico-sdk/src/rp2_common/pico_double/double_aeabi.S.obj
                0x10003b90                __wrap___aeabi_dcmpgt
 .text.__wrap___aeabi_dcmpun
                0x10003b9a       0x1c CMakeFiles/push.dir/C_/Pico/pico-sdk/src/rp2_common/pico_double/double_aeabi.S.obj
                0x10003b9a                __wrap___aeabi_dcmpun
 *fill*         0x10003bb6        0x2 
 .text.__wrap___aeabi_i2d
                0x10003bb8       0x38 CMakeFiles/push.dir/C_/Pico/pico-sdk/src/rp2_common/pico_double/double_aeabi.S.obj
                0x10003bb8                __wrap___aeabi_ui2d
                0x10003bc0                __wrap___aeabi_i2d
 .text.__wrap___aeabi_d2iz
                0x10003bf0       0x48 CMakeFiles/push.dir/C_/Pico/pico-sdk/src/rp2_common/pico_double/double_aeabi.S.obj
                0x10003bf0                double2int_z
                0x10003bf0                __wrap___aeabi_d2iz
 .text.__wrap___aeabi_d2uiz
                0x10003c38       0x18 CMakeFiles/push.dir/C_/Pico/pico-sdk/src/rp2_common/pico_double/double_aeabi.S.obj
                0x10003c38                __wrap___aeabi_d2uiz
                0x10003c38                double2uint
 .text.__aeabi_double_init
                0x10003c50       0xb8 CMakeFiles/push.dir/C_/Pico/pico-sdk/src/rp2_common/pico_double/double_init_rom.c.obj
                0x10003c50                __aeabi_double_init
 .text.double_table_shim_on_use_helper
                0x10003d08       0x34 CMakeFiles/push.dir/C_/Pico/pico-sdk/src/rp2_common/pico_double/double_v1_rom_shim.S.obj
                0x10003d08                double_table_shim_on_use_helper
 .text.__wrap___aeabi_dsub
                0x10003d3c       0x10 CMakeFiles/push.dir/C_/Pico/pico-sdk/src/rp2_common/pico_double/double_v1_rom_shim.S.obj
                0x10003d3c                drsub_shim
                0x10003d42                dsub_shim
 .text.dadd_shim
                0x10003d4c      0x15c CMakeFiles/push.dir/C_/Pico/pico-sdk/src/rp2_common/pico_double/double_v1_rom_shim.S.obj
                0x10003d4c                dadd_shim
 .text.dmul_shim
                0x10003ea8      0x15c CMakeFiles/push.dir/C_/Pico/pico-sdk/src/rp2_common/pico_double/double_v1_rom_shim.S.obj
                0x10003ea8                dmul_shim
 .text.ddiv_shim
                0x10004004      0x1b0 CMakeFiles/push.dir/C_/Pico/pico-sdk/src/rp2_common/pico_double/double_v1_rom_shim.S.obj
                0x10004004                ddiv_shim
 .text.dcordic_rot_step
                0x100041b4       0x7c CMakeFiles/push.dir/C_/Pico/pico-sdk/src/rp2_common/pico_double/double_v1_rom_shim.S.obj
                0x100041b4                dcordic_rot_step
 .text.double2uint_shim
                0x10004230        0xe CMakeFiles/push.dir/C_/Pico/pico-sdk/src/rp2_common/pico_double/double_v1_rom_shim.S.obj
                0x10004230                double2uint_shim
                0x10004232                double2ufix_shim
 *fill*         0x1000423e        0x2 
 .text.double2uint64_shim
                0x10004240       0x6c CMakeFiles/push.dir/C_/Pico/pico-sdk/src/rp2_common/pico_double/double_v1_rom_shim.S.obj
                0x10004240                double2uint64_shim
                0x10004242                double2ufix64_shim
                0x1000425c                d2fix_a
 .text.dunpacks
                0x100042ac       0x3c CMakeFiles/push.dir/C_/Pico/pico-sdk/src/rp2_common/pico_double/double_v1_rom_shim.S.obj
                0x100042ac                dunpacks
 .text.__aeabi_lmul
                0x100042e8       0x32 CMakeFiles/push.dir/C_/Pico/pico-sdk/src/rp2_common/pico_int64_ops/pico_int64_ops_aeabi.S.obj
                0x100042e8                __wrap___aeabi_lmul
 *fill*         0x1000431a        0x2 
 .text.__aeabi_float_init
                0x1000431c       0xfc CMakeFiles/push.dir/C_/Pico/pico-sdk/src/rp2_common/pico_float/float_init_rom.c.obj
                0x1000431c                __aeabi_float_init
 .text.float_table_shim_on_use_helper
                0x10004418       0x34 CMakeFiles/push.dir/C_/Pico/pico-sdk/src/rp2_common/pico_float/float_v1_rom_shim.S.obj
                0x10004418                float_table_shim_on_use_helper
 .text          0x1000444c       0x10 CMakeFiles/push.dir/C_/Pico/pico-sdk/src/rp2_common/pico_mem_ops/mem_ops_aeabi.S.obj
                0x1000444c                __aeabi_mem_init
 .text.memset   0x1000445c        0xc CMakeFiles/push.dir/C_/Pico/pico-sdk/src/rp2_common/pico_mem_ops/mem_ops_aeabi.S.obj
                0x1000445c                __wrap_memset
 .text.memcpy   0x10004468        0xc CMakeFiles/push.dir/C_/Pico/pico-sdk/src/rp2_common/pico_mem_ops/mem_ops_aeabi.S.obj
                0x10004468                __wrap_memcpy
                0x10004468                __wrap___aeabi_memcpy
 .text.stdio_out_chars_crlf
                0x10004474       0x80 CMakeFiles/push.dir/C_/Pico/pico-sdk/src/rp2_common/pico_stdio/stdio.c.obj
 .text.stdio_stack_buffer_flush
                0x100044f4       0x44 CMakeFiles/push.dir/C_/Pico/pico-sdk/src/rp2_common/pico_stdio/stdio.c.obj
 .text.stdio_buffered_printer
                0x10004538       0x20 CMakeFiles/push.dir/C_/Pico/pico-sdk/src/rp2_common/pico_stdio/stdio.c.obj
 .text.stdout_serialize_begin
                0x10004558       0x30 CMakeFiles/push.dir/C_/Pico/pico-sdk/src/rp2_common/pico_stdio/stdio.c.obj
                0x10004558                stdout_serialize_begin
 .text.stdout_serialize_end
                0x10004588       0x10 CMakeFiles/push.dir/C_/Pico/pico-sdk/src/rp2_common/pico_stdio/stdio.c.obj
                0x10004588                stdout_serialize_end
 .text.stdio_put_string
                0x10004598       0x84 CMakeFiles/push.dir/C_/Pico/pico-sdk/src/rp2_common/pico_stdio/stdio.c.obj
 .text.stdio_set_driver_enabled
                0x1000461c       0x38 CMakeFiles/push.dir/C_/Pico/pico-sdk/src/rp2_common/pico_stdio/stdio.c.obj
                0x1000461c                stdio_set_driver_enabled
 .text.stdio_flush
                0x10004654       0x20 CMakeFiles/push.dir/C_/Pico/pico-sdk/src/rp2_common/pico_stdio/stdio.c.obj
                0x10004654                stdio_flush
 .text.__wrap_puts
                0x10004674       0x1c CMakeFiles/push.dir/C_/Pico/pico-sdk/src/rp2_common/pico_stdio/stdio.c.obj
                0x10004674                __wrap_puts
 .text.__wrap_vprintf
                0x10004690       0x44 CMakeFiles/push.dir/C_/Pico/pico-sdk/src/rp2_common/pico_stdio/stdio.c.obj
                0x10004690                __wrap_vprintf
 .text.__wrap_printf
                0x100046d4       0x18 CMakeFiles/push.dir/C_/Pico/pico-sdk/src/rp2_common/pico_stdio/stdio.c.obj
                0x100046d4                __wrap_printf
 .text.stdio_init_all
                0x100046ec        0x8 CMakeFiles/push.dir/C_/Pico/pico-sdk/src/rp2_common/pico_stdio/stdio.c.obj
                0x100046ec                stdio_init_all
 .text.resetd_init
                0x100046f4        0x2 CMakeFiles/push.dir/C_/Pico/pico-sdk/src/rp2_common/pico_stdio_usb/reset_interface.c.obj
 *fill*         0x100046f6        0x2 
 .text.resetd_reset
                0x100046f8        0xc CMakeFiles/push.dir/C_/Pico/pico-sdk/src/rp2_common/pico_stdio_usb/reset_interface.c.obj
 .text.resetd_open
                0x10004704       0x34 CMakeFiles/push.dir/C_/Pico/pico-sdk/src/rp2_common/pico_stdio_usb/reset_interface.c.obj
 .text.resetd_xfer_cb
                0x10004738        0x4 CMakeFiles/push.dir/C_/Pico/pico-sdk/src/rp2_common/pico_stdio_usb/reset_interface.c.obj
 .text.reset_usb_boot
                0x1000473c       0x18 CMakeFiles/push.dir/C_/Pico/pico-sdk/src/rp2_common/pico_stdio_usb/reset_interface.c.obj
 .text.resetd_control_xfer_cb
                0x10004754       0x5c CMakeFiles/push.dir/C_/Pico/pico-sdk/src/rp2_common/pico_stdio_usb/reset_interface.c.obj
 .text.usbd_app_driver_get_cb
                0x100047b0        0xc CMakeFiles/push.dir/C_/Pico/pico-sdk/src/rp2_common/pico_stdio_usb/reset_interface.c.obj
                0x100047b0                usbd_app_driver_get_cb
 .text.tud_cdc_line_coding_cb
                0x100047bc       0x28 CMakeFiles/push.dir/C_/Pico/pico-sdk/src/rp2_common/pico_stdio_usb/reset_interface.c.obj
                0x100047bc                tud_cdc_line_coding_cb
 .text.stdio_usb_in_chars
                0x100047e4       0x70 CMakeFiles/push.dir/C_/Pico/pico-sdk/src/rp2_common/pico_stdio_usb/stdio_usb.c.obj
                0x100047e4                stdio_usb_in_chars
 .text.low_priority_worker_irq
                0x10004854       0x20 CMakeFiles/push.dir/C_/Pico/pico-sdk/src/rp2_common/pico_stdio_usb/stdio_usb.c.obj
 .text.stdio_usb_out_chars
                0x10004874       0xd4 CMakeFiles/push.dir/C_/Pico/pico-sdk/src/rp2_common/pico_stdio_usb/stdio_usb.c.obj
 .text.timer_task
                0x10004948       0x10 CMakeFiles/push.dir/C_/Pico/pico-sdk/src/rp2_common/pico_stdio_usb/stdio_usb.c.obj
 .text.stdio_usb_init
                0x10004958       0xb8 CMakeFiles/push.dir/C_/Pico/pico-sdk/src/rp2_common/pico_stdio_usb/stdio_usb.c.obj
                0x10004958                stdio_usb_init
 .text.tud_descriptor_device_cb
                0x10004a10        0x8 CMakeFiles/push.dir/C_/Pico/pico-sdk/src/rp2_common/pico_stdio_usb/stdio_usb_descriptors.c.obj
                0x10004a10                tud_descriptor_device_cb
 .text.tud_descriptor_configuration_cb
                0x10004a18        0x8 CMakeFiles/push.dir/C_/Pico/pico-sdk/src/rp2_common/pico_stdio_usb/stdio_usb_descriptors.c.obj
                0x10004a18                tud_descriptor_configuration_cb
 .text.tud_descriptor_string_cb
                0x10004a20       0x68 CMakeFiles/push.dir/C_/Pico/pico-sdk/src/rp2_common/pico_stdio_usb/stdio_usb_descriptors.c.obj
                0x10004a20                tud_descriptor_string_cb
 .text.hw_endpoint_get_by_addr
                0x10004a88       0x18 CMakeFiles/push.dir/C_/Pico/pico-sdk/lib/tinyusb/src/portable/raspberrypi/rp2040/dcd_rp2040.c.obj
 .text.reset_ep0
                0x10004aa0       0x2c CMakeFiles/push.dir/C_/Pico/pico-sdk/lib/tinyusb/src/portable/raspberrypi/rp2040/dcd_rp2040.c.obj
 .text._hw_endpoint_alloc
                0x10004acc       0x80 CMakeFiles/push.dir/C_/Pico/pico-sdk/lib/tinyusb/src/portable/raspberrypi/rp2040/dcd_rp2040.c.obj
 .text._hw_endpoint_init
                0x10004b4c       0xbc CMakeFiles/push.dir/C_/Pico/pico-sdk/lib/tinyusb/src/portable/raspberrypi/rp2040/dcd_rp2040.c.obj
 .text.hw_endpoint_init
                0x10004c08       0x18 CMakeFiles/push.dir/C_/Pico/pico-sdk/lib/tinyusb/src/portable/raspberrypi/rp2040/dcd_rp2040.c.obj
 .text.hw_handle_buff_status
                0x10004c20       0xb4 CMakeFiles/push.dir/C_/Pico/pico-sdk/lib/tinyusb/src/portable/raspberrypi/rp2040/dcd_rp2040.c.obj
 .text.dcd_rp2040_irq
                0x10004cd4       0xa8 CMakeFiles/push.dir/C_/Pico/pico-sdk/lib/tinyusb/src/portable/raspberrypi/rp2040/dcd_rp2040.c.obj
 .text.hw_endpoint_xfer
                0x10004d7c       0x18 CMakeFiles/push.dir/C_/Pico/pico-sdk/lib/tinyusb/src/portable/raspberrypi/rp2040/dcd_rp2040.c.obj
 .text.ep0_0len_status
                0x10004d94       0x14 CMakeFiles/push.dir/C_/Pico/pico-sdk/lib/tinyusb/src/portable/raspberrypi/rp2040/dcd_rp2040.c.obj
 .text._hw_endpoint_stall
                0x10004da8       0x54 CMakeFiles/push.dir/C_/Pico/pico-sdk/lib/tinyusb/src/portable/raspberrypi/rp2040/dcd_rp2040.c.obj
 .text.hw_endpoint_stall
                0x10004dfc        0xc CMakeFiles/push.dir/C_/Pico/pico-sdk/lib/tinyusb/src/portable/raspberrypi/rp2040/dcd_rp2040.c.obj
 .text._hw_endpoint_clear_stall
                0x10004e08       0x34 CMakeFiles/push.dir/C_/Pico/pico-sdk/lib/tinyusb/src/portable/raspberrypi/rp2040/dcd_rp2040.c.obj
 .text.hw_endpoint_clear_stall
                0x10004e3c        0xc CMakeFiles/push.dir/C_/Pico/pico-sdk/lib/tinyusb/src/portable/raspberrypi/rp2040/dcd_rp2040.c.obj
 .text.dcd_int_enable
                0x10004e48       0x2c CMakeFiles/push.dir/C_/Pico/pico-sdk/lib/tinyusb/src/portable/raspberrypi/rp2040/dcd_rp2040.c.obj
                0x10004e48                dcd_int_enable
 .text.dcd_set_address
                0x10004e74       0x28 CMakeFiles/push.dir/C_/Pico/pico-sdk/lib/tinyusb/src/portable/raspberrypi/rp2040/dcd_rp2040.c.obj
                0x10004e74                dcd_set_address
 .text.dcd_connect
                0x10004e9c       0x30 CMakeFiles/push.dir/C_/Pico/pico-sdk/lib/tinyusb/src/portable/raspberrypi/rp2040/dcd_rp2040.c.obj
                0x10004e9c                dcd_connect
 .text.dcd_init
                0x10004ecc       0x84 CMakeFiles/push.dir/C_/Pico/pico-sdk/lib/tinyusb/src/portable/raspberrypi/rp2040/dcd_rp2040.c.obj
                0x10004ecc                dcd_init
 .text.dcd_edpt0_status_complete
                0x10004f50       0x40 CMakeFiles/push.dir/C_/Pico/pico-sdk/lib/tinyusb/src/portable/raspberrypi/rp2040/dcd_rp2040.c.obj
                0x10004f50                dcd_edpt0_status_complete
 .text.dcd_edpt_open
                0x10004f90       0x40 CMakeFiles/push.dir/C_/Pico/pico-sdk/lib/tinyusb/src/portable/raspberrypi/rp2040/dcd_rp2040.c.obj
                0x10004f90                dcd_edpt_open
 .text.dcd_edpt_xfer
                0x10004fd0       0x34 CMakeFiles/push.dir/C_/Pico/pico-sdk/lib/tinyusb/src/portable/raspberrypi/rp2040/dcd_rp2040.c.obj
                0x10004fd0                dcd_edpt_xfer
 .text.dcd_edpt_stall
                0x10005004       0x28 CMakeFiles/push.dir/C_/Pico/pico-sdk/lib/tinyusb/src/portable/raspberrypi/rp2040/dcd_rp2040.c.obj
                0x10005004                dcd_edpt_stall
 .text.dcd_edpt_clear_stall
                0x1000502c       0x2c CMakeFiles/push.dir/C_/Pico/pico-sdk/lib/tinyusb/src/portable/raspberrypi/rp2040/dcd_rp2040.c.obj
                0x1000502c                dcd_edpt_clear_stall
 .text.rp2040_usb_init
                0x10005058       0x50 CMakeFiles/push.dir/C_/Pico/pico-sdk/lib/tinyusb/src/portable/raspberrypi/rp2040/rp2040_usb.c.obj
                0x10005058                rp2040_usb_init
 .text.hw_endpoint_reset_transfer
                0x100050a8       0x10 CMakeFiles/push.dir/C_/Pico/pico-sdk/lib/tinyusb/src/portable/raspberrypi/rp2040/rp2040_usb.c.obj
                0x100050a8                hw_endpoint_reset_transfer
 .text._hw_endpoint_buffer_control_update32
                0x100050b8       0x58 CMakeFiles/push.dir/C_/Pico/pico-sdk/lib/tinyusb/src/portable/raspberrypi/rp2040/rp2040_usb.c.obj
                0x100050b8                _hw_endpoint_buffer_control_update32
 .text._hw_endpoint_start_next_buffer
                0x10005110       0x50 CMakeFiles/push.dir/C_/Pico/pico-sdk/lib/tinyusb/src/portable/raspberrypi/rp2040/rp2040_usb.c.obj
                0x10005110                _hw_endpoint_start_next_buffer
 .text._hw_endpoint_xfer_start
                0x10005160       0x3e CMakeFiles/push.dir/C_/Pico/pico-sdk/lib/tinyusb/src/portable/raspberrypi/rp2040/rp2040_usb.c.obj
                0x10005160                _hw_endpoint_xfer_start
 *fill*         0x1000519e        0x2 
 .text._hw_endpoint_xfer_sync
                0x100051a0       0x74 CMakeFiles/push.dir/C_/Pico/pico-sdk/lib/tinyusb/src/portable/raspberrypi/rp2040/rp2040_usb.c.obj
                0x100051a0                _hw_endpoint_xfer_sync
 .text._hw_endpoint_xfer_continue
                0x10005214       0x60 CMakeFiles/push.dir/C_/Pico/pico-sdk/lib/tinyusb/src/portable/raspberrypi/rp2040/rp2040_usb.c.obj
                0x10005214                _hw_endpoint_xfer_continue
 .text._hw_endpoint_xfer
                0x10005274       0x34 CMakeFiles/push.dir/C_/Pico/pico-sdk/lib/tinyusb/src/portable/raspberrypi/rp2040/rp2040_usb.c.obj
                0x10005274                _hw_endpoint_xfer
 .text.mark_interface_endpoint
                0x100052a8       0x2a CMakeFiles/push.dir/C_/Pico/pico-sdk/lib/tinyusb/src/device/usbd.c.obj
 *fill*         0x100052d2        0x2 
 .text.usbd_reset
                0x100052d4       0x88 CMakeFiles/push.dir/C_/Pico/pico-sdk/lib/tinyusb/src/device/usbd.c.obj
 .text.invoke_class_control
                0x1000535c       0x1a CMakeFiles/push.dir/C_/Pico/pico-sdk/lib/tinyusb/src/device/usbd.c.obj
 *fill*         0x10005376        0x2 
 .text.process_set_config
                0x10005378      0x1d4 CMakeFiles/push.dir/C_/Pico/pico-sdk/lib/tinyusb/src/device/usbd.c.obj
 .text.process_get_descriptor
                0x1000554c       0xf8 CMakeFiles/push.dir/C_/Pico/pico-sdk/lib/tinyusb/src/device/usbd.c.obj
 .text.tud_mounted
                0x10005644       0x10 CMakeFiles/push.dir/C_/Pico/pico-sdk/lib/tinyusb/src/device/usbd.c.obj
                0x10005644                tud_mounted
 .text.tud_suspended
                0x10005654       0x10 CMakeFiles/push.dir/C_/Pico/pico-sdk/lib/tinyusb/src/device/usbd.c.obj
                0x10005654                tud_suspended
 .text.tud_inited
                0x10005664        0xc CMakeFiles/push.dir/C_/Pico/pico-sdk/lib/tinyusb/src/device/usbd.c.obj
                0x10005664                tud_inited
 .text.tud_init
                0x10005670       0xcc CMakeFiles/push.dir/C_/Pico/pico-sdk/lib/tinyusb/src/device/usbd.c.obj
                0x10005670                tud_init
 .text.dcd_event_handler
                0x1000573c      0x174 CMakeFiles/push.dir/C_/Pico/pico-sdk/lib/tinyusb/src/device/usbd.c.obj
                0x1000573c                dcd_event_handler
 .text.dcd_event_bus_signal
                0x100058b0       0x26 CMakeFiles/push.dir/C_/Pico/pico-sdk/lib/tinyusb/src/device/usbd.c.obj
                0x100058b0                dcd_event_bus_signal
 .text.dcd_event_bus_reset
                0x100058d6       0x2a CMakeFiles/push.dir/C_/Pico/pico-sdk/lib/tinyusb/src/device/usbd.c.obj
                0x100058d6                dcd_event_bus_reset
 .text.dcd_event_setup_received
                0x10005900       0x34 CMakeFiles/push.dir/C_/Pico/pico-sdk/lib/tinyusb/src/device/usbd.c.obj
                0x10005900                dcd_event_setup_received
 .text.dcd_event_xfer_complete
                0x10005934       0x44 CMakeFiles/push.dir/C_/Pico/pico-sdk/lib/tinyusb/src/device/usbd.c.obj
                0x10005934                dcd_event_xfer_complete
 .text.usbd_edpt_open
                0x10005978       0xe0 CMakeFiles/push.dir/C_/Pico/pico-sdk/lib/tinyusb/src/device/usbd.c.obj
                0x10005978                usbd_edpt_open
 .text.usbd_open_edpt_pair
                0x10005a58       0x8c CMakeFiles/push.dir/C_/Pico/pico-sdk/lib/tinyusb/src/device/usbd.c.obj
                0x10005a58                usbd_open_edpt_pair
 .text.usbd_edpt_claim
                0x10005ae4       0x8c CMakeFiles/push.dir/C_/Pico/pico-sdk/lib/tinyusb/src/device/usbd.c.obj
                0x10005ae4                usbd_edpt_claim
 .text.usbd_edpt_release
                0x10005b70       0x68 CMakeFiles/push.dir/C_/Pico/pico-sdk/lib/tinyusb/src/device/usbd.c.obj
                0x10005b70                usbd_edpt_release
 .text.usbd_edpt_xfer
                0x10005bd8       0x80 CMakeFiles/push.dir/C_/Pico/pico-sdk/lib/tinyusb/src/device/usbd.c.obj
                0x10005bd8                usbd_edpt_xfer
 .text.usbd_edpt_stall
                0x10005c58       0x2c CMakeFiles/push.dir/C_/Pico/pico-sdk/lib/tinyusb/src/device/usbd.c.obj
                0x10005c58                usbd_edpt_stall
 .text.usbd_edpt_clear_stall
                0x10005c84       0x2c CMakeFiles/push.dir/C_/Pico/pico-sdk/lib/tinyusb/src/device/usbd.c.obj
                0x10005c84                usbd_edpt_clear_stall
 .text.usbd_edpt_stalled
                0x10005cb0       0x1c CMakeFiles/push.dir/C_/Pico/pico-sdk/lib/tinyusb/src/device/usbd.c.obj
                0x10005cb0                usbd_edpt_stalled
 .text.process_control_request
                0x10005ccc      0x380 CMakeFiles/push.dir/C_/Pico/pico-sdk/lib/tinyusb/src/device/usbd.c.obj
 .text.tud_task
                0x1000604c      0x204 CMakeFiles/push.dir/C_/Pico/pico-sdk/lib/tinyusb/src/device/usbd.c.obj
                0x1000604c                tud_task
 .text._data_stage_xact
                0x10006250       0x58 CMakeFiles/push.dir/C_/Pico/pico-sdk/lib/tinyusb/src/device/usbd_control.c.obj
 .text.tud_control_status
                0x100062a8       0x38 CMakeFiles/push.dir/C_/Pico/pico-sdk/lib/tinyusb/src/device/usbd_control.c.obj
                0x100062a8                tud_control_status
 .text.tud_control_xfer
                0x100062e0       0xa8 CMakeFiles/push.dir/C_/Pico/pico-sdk/lib/tinyusb/src/device/usbd_control.c.obj
                0x100062e0                tud_control_xfer
 .text.usbd_control_reset
                0x10006388       0x14 CMakeFiles/push.dir/C_/Pico/pico-sdk/lib/tinyusb/src/device/usbd_control.c.obj
                0x10006388                usbd_control_reset
 .text.usbd_control_set_complete_callback
                0x1000639c        0xc CMakeFiles/push.dir/C_/Pico/pico-sdk/lib/tinyusb/src/device/usbd_control.c.obj
                0x1000639c                usbd_control_set_complete_callback
 .text.usbd_control_set_request
                0x100063a8       0x1c CMakeFiles/push.dir/C_/Pico/pico-sdk/lib/tinyusb/src/device/usbd_control.c.obj
                0x100063a8                usbd_control_set_request
 .text.usbd_control_xfer_cb
                0x100063c4       0xfc CMakeFiles/push.dir/C_/Pico/pico-sdk/lib/tinyusb/src/device/usbd_control.c.obj
                0x100063c4                usbd_control_xfer_cb
 .text._prep_out_transaction
                0x100064c0       0x46 CMakeFiles/push.dir/C_/Pico/pico-sdk/lib/tinyusb/src/class/cdc/cdc_device.c.obj
 *fill*         0x10006506        0x2 
 .text.tud_cdc_n_connected
                0x10006508       0x44 CMakeFiles/push.dir/C_/Pico/pico-sdk/lib/tinyusb/src/class/cdc/cdc_device.c.obj
                0x10006508                tud_cdc_n_connected
 .text.tud_cdc_n_available
                0x1000654c       0x18 CMakeFiles/push.dir/C_/Pico/pico-sdk/lib/tinyusb/src/class/cdc/cdc_device.c.obj
                0x1000654c                tud_cdc_n_available
 .text.tud_cdc_n_read
                0x10006564       0x28 CMakeFiles/push.dir/C_/Pico/pico-sdk/lib/tinyusb/src/class/cdc/cdc_device.c.obj
                0x10006564                tud_cdc_n_read
 .text.tud_cdc_n_write_flush
                0x1000658c       0xcc CMakeFiles/push.dir/C_/Pico/pico-sdk/lib/tinyusb/src/class/cdc/cdc_device.c.obj
                0x1000658c                tud_cdc_n_write_flush
 .text.tud_cdc_n_write
                0x10006658       0x38 CMakeFiles/push.dir/C_/Pico/pico-sdk/lib/tinyusb/src/class/cdc/cdc_device.c.obj
                0x10006658                tud_cdc_n_write
 .text.tud_cdc_n_write_available
                0x10006690       0x1c CMakeFiles/push.dir/C_/Pico/pico-sdk/lib/tinyusb/src/class/cdc/cdc_device.c.obj
                0x10006690                tud_cdc_n_write_available
 .text.cdcd_init
                0x100066ac       0xbc CMakeFiles/push.dir/C_/Pico/pico-sdk/lib/tinyusb/src/class/cdc/cdc_device.c.obj
                0x100066ac                cdcd_init
 .text.cdcd_reset
                0x10006768       0x44 CMakeFiles/push.dir/C_/Pico/pico-sdk/lib/tinyusb/src/class/cdc/cdc_device.c.obj
                0x10006768                cdcd_reset
 .text.cdcd_open
                0x100067ac      0x10c CMakeFiles/push.dir/C_/Pico/pico-sdk/lib/tinyusb/src/class/cdc/cdc_device.c.obj
                0x100067ac                cdcd_open
 .text.cdcd_control_xfer_cb
                0x100068b8      0x134 CMakeFiles/push.dir/C_/Pico/pico-sdk/lib/tinyusb/src/class/cdc/cdc_device.c.obj
                0x100068b8                cdcd_control_xfer_cb
 .text.cdcd_xfer_cb
                0x100069ec      0x144 CMakeFiles/push.dir/C_/Pico/pico-sdk/lib/tinyusb/src/class/cdc/cdc_device.c.obj
                0x100069ec                cdcd_xfer_cb
 .text.tusb_init
                0x10006b30       0x24 CMakeFiles/push.dir/C_/Pico/pico-sdk/lib/tinyusb/src/tusb.c.obj
                0x10006b30                tusb_init
 .text.tusb_inited
                0x10006b54        0xe CMakeFiles/push.dir/C_/Pico/pico-sdk/lib/tinyusb/src/tusb.c.obj
                0x10006b54                tusb_inited
 .text.advance_pointer
                0x10006b62       0x1e CMakeFiles/push.dir/C_/Pico/pico-sdk/lib/tinyusb/src/common/tusb_fifo.c.obj
 .text.backward_pointer
                0x10006b80       0x1a CMakeFiles/push.dir/C_/Pico/pico-sdk/lib/tinyusb/src/common/tusb_fifo.c.obj
 .text.get_relative_pointer
                0x10006b9a       0x10 CMakeFiles/push.dir/C_/Pico/pico-sdk/lib/tinyusb/src/common/tusb_fifo.c.obj
 .text._tu_fifo_peek
                0x10006baa       0x50 CMakeFiles/push.dir/C_/Pico/pico-sdk/lib/tinyusb/src/common/tusb_fifo.c.obj
 .text._ff_pull_const_addr
                0x10006bfa       0x4c CMakeFiles/push.dir/C_/Pico/pico-sdk/lib/tinyusb/src/common/tusb_fifo.c.obj
 .text._ff_pull_n
                0x10006c46      0x10c CMakeFiles/push.dir/C_/Pico/pico-sdk/lib/tinyusb/src/common/tusb_fifo.c.obj
 .text._tu_fifo_peek_n
                0x10006d52       0x5e CMakeFiles/push.dir/C_/Pico/pico-sdk/lib/tinyusb/src/common/tusb_fifo.c.obj
 .text._tu_fifo_read_n
                0x10006db0       0x4e CMakeFiles/push.dir/C_/Pico/pico-sdk/lib/tinyusb/src/common/tusb_fifo.c.obj
 .text._ff_push_const_addr
                0x10006dfe       0x40 CMakeFiles/push.dir/C_/Pico/pico-sdk/lib/tinyusb/src/common/tusb_fifo.c.obj
 .text._ff_push_n
                0x10006e3e      0x108 CMakeFiles/push.dir/C_/Pico/pico-sdk/lib/tinyusb/src/common/tusb_fifo.c.obj
 .text._tu_fifo_write_n
                0x10006f46       0x9e CMakeFiles/push.dir/C_/Pico/pico-sdk/lib/tinyusb/src/common/tusb_fifo.c.obj
 .text.tu_fifo_config
                0x10006fe4       0x72 CMakeFiles/push.dir/C_/Pico/pico-sdk/lib/tinyusb/src/common/tusb_fifo.c.obj
                0x10006fe4                tu_fifo_config
 .text.tu_fifo_count
                0x10007056       0x26 CMakeFiles/push.dir/C_/Pico/pico-sdk/lib/tinyusb/src/common/tusb_fifo.c.obj
                0x10007056                tu_fifo_count
 .text.tu_fifo_empty
                0x1000707c       0x10 CMakeFiles/push.dir/C_/Pico/pico-sdk/lib/tinyusb/src/common/tusb_fifo.c.obj
                0x1000707c                tu_fifo_empty
 .text.tu_fifo_remaining
                0x1000708c       0x20 CMakeFiles/push.dir/C_/Pico/pico-sdk/lib/tinyusb/src/common/tusb_fifo.c.obj
                0x1000708c                tu_fifo_remaining
 .text.tu_fifo_read
                0x100070ac       0x42 CMakeFiles/push.dir/C_/Pico/pico-sdk/lib/tinyusb/src/common/tusb_fifo.c.obj
                0x100070ac                tu_fifo_read
 .text.tu_fifo_read_n
                0x100070ee        0xa CMakeFiles/push.dir/C_/Pico/pico-sdk/lib/tinyusb/src/common/tusb_fifo.c.obj
                0x100070ee                tu_fifo_read_n
 .text.tu_fifo_write
                0x100070f8       0x6c CMakeFiles/push.dir/C_/Pico/pico-sdk/lib/tinyusb/src/common/tusb_fifo.c.obj
                0x100070f8                tu_fifo_write
 .text.tu_fifo_write_n
                0x10007164        0xa CMakeFiles/push.dir/C_/Pico/pico-sdk/lib/tinyusb/src/common/tusb_fifo.c.obj
                0x10007164                tu_fifo_write_n
 .text.tu_fifo_clear
                0x1000716e       0x4c CMakeFiles/push.dir/C_/Pico/pico-sdk/lib/tinyusb/src/common/tusb_fifo.c.obj
                0x1000716e                tu_fifo_clear
 .text.tu_fifo_set_overwritable
                0x100071ba       0x3c CMakeFiles/push.dir/C_/Pico/pico-sdk/lib/tinyusb/src/common/tusb_fifo.c.obj
                0x100071ba                tu_fifo_set_overwritable
 *fill*         0x100071f6        0x2 
 .text._retrieve_unique_id_on_boot
                0x100071f8       0x10 CMakeFiles/push.dir/C_/Pico/pico-sdk/src/rp2_common/pico_unique_id/unique_id.c.obj
 .text.pico_get_unique_board_id_string
                0x10007208       0x60 CMakeFiles/push.dir/C_/Pico/pico-sdk/src/rp2_common/pico_unique_id/unique_id.c.obj
                0x10007208                pico_get_unique_board_id_string
 .text.flash_get_unique_id
                0x10007268       0x46 CMakeFiles/push.dir/C_/Pico/pico-sdk/src/rp2_common/hardware_flash/flash.c.obj
                0x10007268                flash_get_unique_id
 .text.core1_trampoline
                0x100072ae        0x2 CMakeFiles/push.dir/C_/Pico/pico-sdk/src/rp2_common/pico_multicore/multicore.c.obj
 .text.core1_wrapper
                0x100072b0        0xc CMakeFiles/push.dir/C_/Pico/pico-sdk/src/rp2_common/pico_multicore/multicore.c.obj
                0x100072b0                core1_wrapper
 .text.multicore_fifo_push_blocking
                0x100072bc       0x14 CMakeFiles/push.dir/C_/Pico/pico-sdk/src/rp2_common/pico_multicore/multicore.c.obj
                0x100072bc                multicore_fifo_push_blocking
 .text.multicore_fifo_pop_blocking
                0x100072d0       0x16 CMakeFiles/push.dir/C_/Pico/pico-sdk/src/rp2_common/pico_multicore/multicore.c.obj
                0x100072d0                multicore_fifo_pop_blocking
 .text.multicore_launch_core1_raw
                0x100072e6       0x68 CMakeFiles/push.dir/C_/Pico/pico-sdk/src/rp2_common/pico_multicore/multicore.c.obj
                0x100072e6                multicore_launch_core1_raw
 *fill*         0x1000734e        0x2 
 .text.multicore_launch_core1_with_stack
                0x10007350       0x50 CMakeFiles/push.dir/C_/Pico/pico-sdk/src/rp2_common/pico_multicore/multicore.c.obj
                0x10007350                multicore_launch_core1_with_stack
 .text.multicore_launch_core1
                0x100073a0       0x24 CMakeFiles/push.dir/C_/Pico/pico-sdk/src/rp2_common/pico_multicore/multicore.c.obj
                0x100073a0                multicore_launch_core1
 .text.strlen   0x100073c4       0x5c c:/progra~2/gnuarm~1/102021~1.10/bin/../lib/gcc/arm-none-eabi/10.3.1/../../../../arm-none-eabi/lib/thumb/v6-m/nofp\libg.a(lib_a-strlen-stub.o)
                0x100073c4                strlen
 *(.fini)
 .fini          0x10007420        0x4 c:/progra~2/gnuarm~1/102021~1.10/bin/../lib/gcc/arm-none-eabi/10.3.1/thumb/v6-m/nofp/crti.o
                0x10007420                _fini
 *fill*         0x10007424        0x4 
 .fini.__stub   0x10007428       0x70 linker stubs
 *crtbegin.o(.ctors)
 *crtbegin?.o(.ctors)
 *(EXCLUDE_FILE(*crtend.o *crtend?.o) .ctors)
 *(SORT_BY_NAME(.ctors.*))
 *(.ctors)
 *crtbegin.o(.dtors)
 *crtbegin?.o(.dtors)
 *(EXCLUDE_FILE(*crtend.o *crtend?.o) .dtors)
 *(SORT_BY_NAME(.dtors.*))
 *(.dtors)
 *(.eh_frame*)
 .eh_frame      0x10007498        0x0 c:/progra~2/gnuarm~1/102021~1.10/bin/../lib/gcc/arm-none-eabi/10.3.1/thumb/v6-m/nofp/crtbegin.o
                0x10007498                . = ALIGN (0x4)

.glue_7         0x10007498        0x0
 .glue_7        0x10007498        0x0 linker stubs

.glue_7t        0x10007498        0x0
 .glue_7t       0x10007498        0x0 linker stubs

.vfp11_veneer   0x10007498        0x0
 .vfp11_veneer  0x10007498        0x0 linker stubs

.v4_bx          0x10007498        0x0
 .v4_bx         0x10007498        0x0 linker stubs

.iplt           0x10007498        0x0
 .iplt          0x10007498        0x0 c:/progra~2/gnuarm~1/102021~1.10/bin/../lib/gcc/arm-none-eabi/10.3.1/thumb/v6-m/nofp/crtbegin.o

.rodata         0x10007498     0x166c
 *(EXCLUDE_FILE(*libm.a: *libc.a:*lib_a-mem*.o *libgcc.a:) .rodata*)
 .rodata.ultrasonicSensorTrig.str1.4
                0x10007498       0x57 CMakeFiles/push.dir/push.c.obj
 *fill*         0x100074ef        0x1 
 .rodata.main.str1.4
                0x100074f0       0x32 CMakeFiles/push.dir/push.c.obj
 *fill*         0x10007522        0x2 
 .rodata.__func__.0
                0x10007524       0x15 CMakeFiles/push.dir/push.c.obj
 *fill*         0x10007539        0x3 
 .rodata.spin_lock_claim_unused.str1.4
                0x1000753c       0x1b CMakeFiles/push.dir/C_/Pico/pico-sdk/src/rp2_common/hardware_sync/sync.c.obj
 *fill*         0x10007557        0x1 
 .rodata.repeating_timer_callback.str1.4
                0x10007558       0x41 CMakeFiles/push.dir/C_/Pico/pico-sdk/src/common/pico_time/time.c.obj
 *fill*         0x10007599        0x3 
 .rodata.alarm_pool_dump_key.str1.4
                0x1000759c       0x33 CMakeFiles/push.dir/C_/Pico/pico-sdk/src/common/pico_time/time.c.obj
 *fill*         0x100075cf        0x1 
 .rodata.ph_add_child_node.str1.4
                0x100075d0       0x8a CMakeFiles/push.dir/C_/Pico/pico-sdk/src/common/pico_time/time.c.obj
 *fill*         0x1000765a        0x2 
 .rodata.add_alarm_under_lock.str1.4
                0x1000765c       0x28 CMakeFiles/push.dir/C_/Pico/pico-sdk/src/common/pico_time/time.c.obj
                                 0x2b (size before relaxing)
 .rodata.alarm_pool_alarm_callback.str1.4
                0x10007684       0x82 CMakeFiles/push.dir/C_/Pico/pico-sdk/src/common/pico_time/time.c.obj
                                 0xda (size before relaxing)
 *fill*         0x10007706        0x2 
 .rodata.alarm_pool_get_default.str1.4
                0x10007708       0x21 CMakeFiles/push.dir/C_/Pico/pico-sdk/src/common/pico_time/time.c.obj
 *fill*         0x10007729        0x3 
 .rodata.alarm_pool_cancel_alarm.str1.4
                0x1000772c       0x27 CMakeFiles/push.dir/C_/Pico/pico-sdk/src/common/pico_time/time.c.obj
 *fill*         0x10007753        0x1 
 .rodata.sleep_until.str1.4
                0x10007754       0x4d CMakeFiles/push.dir/C_/Pico/pico-sdk/src/common/pico_time/time.c.obj
 *fill*         0x100077a1        0x3 
 .rodata.__func__.1
                0x100077a4       0x18 CMakeFiles/push.dir/C_/Pico/pico-sdk/src/common/pico_time/time.c.obj
 .rodata.__func__.10
                0x100077bc       0x15 CMakeFiles/push.dir/C_/Pico/pico-sdk/src/common/pico_time/time.c.obj
 *fill*         0x100077d1        0x3 
 .rodata.__func__.11
                0x100077d4       0x1a CMakeFiles/push.dir/C_/Pico/pico-sdk/src/common/pico_time/time.c.obj
 *fill*         0x100077ee        0x2 
 .rodata.__func__.12
                0x100077f0        0xa CMakeFiles/push.dir/C_/Pico/pico-sdk/src/common/pico_time/time.c.obj
 *fill*         0x100077fa        0x2 
 .rodata.__func__.3
                0x100077fc       0x17 CMakeFiles/push.dir/C_/Pico/pico-sdk/src/common/pico_time/time.c.obj
 *fill*         0x10007813        0x1 
 .rodata.__func__.4
                0x10007814       0x12 CMakeFiles/push.dir/C_/Pico/pico-sdk/src/common/pico_time/time.c.obj
 *fill*         0x10007826        0x2 
 .rodata.__func__.5
                0x10007828        0xd CMakeFiles/push.dir/C_/Pico/pico-sdk/src/common/pico_time/time.c.obj
 *fill*         0x10007835        0x3 
 .rodata.__func__.6
                0x10007838       0x12 CMakeFiles/push.dir/C_/Pico/pico-sdk/src/common/pico_time/time.c.obj
 *fill*         0x1000784a        0x2 
 .rodata.__func__.7
                0x1000784c        0xf CMakeFiles/push.dir/C_/Pico/pico-sdk/src/common/pico_time/time.c.obj
 *fill*         0x1000785b        0x1 
 .rodata.__func__.8
                0x1000785c        0xc CMakeFiles/push.dir/C_/Pico/pico-sdk/src/common/pico_time/time.c.obj
 .rodata.__func__.9
                0x10007868       0x15 CMakeFiles/push.dir/C_/Pico/pico-sdk/src/common/pico_time/time.c.obj
 *fill*         0x1000787d        0x3 
 .rodata.hardware_alarm_claim.str1.4
                0x10007880       0x22 CMakeFiles/push.dir/C_/Pico/pico-sdk/src/rp2_common/hardware_timer/timer.c.obj
 *fill*         0x100078a2        0x2 
 .rodata.hardware_alarm_set_target.str1.4
                0x100078a4       0x5b CMakeFiles/push.dir/C_/Pico/pico-sdk/src/rp2_common/hardware_timer/timer.c.obj
 *fill*         0x100078ff        0x1 
 .rodata.__func__.0
                0x10007900       0x1a CMakeFiles/push.dir/C_/Pico/pico-sdk/src/rp2_common/hardware_timer/timer.c.obj
 *fill*         0x1000791a        0x2 
 .rodata.str1.4
                0x1000791c       0xa9 CMakeFiles/push.dir/C_/Pico/pico-sdk/src/common/pico_sync/mutex.c.obj
                                0x101 (size before relaxing)
 *fill*         0x100079c5        0x3 
 .rodata.__func__.0
                0x100079c8        0xb CMakeFiles/push.dir/C_/Pico/pico-sdk/src/common/pico_sync/mutex.c.obj
 *fill*         0x100079d3        0x1 
 .rodata.__func__.1
                0x100079d4       0x18 CMakeFiles/push.dir/C_/Pico/pico-sdk/src/common/pico_sync/mutex.c.obj
 .rodata.__func__.2
                0x100079ec       0x15 CMakeFiles/push.dir/C_/Pico/pico-sdk/src/common/pico_sync/mutex.c.obj
 *fill*         0x10007a01        0x3 
 .rodata.__func__.3
                0x10007a04       0x15 CMakeFiles/push.dir/C_/Pico/pico-sdk/src/common/pico_sync/mutex.c.obj
 .rodata.ph_add_child_node.str1.4
                0x10007a19       0x8a CMakeFiles/push.dir/C_/Pico/pico-sdk/src/common/pico_util/pheap.c.obj
 *fill*         0x10007a19        0x3 
 .rodata.ph_remove_any_head.str1.4
                0x10007a1c       0x84 CMakeFiles/push.dir/C_/Pico/pico-sdk/src/common/pico_util/pheap.c.obj
 .rodata.ph_remove_and_free_node.str1.4
                0x10007aa0       0x26 CMakeFiles/push.dir/C_/Pico/pico-sdk/src/common/pico_util/pheap.c.obj
 *fill*         0x10007ac6        0x2 
 .rodata.__func__.0
                0x10007ac8       0x18 CMakeFiles/push.dir/C_/Pico/pico-sdk/src/common/pico_util/pheap.c.obj
 .rodata.__func__.1
                0x10007ae0       0x13 CMakeFiles/push.dir/C_/Pico/pico-sdk/src/common/pico_util/pheap.c.obj
 *fill*         0x10007af3        0x1 
 .rodata.__func__.2
                0x10007af4       0x12 CMakeFiles/push.dir/C_/Pico/pico-sdk/src/common/pico_util/pheap.c.obj
 *fill*         0x10007b06        0x2 
 .rodata.__func__.3
                0x10007b08        0xc CMakeFiles/push.dir/C_/Pico/pico-sdk/src/common/pico_util/pheap.c.obj
 .rodata.__assert_func.str1.4
                0x10007b14       0x3f CMakeFiles/push.dir/C_/Pico/pico-sdk/src/rp2_common/pico_runtime/runtime.c.obj
                                 0x43 (size before relaxing)
 *fill*         0x10007b53        0x1 
 .rodata.panic.str1.4
                0x10007b54       0x12 CMakeFiles/push.dir/C_/Pico/pico-sdk/src/rp2_common/pico_runtime/runtime.c.obj
 *fill*         0x10007b66        0x2 
 .rodata.clock_configure.str1.4
                0x10007b68       0x4d CMakeFiles/push.dir/C_/Pico/pico-sdk/src/rp2_common/hardware_clocks/clocks.c.obj
 *fill*         0x10007bb5        0x3 
 .rodata.__func__.1
                0x10007bb8       0x10 CMakeFiles/push.dir/C_/Pico/pico-sdk/src/rp2_common/hardware_clocks/clocks.c.obj
 .rodata.make_branch.str1.4
                0x10007bc8       0x43 CMakeFiles/push.dir/C_/Pico/pico-sdk/src/rp2_common/hardware_irq/irq.c.obj
 *fill*         0x10007c0b        0x1 
 .rodata.irq_set_exclusive_handler.str1.4
                0x10007c0c       0x36 CMakeFiles/push.dir/C_/Pico/pico-sdk/src/rp2_common/hardware_irq/irq.c.obj
 *fill*         0x10007c42        0x2 
 .rodata.irq_add_shared_handler.str1.4
                0x10007c44       0xd9 CMakeFiles/push.dir/C_/Pico/pico-sdk/src/rp2_common/hardware_irq/irq.c.obj
 *fill*         0x10007d1d        0x3 
 .rodata.irq_remove_handler.str1.4
                0x10007d20       0x2a CMakeFiles/push.dir/C_/Pico/pico-sdk/src/rp2_common/hardware_irq/irq.c.obj
 *fill*         0x10007d4a        0x2 
 .rodata.irq_add_tail_to_free_list.str1.4
                0x10007d4c       0x32 CMakeFiles/push.dir/C_/Pico/pico-sdk/src/rp2_common/hardware_irq/irq.c.obj
                                 0x3a (size before relaxing)
 *fill*         0x10007d7e        0x2 
 .rodata.__func__.0
                0x10007d80       0x1a CMakeFiles/push.dir/C_/Pico/pico-sdk/src/rp2_common/hardware_irq/irq.c.obj
 *fill*         0x10007d9a        0x2 
 .rodata.__func__.1
                0x10007d9c       0x17 CMakeFiles/push.dir/C_/Pico/pico-sdk/src/rp2_common/hardware_irq/irq.c.obj
 *fill*         0x10007db3        0x1 
 .rodata.__func__.2
                0x10007db4       0x13 CMakeFiles/push.dir/C_/Pico/pico-sdk/src/rp2_common/hardware_irq/irq.c.obj
 *fill*         0x10007dc7        0x1 
 .rodata.__func__.3
                0x10007dc8        0xc CMakeFiles/push.dir/C_/Pico/pico-sdk/src/rp2_common/hardware_irq/irq.c.obj
 .rodata.__func__.4
                0x10007dd4        0xf CMakeFiles/push.dir/C_/Pico/pico-sdk/src/rp2_common/hardware_irq/irq.c.obj
 *fill*         0x10007de3        0x1 
 .rodata.__func__.6
                0x10007de4       0x1a CMakeFiles/push.dir/C_/Pico/pico-sdk/src/rp2_common/hardware_irq/irq.c.obj
 *fill*         0x10007dfe        0x2 
 .rodata.pll_init.str1.4
                0x10007e00       0xcf CMakeFiles/push.dir/C_/Pico/pico-sdk/src/rp2_common/hardware_pll/pll.c.obj
 *fill*         0x10007ecf        0x1 
 .rodata.__func__.0
                0x10007ed0        0x9 CMakeFiles/push.dir/C_/Pico/pico-sdk/src/rp2_common/hardware_pll/pll.c.obj
 *fill*         0x10007ed9        0x3 
 .rodata._ftoa.str1.4
                0x10007edc       0x15 CMakeFiles/push.dir/C_/Pico/pico-sdk/src/rp2_common/pico_printf/printf.c.obj
 *fill*         0x10007ef1        0x3 
 .rodata._vsnprintf
                0x10007ef4      0x1e0 CMakeFiles/push.dir/C_/Pico/pico-sdk/src/rp2_common/pico_printf/printf.c.obj
 *fill*         0x100080d4        0x4 
 .rodata.pow10.0
                0x100080d8       0x50 CMakeFiles/push.dir/C_/Pico/pico-sdk/src/rp2_common/pico_printf/printf.c.obj
 .rodata.__aeabi_double_init.str1.4
                0x10008128       0x9e CMakeFiles/push.dir/C_/Pico/pico-sdk/src/rp2_common/pico_double/double_init_rom.c.obj
 *fill*         0x100081c6        0x2 
 .rodata.__func__.0
                0x100081c8       0x14 CMakeFiles/push.dir/C_/Pico/pico-sdk/src/rp2_common/pico_double/double_init_rom.c.obj
 .rodata.__aeabi_float_init.str1.4
                0x100081dc       0x70 CMakeFiles/push.dir/C_/Pico/pico-sdk/src/rp2_common/pico_float/float_init_rom.c.obj
                                 0x74 (size before relaxing)
 .rodata.__func__.0
                0x1000824c       0x13 CMakeFiles/push.dir/C_/Pico/pico-sdk/src/rp2_common/pico_float/float_init_rom.c.obj
 *fill*         0x1000825f        0x1 
 .rodata.str1.4
                0x10008260       0x3c CMakeFiles/push.dir/C_/Pico/pico-sdk/src/rp2_common/pico_standard_link/binary_info.c.obj
 .rodata.__bi_44
                0x1000829c        0xc CMakeFiles/push.dir/C_/Pico/pico-sdk/src/rp2_common/pico_standard_link/binary_info.c.obj
 .rodata.__bi_75
                0x100082a8        0xc CMakeFiles/push.dir/C_/Pico/pico-sdk/src/rp2_common/pico_standard_link/binary_info.c.obj
 .rodata.__bi_81
                0x100082b4        0xc CMakeFiles/push.dir/C_/Pico/pico-sdk/src/rp2_common/pico_standard_link/binary_info.c.obj
 .rodata.crlf_str.3
                0x100082c0        0x2 CMakeFiles/push.dir/C_/Pico/pico-sdk/src/rp2_common/pico_stdio/stdio.c.obj
 *fill*         0x100082c2        0x2 
 .rodata._resetd_driver
                0x100082c4       0x18 CMakeFiles/push.dir/C_/Pico/pico-sdk/src/rp2_common/pico_stdio_usb/reset_interface.c.obj
 .rodata.stdio_usb_init.str1.4
                0x100082dc       0x57 CMakeFiles/push.dir/C_/Pico/pico-sdk/src/rp2_common/pico_stdio_usb/stdio_usb.c.obj
 .rodata.str1.4
                0x100082dc       0x13 CMakeFiles/push.dir/C_/Pico/pico-sdk/src/rp2_common/pico_stdio_usb/stdio_usb.c.obj
 *fill*         0x100082ef        0x1 
 .rodata.__bi_93.1
                0x100082f0        0xc CMakeFiles/push.dir/C_/Pico/pico-sdk/src/rp2_common/pico_stdio_usb/stdio_usb.c.obj
 .rodata.__func__.0
                0x100082fc       0x15 CMakeFiles/push.dir/C_/Pico/pico-sdk/src/rp2_common/pico_stdio_usb/stdio_usb.c.obj
 *fill*         0x10008311        0x3 
 .rodata.str1.4
                0x10008314       0x2a CMakeFiles/push.dir/C_/Pico/pico-sdk/src/rp2_common/pico_stdio_usb/stdio_usb_descriptors.c.obj
 *fill*         0x1000833e        0x2 
 .rodata.usbd_desc_cfg
                0x10008340       0x54 CMakeFiles/push.dir/C_/Pico/pico-sdk/src/rp2_common/pico_stdio_usb/stdio_usb_descriptors.c.obj
 .rodata.usbd_desc_device
                0x10008394       0x12 CMakeFiles/push.dir/C_/Pico/pico-sdk/src/rp2_common/pico_stdio_usb/stdio_usb_descriptors.c.obj
 *fill*         0x100083a6        0x2 
 .rodata.usbd_desc_str
                0x100083a8       0x18 CMakeFiles/push.dir/C_/Pico/pico-sdk/src/rp2_common/pico_stdio_usb/stdio_usb_descriptors.c.obj
 .rodata._hw_endpoint_alloc.str1.4
                0x100083c0       0xad CMakeFiles/push.dir/C_/Pico/pico-sdk/lib/tinyusb/src/portable/raspberrypi/rp2040/dcd_rp2040.c.obj
 *fill*         0x1000846d        0x3 
 .rodata._hw_endpoint_init.str1.4
                0x10008470       0x28 CMakeFiles/push.dir/C_/Pico/pico-sdk/lib/tinyusb/src/portable/raspberrypi/rp2040/dcd_rp2040.c.obj
 .rodata.hw_handle_buff_status.str1.4
                0x10008498        0xb CMakeFiles/push.dir/C_/Pico/pico-sdk/lib/tinyusb/src/portable/raspberrypi/rp2040/dcd_rp2040.c.obj
 *fill*         0x100084a3        0x1 
 .rodata.dcd_rp2040_irq.str1.4
                0x100084a4       0x14 CMakeFiles/push.dir/C_/Pico/pico-sdk/lib/tinyusb/src/portable/raspberrypi/rp2040/dcd_rp2040.c.obj
 .rodata._hw_endpoint_stall.str1.4
                0x100084b8        0xd CMakeFiles/push.dir/C_/Pico/pico-sdk/lib/tinyusb/src/portable/raspberrypi/rp2040/dcd_rp2040.c.obj
 *fill*         0x100084c5        0x3 
 .rodata.dcd_int_enable.str1.4
                0x100084c8        0xc CMakeFiles/push.dir/C_/Pico/pico-sdk/lib/tinyusb/src/portable/raspberrypi/rp2040/dcd_rp2040.c.obj
 .rodata.__func__.0
                0x100084d4       0x15 CMakeFiles/push.dir/C_/Pico/pico-sdk/lib/tinyusb/src/portable/raspberrypi/rp2040/dcd_rp2040.c.obj
 *fill*         0x100084e9        0x3 
 .rodata.__func__.1
                0x100084ec       0x13 CMakeFiles/push.dir/C_/Pico/pico-sdk/lib/tinyusb/src/portable/raspberrypi/rp2040/dcd_rp2040.c.obj
 *fill*         0x100084ff        0x1 
 .rodata.__func__.11
                0x10008500        0xf CMakeFiles/push.dir/C_/Pico/pico-sdk/lib/tinyusb/src/portable/raspberrypi/rp2040/dcd_rp2040.c.obj
 *fill*         0x1000850f        0x1 
 .rodata.__func__.12
                0x10008510       0x13 CMakeFiles/push.dir/C_/Pico/pico-sdk/lib/tinyusb/src/portable/raspberrypi/rp2040/dcd_rp2040.c.obj
 *fill*         0x10008523        0x1 
 .rodata.__func__.13
                0x10008524       0x16 CMakeFiles/push.dir/C_/Pico/pico-sdk/lib/tinyusb/src/portable/raspberrypi/rp2040/dcd_rp2040.c.obj
 *fill*         0x1000853a        0x2 
 .rodata.__func__.14
                0x1000853c        0x9 CMakeFiles/push.dir/C_/Pico/pico-sdk/lib/tinyusb/src/portable/raspberrypi/rp2040/dcd_rp2040.c.obj
 *fill*         0x10008545        0x3 
 .rodata.__func__.2
                0x10008548        0xf CMakeFiles/push.dir/C_/Pico/pico-sdk/lib/tinyusb/src/portable/raspberrypi/rp2040/dcd_rp2040.c.obj
 *fill*         0x10008557        0x1 
 .rodata.__func__.3
                0x10008558        0xe CMakeFiles/push.dir/C_/Pico/pico-sdk/lib/tinyusb/src/portable/raspberrypi/rp2040/dcd_rp2040.c.obj
 *fill*         0x10008566        0x2 
 .rodata.__func__.4
                0x10008568        0xe CMakeFiles/push.dir/C_/Pico/pico-sdk/lib/tinyusb/src/portable/raspberrypi/rp2040/dcd_rp2040.c.obj
 *fill*         0x10008576        0x2 
 .rodata.__func__.5
                0x10008578       0x1a CMakeFiles/push.dir/C_/Pico/pico-sdk/lib/tinyusb/src/portable/raspberrypi/rp2040/dcd_rp2040.c.obj
 *fill*         0x10008592        0x2 
 .rodata.__func__.6
                0x10008594        0xc CMakeFiles/push.dir/C_/Pico/pico-sdk/lib/tinyusb/src/portable/raspberrypi/rp2040/dcd_rp2040.c.obj
 .rodata.__func__.9
                0x100085a0       0x10 CMakeFiles/push.dir/C_/Pico/pico-sdk/lib/tinyusb/src/portable/raspberrypi/rp2040/dcd_rp2040.c.obj
 .rodata._hw_endpoint_buffer_control_update32.str1.4
                0x100085b0       0x1f CMakeFiles/push.dir/C_/Pico/pico-sdk/lib/tinyusb/src/portable/raspberrypi/rp2040/rp2040_usb.c.obj
 *fill*         0x100085cf        0x1 
 .rodata._hw_endpoint_xfer_sync.str1.4
                0x100085d0       0x89 CMakeFiles/push.dir/C_/Pico/pico-sdk/lib/tinyusb/src/portable/raspberrypi/rp2040/rp2040_usb.c.obj
 *fill*         0x10008659        0x3 
 .rodata._hw_endpoint_xfer_continue.str1.4
                0x1000865c       0x50 CMakeFiles/push.dir/C_/Pico/pico-sdk/lib/tinyusb/src/portable/raspberrypi/rp2040/rp2040_usb.c.obj
 .rodata._hw_endpoint_xfer.str1.4
                0x100086ac        0xf CMakeFiles/push.dir/C_/Pico/pico-sdk/lib/tinyusb/src/portable/raspberrypi/rp2040/rp2040_usb.c.obj
 *fill*         0x100086bb        0x1 
 .rodata.str1.4
                0x100086bc        0x7 CMakeFiles/push.dir/C_/Pico/pico-sdk/lib/tinyusb/src/portable/raspberrypi/rp2040/rp2040_usb.c.obj
 *fill*         0x100086c3        0x1 
 .rodata.__func__.0
                0x100086c4       0x12 CMakeFiles/push.dir/C_/Pico/pico-sdk/lib/tinyusb/src/portable/raspberrypi/rp2040/rp2040_usb.c.obj
 *fill*         0x100086d6        0x2 
 .rodata.__func__.1
                0x100086d8       0x17 CMakeFiles/push.dir/C_/Pico/pico-sdk/lib/tinyusb/src/portable/raspberrypi/rp2040/rp2040_usb.c.obj
 *fill*         0x100086ef        0x1 
 .rodata.process_set_config.str1.4
                0x100086f0       0x17 CMakeFiles/push.dir/C_/Pico/pico-sdk/lib/tinyusb/src/device/usbd.c.obj
 *fill*         0x10008707        0x1 
 .rodata.process_get_descriptor
                0x10008708       0x40 CMakeFiles/push.dir/C_/Pico/pico-sdk/lib/tinyusb/src/device/usbd.c.obj
 .rodata.process_control_request
                0x10008748       0x28 CMakeFiles/push.dir/C_/Pico/pico-sdk/lib/tinyusb/src/device/usbd.c.obj
 .rodata.tud_task
                0x10008770       0x24 CMakeFiles/push.dir/C_/Pico/pico-sdk/lib/tinyusb/src/device/usbd.c.obj
 .rodata.__func__.2
                0x10008794        0xf CMakeFiles/push.dir/C_/Pico/pico-sdk/lib/tinyusb/src/device/usbd.c.obj
 *fill*         0x100087a3        0x1 
 .rodata.__func__.3
                0x100087a4        0xf CMakeFiles/push.dir/C_/Pico/pico-sdk/lib/tinyusb/src/device/usbd.c.obj
 *fill*         0x100087b3        0x1 
 .rodata.__func__.4
                0x100087b4       0x14 CMakeFiles/push.dir/C_/Pico/pico-sdk/lib/tinyusb/src/device/usbd.c.obj
 .rodata.__func__.5
                0x100087c8       0x10 CMakeFiles/push.dir/C_/Pico/pico-sdk/lib/tinyusb/src/device/usbd.c.obj
 .rodata.__func__.6
                0x100087d8       0x17 CMakeFiles/push.dir/C_/Pico/pico-sdk/lib/tinyusb/src/device/usbd.c.obj
 *fill*         0x100087ef        0x1 
 .rodata.__func__.7
                0x100087f0       0x13 CMakeFiles/push.dir/C_/Pico/pico-sdk/lib/tinyusb/src/device/usbd.c.obj
 *fill*         0x10008803        0x1 
 .rodata.__func__.8
                0x10008804       0x18 CMakeFiles/push.dir/C_/Pico/pico-sdk/lib/tinyusb/src/device/usbd.c.obj
 .rodata.__func__.9
                0x1000881c        0x9 CMakeFiles/push.dir/C_/Pico/pico-sdk/lib/tinyusb/src/device/usbd.c.obj
 *fill*         0x10008825        0x3 
 .rodata._usbd_driver
                0x10008828       0x18 CMakeFiles/push.dir/C_/Pico/pico-sdk/lib/tinyusb/src/device/usbd.c.obj
 .rodata.tud_control_xfer.str1.4
                0x10008840       0x17 CMakeFiles/push.dir/C_/Pico/pico-sdk/lib/tinyusb/src/device/usbd_control.c.obj
 .rodata.__func__.0
                0x10008840       0x15 CMakeFiles/push.dir/C_/Pico/pico-sdk/lib/tinyusb/src/device/usbd_control.c.obj
 *fill*         0x10008855        0x3 
 .rodata.__func__.1
                0x10008858       0x11 CMakeFiles/push.dir/C_/Pico/pico-sdk/lib/tinyusb/src/device/usbd_control.c.obj
 .rodata.tud_cdc_n_write_flush.str1.4
                0x10008869       0x17 CMakeFiles/push.dir/C_/Pico/pico-sdk/lib/tinyusb/src/class/cdc/cdc_device.c.obj
 *fill*         0x10008869        0x3 
 .rodata.__func__.0
                0x1000886c        0xd CMakeFiles/push.dir/C_/Pico/pico-sdk/lib/tinyusb/src/class/cdc/cdc_device.c.obj
 *fill*         0x10008879        0x3 
 .rodata.__func__.1
                0x1000887c        0xa CMakeFiles/push.dir/C_/Pico/pico-sdk/lib/tinyusb/src/class/cdc/cdc_device.c.obj
 *fill*         0x10008886        0x2 
 .rodata.__func__.2
                0x10008888       0x16 CMakeFiles/push.dir/C_/Pico/pico-sdk/lib/tinyusb/src/class/cdc/cdc_device.c.obj
 .rodata.tusb_init.str1.4
                0x1000889e       0x17 CMakeFiles/push.dir/C_/Pico/pico-sdk/lib/tinyusb/src/tusb.c.obj
 *fill*         0x1000889e        0x2 
 .rodata.__func__.0
                0x100088a0        0xa CMakeFiles/push.dir/C_/Pico/pico-sdk/lib/tinyusb/src/tusb.c.obj
 *fill*         0x100088aa        0x2 
 .rodata.pico_get_unique_board_id_string.str1.4
                0x100088ac       0x43 CMakeFiles/push.dir/C_/Pico/pico-sdk/src/rp2_common/pico_unique_id/unique_id.c.obj
 *fill*         0x100088ef        0x1 
 .rodata.__func__.0
                0x100088f0       0x20 CMakeFiles/push.dir/C_/Pico/pico-sdk/src/rp2_common/pico_unique_id/unique_id.c.obj
 .rodata.str1.4
                0x10008910      0x14e CMakeFiles/push.dir/C_/Pico/pico-sdk/src/rp2_common/hardware_flash/flash.c.obj
 *fill*         0x10008a5e        0x2 
 .rodata.__func__.0
                0x10008a60        0xd CMakeFiles/push.dir/C_/Pico/pico-sdk/src/rp2_common/hardware_flash/flash.c.obj
 *fill*         0x10008a6d        0x3 
 .rodata.multicore_lockout_start_block_until.str1.4
                0x10008a70       0x53 CMakeFiles/push.dir/C_/Pico/pico-sdk/src/rp2_common/pico_multicore/multicore.c.obj
 *fill*         0x10008ac3        0x1 
 .rodata.multicore_launch_core1_with_stack.str1.4
                0x10008ac4       0x19 CMakeFiles/push.dir/C_/Pico/pico-sdk/src/rp2_common/pico_multicore/multicore.c.obj
 *fill*         0x10008add        0x3 
 .rodata.__func__.2
                0x10008ae0       0x22 CMakeFiles/push.dir/C_/Pico/pico-sdk/src/rp2_common/pico_multicore/multicore.c.obj
                0x10008b04                . = ALIGN (0x4)
 *fill*         0x10008b02        0x2 
 *(SORT_BY_ALIGNMENT(SORT_BY_NAME(.flashdata*)))
                0x10008b04                . = ALIGN (0x4)

.rel.dyn        0x10008b04        0x0
 .rel.iplt      0x10008b04        0x0 c:/progra~2/gnuarm~1/102021~1.10/bin/../lib/gcc/arm-none-eabi/10.3.1/thumb/v6-m/nofp/crtbegin.o

.ARM.extab
 *(.ARM.extab* .gnu.linkonce.armextab.*)
                0x10008b04                __exidx_start = .

.ARM.exidx
 *(.ARM.exidx* .gnu.linkonce.armexidx.*)
                0x10008b04                __exidx_end = .
                0x10008b04                . = ALIGN (0x4)
                0x10008b04                __binary_info_start = .

.binary_info    0x10008b04       0x20
 *(.binary_info.keep.*)
 .binary_info.keep.__bi_ptr22
                0x10008b04        0x4 CMakeFiles/push.dir/C_/Pico/pico-sdk/src/rp2_common/pico_standard_link/binary_info.c.obj
 .binary_info.keep.__bi_ptr30
                0x10008b08        0x4 CMakeFiles/push.dir/C_/Pico/pico-sdk/src/rp2_common/pico_standard_link/binary_info.c.obj
 .binary_info.keep.__bi_ptr38
                0x10008b0c        0x4 CMakeFiles/push.dir/C_/Pico/pico-sdk/src/rp2_common/pico_standard_link/binary_info.c.obj
 .binary_info.keep.__bi_ptr44
                0x10008b10        0x4 CMakeFiles/push.dir/C_/Pico/pico-sdk/src/rp2_common/pico_standard_link/binary_info.c.obj
 .binary_info.keep.__bi_ptr50
                0x10008b14        0x4 CMakeFiles/push.dir/C_/Pico/pico-sdk/src/rp2_common/pico_standard_link/binary_info.c.obj
 .binary_info.keep.__bi_ptr75
                0x10008b18        0x4 CMakeFiles/push.dir/C_/Pico/pico-sdk/src/rp2_common/pico_standard_link/binary_info.c.obj
 .binary_info.keep.__bi_ptr81
                0x10008b1c        0x4 CMakeFiles/push.dir/C_/Pico/pico-sdk/src/rp2_common/pico_standard_link/binary_info.c.obj
 *(.binary_info.*)
 .binary_info.__bi_ptr93
                0x10008b20        0x4 CMakeFiles/push.dir/C_/Pico/pico-sdk/src/rp2_common/pico_stdio_usb/stdio_usb.c.obj
                0x10008b24                __binary_info_end = .
                0x10008b24                . = ALIGN (0x4)
                0x10008b24                __etext = .

.ram_vector_table
                0x20000000       0xc0
 *(.ram_vector_table)
 .ram_vector_table
                0x20000000       0xc0 CMakeFiles/push.dir/C_/Pico/pico-sdk/src/rp2_common/pico_runtime/runtime.c.obj
                0x20000000                ram_vector_table

.data           0x200000c0      0x508 load address 0x10008b24
                0x200000c0                __data_start__ = .
 *(vtable)
 *(.time_critical*)
 .time_critical.mutex_enter_blocking
                0x200000c0       0x94 CMakeFiles/push.dir/C_/Pico/pico-sdk/src/common/pico_sync/mutex.c.obj
                0x200000c0                mutex_enter_blocking
 .time_critical.mutex_try_enter
                0x20000154       0x5a CMakeFiles/push.dir/C_/Pico/pico-sdk/src/common/pico_sync/mutex.c.obj
                0x20000154                mutex_try_enter
 *fill*         0x200001ae        0x2 
 .time_critical.mutex_enter_block_until
                0x200001b0       0x8c CMakeFiles/push.dir/C_/Pico/pico-sdk/src/common/pico_sync/mutex.c.obj
                0x200001b0                mutex_enter_block_until
 .time_critical.mutex_enter_timeout_ms
                0x2000023c       0x74 CMakeFiles/push.dir/C_/Pico/pico-sdk/src/common/pico_sync/mutex.c.obj
                0x2000023c                mutex_enter_timeout_ms
 .time_critical.mutex_exit
                0x200002b0       0x94 CMakeFiles/push.dir/C_/Pico/pico-sdk/src/common/pico_sync/mutex.c.obj
                0x200002b0                mutex_exit
 .time_critical.flash_init_boot2_copyout
                0x20000344       0x30 CMakeFiles/push.dir/C_/Pico/pico-sdk/src/rp2_common/hardware_flash/flash.c.obj
 .time_critical.flash_enable_xip_via_boot2
                0x20000374       0x10 CMakeFiles/push.dir/C_/Pico/pico-sdk/src/rp2_common/hardware_flash/flash.c.obj
 .time_critical.flash_cs_force
                0x20000384       0x28 CMakeFiles/push.dir/C_/Pico/pico-sdk/src/rp2_common/hardware_flash/flash.c.obj
 .time_critical.flash_do_cmd
                0x200003ac       0xc0 CMakeFiles/push.dir/C_/Pico/pico-sdk/src/rp2_common/hardware_flash/flash.c.obj
                0x200003ac                flash_do_cmd
 *(.text*)
 .text          0x2000046c        0x4 c:/progra~2/gnuarm~1/102021~1.10/bin/../lib/gcc/arm-none-eabi/10.3.1/thumb/v6-m/nofp\libgcc.a(_dvmd_tls.o)
                0x2000046c                __aeabi_idiv0
                0x2000046c                __aeabi_ldiv0
 .text.__stub   0x20000470       0x50 linker stubs
                0x200004c0                . = ALIGN (0x4)
 *(.rodata*)
                0x200004c0                . = ALIGN (0x4)
 *(.data*)
 .data.START_CYCLE
                0x200004c0        0x1 CMakeFiles/push.dir/push.c.obj
                0x200004c0                START_CYCLE
 .data.striped_spin_lock_num
                0x200004c1        0x1 CMakeFiles/push.dir/C_/Pico/pico-sdk/src/rp2_common/hardware_sync/sync.c.obj
 *fill*         0x200004c2        0x2 
 .data.default_alarm_pool
                0x200004c4       0x18 CMakeFiles/push.dir/C_/Pico/pico-sdk/src/common/pico_time/time.c.obj
 .data.default_alarm_pool_heap
                0x200004dc       0x10 CMakeFiles/push.dir/C_/Pico/pico-sdk/src/common/pico_time/time.c.obj
 .data          0x200004ec       0x48 CMakeFiles/push.dir/C_/Pico/pico-sdk/src/rp2_common/hardware_irq/irq_handler_chain.S.obj
                0x200004ec                irq_handler_chain_slots
                0x2000051c                irq_handler_chain_first_slot
                0x20000526                irq_handler_chain_remove_tail
 *fill*         0x20000534        0xc 
 .data.aeabi_bits_funcs
                0x20000540       0x10 CMakeFiles/push.dir/C_/Pico/pico-sdk/src/rp2_common/pico_bit_ops/bit_ops_aeabi.S.obj
                0x20000540                aeabi_bits_funcs
                0x20000550                aeabi_bits_funcs_end
 .data.aeabi_mem_funcs
                0x20000550       0x10 CMakeFiles/push.dir/C_/Pico/pico-sdk/src/rp2_common/pico_mem_ops/mem_ops_aeabi.S.obj
                0x20000550                aeabi_mem_funcs
                0x20000560                aeabi_mem_funcs_end
 .data.stdio_usb
                0x20000560       0x14 CMakeFiles/push.dir/C_/Pico/pico-sdk/src/rp2_common/pico_stdio_usb/stdio_usb.c.obj
                0x20000560                stdio_usb
 .data.ep_dir_string
                0x20000574        0x8 CMakeFiles/push.dir/C_/Pico/pico-sdk/lib/tinyusb/src/portable/raspberrypi/rp2040/rp2040_usb.c.obj
                0x20000574                ep_dir_string
 .data._usbd_qdef
                0x2000057c       0x24 CMakeFiles/push.dir/C_/Pico/pico-sdk/lib/tinyusb/src/device/usbd.c.obj
                0x2000057c                _usbd_qdef
                0x200005a0                . = ALIGN (0x4)
 *(.after_data.*)
                0x200005a0                . = ALIGN (0x4)
                0x200005a0                PROVIDE (__mutex_array_start = .)
 *(SORT_BY_NAME(.mutex_array.*))
 *(.mutex_array)
 .mutex_array   0x200005a0        0x8 CMakeFiles/push.dir/C_/Pico/pico-sdk/src/rp2_common/pico_malloc/pico_malloc.c.obj
 .mutex_array   0x200005a8        0x8 CMakeFiles/push.dir/C_/Pico/pico-sdk/src/rp2_common/pico_stdio/stdio.c.obj
                0x200005b0                PROVIDE (__mutex_array_end = .)
                0x200005b0                . = ALIGN (0x4)
                0x200005b0                PROVIDE (__preinit_array_start = .)
 *(SORT_BY_NAME(.preinit_array.*))
 .preinit_array.00001
                0x200005b0        0x4 CMakeFiles/push.dir/C_/Pico/pico-sdk/src/rp2_common/pico_mem_ops/mem_ops_aeabi.S.obj
 .preinit_array.00010
                0x200005b4        0x4 CMakeFiles/push.dir/C_/Pico/pico-sdk/src/rp2_common/pico_bit_ops/bit_ops_aeabi.S.obj
 .preinit_array.00020
                0x200005b8        0x4 CMakeFiles/push.dir/C_/Pico/pico-sdk/src/rp2_common/pico_double/double_aeabi.S.obj
 .preinit_array.00020
                0x200005bc        0x4 CMakeFiles/push.dir/C_/Pico/pico-sdk/src/rp2_common/pico_float/float_aeabi.S.obj
 *(.preinit_array)
                0x200005c0                PROVIDE (__preinit_array_end = .)
                0x200005c0                . = ALIGN (0x4)
                0x200005c0                PROVIDE (__init_array_start = .)
 *(SORT_BY_NAME(.init_array.*))
 *(.init_array)
 .init_array    0x200005c0        0x4 c:/progra~2/gnuarm~1/102021~1.10/bin/../lib/gcc/arm-none-eabi/10.3.1/thumb/v6-m/nofp/crtbegin.o
 .init_array    0x200005c4        0x4 CMakeFiles/push.dir/C_/Pico/pico-sdk/src/rp2_common/pico_unique_id/unique_id.c.obj
                0x200005c8                PROVIDE (__init_array_end = .)
                0x200005c8                . = ALIGN (0x4)
                [!provide]                PROVIDE (__fini_array_start = .)
 *(SORT_BY_NAME(.fini_array.*))
 *(.fini_array)
                [!provide]                PROVIDE (__fini_array_end = .)
 *(.jcr)
                0x200005c8                . = ALIGN (0x4)
                0x200005c8                __data_end__ = .

.igot.plt       0x200005c8        0x0 load address 0x1000902c
 .igot.plt      0x200005c8        0x0 c:/progra~2/gnuarm~1/102021~1.10/bin/../lib/gcc/arm-none-eabi/10.3.1/thumb/v6-m/nofp/crtbegin.o

.uninitialized_data
                0x200005c8        0x0 load address 0x1000902c
                0x200005c8                . = ALIGN (0x4)
 *(.uninitialized_data*)

.scratch_x      0x20040000        0x0 load address 0x1000902c
                0x20040000                __scratch_x_start__ = .
 *(.scratch_x.*)
                0x20040000                . = ALIGN (0x4)
                0x20040000                __scratch_x_end__ = .
                0x1000902c                __scratch_x_source__ = LOADADDR (.scratch_x)

.scratch_y      0x20041000        0x0 load address 0x1000902c
                0x20041000                __scratch_y_start__ = .
 *(.scratch_y.*)
                0x20041000                . = ALIGN (0x4)
                0x20041000                __scratch_y_end__ = .
                0x1000902c                __scratch_y_source__ = LOADADDR (.scratch_y)

.bss            0x200005c8      0xd60
                0x200005c8                . = ALIGN (0x4)
                0x200005c8                __bss_start__ = .
 *(SORT_BY_ALIGNMENT(SORT_BY_NAME(.bss*)))
 .bss.default_alarm_pool_entries
                0x200005c8      0x100 CMakeFiles/push.dir/C_/Pico/pico-sdk/src/common/pico_time/time.c.obj
 .bss.last_avail_time.2
                0x200006c8        0x8 CMakeFiles/push.dir/C_/Pico/pico-sdk/src/rp2_common/pico_stdio_usb/stdio_usb.c.obj
 .bss           0x200006d0       0x1c c:/progra~2/gnuarm~1/102021~1.10/bin/../lib/gcc/arm-none-eabi/10.3.1/thumb/v6-m/nofp/crtbegin.o
 .bss._app_driver
                0x200006ec        0x4 CMakeFiles/push.dir/C_/Pico/pico-sdk/lib/tinyusb/src/device/usbd.c.obj
 .bss._cdcd_itf
                0x200006f0      0x2d8 CMakeFiles/push.dir/C_/Pico/pico-sdk/lib/tinyusb/src/class/cdc/cdc_device.c.obj
 .bss._ctrl_xfer
                0x200009c8       0x14 CMakeFiles/push.dir/C_/Pico/pico-sdk/lib/tinyusb/src/device/usbd_control.c.obj
 .bss._ubsd_mutexdef
                0x200009dc        0x8 CMakeFiles/push.dir/C_/Pico/pico-sdk/lib/tinyusb/src/device/usbd.c.obj
 .bss._usbd_ctrl_buf
                0x200009e4       0x40 CMakeFiles/push.dir/C_/Pico/pico-sdk/lib/tinyusb/src/device/usbd_control.c.obj
 .bss._usbd_dev
                0x20000a24       0x37 CMakeFiles/push.dir/C_/Pico/pico-sdk/lib/tinyusb/src/device/usbd.c.obj
 *fill*         0x20000a5b        0x1 
 .bss._usbd_mutex
                0x20000a5c        0x4 CMakeFiles/push.dir/C_/Pico/pico-sdk/lib/tinyusb/src/device/usbd.c.obj
 .bss._usbd_q   0x20000a60        0x4 CMakeFiles/push.dir/C_/Pico/pico-sdk/lib/tinyusb/src/device/usbd.c.obj
 .bss._usbd_qdef_buf
                0x20000a64       0xc0 CMakeFiles/push.dir/C_/Pico/pico-sdk/lib/tinyusb/src/device/usbd.c.obj
                0x20000a64                _usbd_qdef_buf
 .bss.alarm_callbacks
                0x20000b24       0x10 CMakeFiles/push.dir/C_/Pico/pico-sdk/src/rp2_common/hardware_timer/timer.c.obj
 .bss.boot2_copyout
                0x20000b34      0x100 CMakeFiles/push.dir/C_/Pico/pico-sdk/src/rp2_common/hardware_flash/flash.c.obj
 .bss.claimed   0x20000c34        0x4 CMakeFiles/push.dir/C_/Pico/pico-sdk/src/rp2_common/hardware_sync/sync.c.obj
 .bss.configured_freq
                0x20000c38       0x28 CMakeFiles/push.dir/C_/Pico/pico-sdk/src/rp2_common/hardware_clocks/clocks.c.obj
 .bss.default_alarm_pool_entry_ids_high
                0x20000c60       0x10 CMakeFiles/push.dir/C_/Pico/pico-sdk/src/common/pico_time/time.c.obj
 .bss.default_alarm_pool_heap_nodes
                0x20000c70       0x30 CMakeFiles/push.dir/C_/Pico/pico-sdk/src/common/pico_time/time.c.obj
 .bss.desc_str.0
                0x20000ca0       0x28 CMakeFiles/push.dir/C_/Pico/pico-sdk/src/rp2_common/pico_stdio_usb/stdio_usb_descriptors.c.obj
 .bss.drivers   0x20000cc8        0x4 CMakeFiles/push.dir/C_/Pico/pico-sdk/src/rp2_common/pico_stdio/stdio.c.obj
 .bss.filter    0x20000ccc        0x4 CMakeFiles/push.dir/C_/Pico/pico-sdk/src/rp2_common/pico_stdio/stdio.c.obj
 .bss.hw_endpoints